<html>
<body>
<pre>
<h1>µVision Build Log</h1>
<h2>Tool Versions:</h2>
IDE-Version: µVision V5.36.0.0
Copyright (C) 2021 ARM Ltd and ARM Germany GmbH. All rights reserved.
License Information: tomasz granowski, piwko, LIC=----
 
Tool Versions:
Toolchain:       MDK-Lite  Version: 5.36.0.0
Toolchain Path:  C:\Keil_v5\ARM\ARMCLANG\Bin
C Compiler:      ArmClang.exe V6.16
Assembler:       Armasm.exe V6.16
Linker/Locator:  ArmLink.exe V6.16
Library Manager: ArmAr.exe V6.16
Hex Converter:   FromElf.exe V6.16
CPU DLL:         SARMCM3.DLL V5.36.0.0
Dialog DLL:      DARMCM1.DLL V1.19.4.0
Target DLL:      Segger\JL2CM3.dll V2.99.40.0
Dialog DLL:      TARMCM1.DLL V1.14.4.0
 
<h2>Project:</h2>
C:\Users\rt04\Documents\WeatherStationbyTG\weatherstation.uvprojx
Project File Date:  01/11/2026

<h2>Output:</h2>
*** Using Compiler 'V6.16', folder: 'C:\Keil_v5\ARM\ARMCLANG\Bin'
Build target 'FRDM-KL05ZJ'
main.c(26): warning: no previous prototype for function 'Klaw_Init' [-Wmissing-prototypes]
void Klaw_Init(void)
     ^
main.c(26): note: declare 'static' if the function is not intended to be used outside of this translation unit
void Klaw_Init(void)
^
static 
main.c(38): warning: no previous prototype for function 'Klaw_S2_4_Int' [-Wmissing-prototypes]
void Klaw_S2_4_Int(void)
     ^
main.c(38): note: declare 'static' if the function is not intended to be used outside of this translation unit
void Klaw_S2_4_Int(void)
^
static 
main.c(48): warning: no previous prototype for function 'LED_Init' [-Wmissing-prototypes]
void LED_Init(void)
     ^
main.c(48): note: declare 'static' if the function is not intended to be used outside of this translation unit
void LED_Init(void)
^
static 
main.c(60): warning: no previous extern declaration for non-static variable 'sys_ms' [-Wmissing-variable-declarations]
volatile uint32_t sys_ms = 0;
                  ^
main.c(60): note: declare 'static' if the variable is not intended to be used outside of this translation unit
volatile uint32_t sys_ms = 0;
         ^
main.c(62): warning: no previous extern declaration for non-static variable 'T_min' [-Wmissing-variable-declarations]
int T_min = 18, T_max = 24;
    ^
main.c(62): note: declare 'static' if the variable is not intended to be used outside of this translation unit
int T_min = 18, T_max = 24;
^
main.c(62): warning: no previous extern declaration for non-static variable 'T_max' [-Wmissing-variable-declarations]
int T_min = 18, T_max = 24;
                ^
main.c(62): note: declare 'static' if the variable is not intended to be used outside of this translation unit
int T_min = 18, T_max = 24;
^
main.c(63): warning: no previous extern declaration for non-static variable 'H_min' [-Wmissing-variable-declarations]
int H_min = 30, H_max = 60;
    ^
main.c(63): note: declare 'static' if the variable is not intended to be used outside of this translation unit
int H_min = 30, H_max = 60;
^
main.c(63): warning: no previous extern declaration for non-static variable 'H_max' [-Wmissing-variable-declarations]
int H_min = 30, H_max = 60;
                ^
main.c(63): note: declare 'static' if the variable is not intended to be used outside of this translation unit
int H_min = 30, H_max = 60;
^
main.c(65): warning: no previous extern declaration for non-static variable 'S2_press' [-Wmissing-variable-declarations]
volatile uint8_t S2_press = 0;
                 ^
main.c(65): note: declare 'static' if the variable is not intended to be used outside of this translation unit
volatile uint8_t S2_press = 0;
         ^
main.c(66): warning: no previous extern declaration for non-static variable 'S3_press' [-Wmissing-variable-declarations]
volatile uint8_t S3_press = 0;
                 ^
main.c(66): note: declare 'static' if the variable is not intended to be used outside of this translation unit
volatile uint8_t S3_press = 0;
         ^
main.c(67): warning: no previous extern declaration for non-static variable 'S4_press' [-Wmissing-variable-declarations]
volatile uint8_t S4_press = 0;
                 ^
main.c(67): note: declare 'static' if the variable is not intended to be used outside of this translation unit
volatile uint8_t S4_press = 0;
         ^
main.c(68): warning: no previous extern declaration for non-static variable 'ui_mode' [-Wmissing-variable-declarations]
volatile uint8_t ui_mode = 0;
                 ^
main.c(68): note: declare 'static' if the variable is not intended to be used outside of this translation unit
volatile uint8_t ui_mode = 0;
         ^
main.c(69): warning: no previous extern declaration for non-static variable 'mode' [-Wmissing-variable-declarations]
volatile uint8_t mode = 0;
                 ^
main.c(69): note: declare 'static' if the variable is not intended to be used outside of this translation unit
volatile uint8_t mode = 0;
         ^
main.c(70): warning: no previous extern declaration for non-static variable 'meas_state' [-Wmissing-variable-declarations]
uint8_t meas_state = 0;      // 0 = idle, 1 = wait, 2 = read
        ^
main.c(70): note: declare 'static' if the variable is not intended to be used outside of this translation unit
uint8_t meas_state = 0;      // 0 = idle, 1 = wait, 2 = read
^
main.c(71): warning: no previous extern declaration for non-static variable 'meas_timer' [-Wmissing-variable-declarations]
uint32_t meas_timer = 0;
         ^
main.c(71): note: declare 'static' if the variable is not intended to be used outside of this translation unit
uint32_t meas_timer = 0;
^
main.c(77): warning: no previous extern declaration for non-static variable 'blink_timer' [-Wmissing-variable-declarations]
uint32_t blink_timer = 0;
         ^
main.c(77): note: declare 'static' if the variable is not intended to be used outside of this translation unit
uint32_t blink_timer = 0;
^
main.c(78): warning: no previous extern declaration for non-static variable 'blink_state' [-Wmissing-variable-declarations]
uint8_t  blink_state = 0;
         ^
main.c(78): note: declare 'static' if the variable is not intended to be used outside of this translation unit
uint8_t  blink_state = 0;
^
main.c(79): warning: no previous extern declaration for non-static variable 'blink_count' [-Wmissing-variable-declarations]
uint8_t  blink_count = 0;
         ^
main.c(79): note: declare 'static' if the variable is not intended to be used outside of this translation unit
uint8_t  blink_count = 0;
^
main.c(80): warning: no previous extern declaration for non-static variable 'blink_active' [-Wmissing-variable-declarations]
uint8_t  blink_active = 0;
         ^
main.c(80): note: declare 'static' if the variable is not intended to be used outside of this translation unit
uint8_t  blink_active = 0;
^
main.c(93): warning: no previous prototype for function 'SysTick_Handler' [-Wmissing-prototypes]
void SysTick_Handler(void)
     ^
main.c(93): note: declare 'static' if the function is not intended to be used outside of this translation unit
void SysTick_Handler(void)
^
static 
main.c(101): warning: declaration shadows a variable in the global scope [-Wshadow]
        uint32_t buf;
                 ^
main.c(75): note: previous declaration is here
char buf[17];
     ^
main.c(99): warning: no previous prototype for function 'PORTA_IRQHandler' [-Wmissing-prototypes]
void PORTA_IRQHandler(void)     // Podprogram obslugi przerwania od klawiszy S2, S3 i S4
     ^
main.c(99): note: declare 'static' if the function is not intended to be used outside of this translation unit
void PORTA_IRQHandler(void)     // Podprogram obslugi przerwania od klawiszy S2, S3 i S4
^
static 
main.c(354): warning: implicit conversion loses integer precision: 'int' to 'uint16_t' (aka 'unsigned short') [-Wimplicit-int-conversion]
        uint16_t rawT = (data[0] << 8) | data[1];
                 ~~~~   ~~~~~~~~~~~~~~~^~~~~~~~~
main.c(355): warning: implicit conversion loses integer precision: 'int' to 'uint16_t' (aka 'unsigned short') [-Wimplicit-int-conversion]
        uint16_t rawH = (data[3] << 8) | data[4];
                 ~~~~   ~~~~~~~~~~~~~~~^~~~~~~~~
main.c(375): warning: implicit conversion from 'int' to 'float' may lose precision [-Wimplicit-int-float-conversion]
    uint8_t alarmT = (temperature < T_min || temperature > T_max);
                                                         ~ ^~~~~
main.c(375): warning: implicit conversion from 'int' to 'float' may lose precision [-Wimplicit-int-float-conversion]
    uint8_t alarmT = (temperature < T_min || temperature > T_max);
                                  ~ ^~~~~
main.c(376): warning: implicit conversion from 'int' to 'float' may lose precision [-Wimplicit-int-float-conversion]
    uint8_t alarmH = (humidity < H_min || humidity > H_max);
                                                   ~ ^~~~~
main.c(376): warning: implicit conversion from 'int' to 'float' may lose precision [-Wimplicit-int-float-conversion]
    uint8_t alarmH = (humidity < H_min || humidity > H_max);
                               ~ ^~~~~
main.c(73): warning: no previous extern declaration for non-static variable 'temperature' [-Wmissing-variable-declarations]
float temperature, humidity;
      ^
main.c(73): note: declare 'static' if the variable is not intended to be used outside of this translation unit
float temperature, humidity;
^
main.c(73): warning: no previous extern declaration for non-static variable 'humidity' [-Wmissing-variable-declarations]
float temperature, humidity;
                   ^
main.c(73): note: declare 'static' if the variable is not intended to be used outside of this translation unit
float temperature, humidity;
^
main.c(74): warning: no previous extern declaration for non-static variable 'data' [-Wmissing-variable-declarations]
uint8_t data[6];
        ^
main.c(74): note: declare 'static' if the variable is not intended to be used outside of this translation unit
uint8_t data[6];
^
main.c(75): warning: no previous extern declaration for non-static variable 'buf' [-Wmissing-variable-declarations]
char buf[17];
     ^
main.c(75): note: declare 'static' if the variable is not intended to be used outside of this translation unit
char buf[17];
^
32 warnings generated.
compiling main.c...
linking...
Program Size: Code=7288 RO-data=308 RW-data=28 ZI-data=432  
".\Objects\weatherstation.axf" - 0 Error(s), 32 Warning(s).

<h2>Software Packages used:</h2>

Package Vendor: ARM
                http://www.keil.com/pack/ARM.CMSIS.5.8.0.pack
                ARM.CMSIS.5.8.0
                CMSIS (Common Microcontroller Software Interface Standard)
   * Component: CORE Version: 5.5.0

Package Vendor: Keil
                https://www.keil.com/pack/Keil.Kinetis_KLxx_DFP.1.15.1.pack
                Keil.Kinetis_KLxx_DFP.1.15.1
                NXP Kinetis KLxx Series Device Support and Examples
   * Component: Startup Version: 1.0.0

<h2>Collection of Component include folders:</h2>
  .\RTE\_FRDM-KL05ZJ
  C:\Users\rt04\AppData\Local\Arm\Packs\ARM\CMSIS\5.8.0\CMSIS\Core\Include
  C:\Users\rt04\AppData\Local\Arm\Packs\Keil\Kinetis_KLxx_DFP\1.15.1\Device\Include

<h2>Collection of Component Files used:</h2>

   * Component: ARM::CMSIS:CORE:5.5.0

   * Component: Keil::Device:Startup:1.0.0
      Source file:   Device\Source\ARM\startup_MKL05Z4.s
      Source file:   Device\Source\system_MKL05Z4.c
Build Time Elapsed:  00:00:01
</pre>
</body>
</html>
