Component: ARM Compiler 6.16 Tool: armlink [5dfeaa00]

==============================================================================

Section Cross References

    main.o(.text) refers (Special) to _printf_d.o(.ARM.Collect$$_printf_percent$$00000009) for _printf_d
    main.o(.text) refers (Special) to _printf_dec.o(.text) for _printf_int_dec
    main.o(.text) refers (Special) to _printf_hex_int.o(.text) for _printf_longlong_hex
    main.o(.text) refers (Special) to _printf_percent.o(.ARM.Collect$$_printf_percent$$00000000) for _printf_percent
    main.o(.text) refers (Special) to _printf_pad.o(.text) for _printf_pre_padding
    main.o(.text) refers (Special) to _printf_x.o(.ARM.Collect$$_printf_percent$$0000000C) for _printf_x
    main.o(.text.LED_Init) refers (Special) to _printf_d.o(.ARM.Collect$$_printf_percent$$00000009) for _printf_d
    main.o(.text.LED_Init) refers (Special) to _printf_dec.o(.text) for _printf_int_dec
    main.o(.text.LED_Init) refers (Special) to _printf_hex_int.o(.text) for _printf_longlong_hex
    main.o(.text.LED_Init) refers (Special) to _printf_percent.o(.ARM.Collect$$_printf_percent$$00000000) for _printf_percent
    main.o(.text.LED_Init) refers (Special) to _printf_pad.o(.text) for _printf_pre_padding
    main.o(.text.LED_Init) refers (Special) to _printf_x.o(.ARM.Collect$$_printf_percent$$0000000C) for _printf_x
    main.o(.ARM.exidx.text.LED_Init) refers (Special) to _printf_d.o(.ARM.Collect$$_printf_percent$$00000009) for _printf_d
    main.o(.ARM.exidx.text.LED_Init) refers (Special) to _printf_dec.o(.text) for _printf_int_dec
    main.o(.ARM.exidx.text.LED_Init) refers (Special) to _printf_hex_int.o(.text) for _printf_longlong_hex
    main.o(.ARM.exidx.text.LED_Init) refers (Special) to _printf_percent.o(.ARM.Collect$$_printf_percent$$00000000) for _printf_percent
    main.o(.ARM.exidx.text.LED_Init) refers (Special) to _printf_pad.o(.text) for _printf_pre_padding
    main.o(.ARM.exidx.text.LED_Init) refers (Special) to _printf_x.o(.ARM.Collect$$_printf_percent$$0000000C) for _printf_x
    main.o(.ARM.exidx.text.LED_Init) refers to main.o(.text.LED_Init) for [Anonymous Symbol]
    main.o(.text.Klaw_Init) refers (Special) to _printf_d.o(.ARM.Collect$$_printf_percent$$00000009) for _printf_d
    main.o(.text.Klaw_Init) refers (Special) to _printf_dec.o(.text) for _printf_int_dec
    main.o(.text.Klaw_Init) refers (Special) to _printf_hex_int.o(.text) for _printf_longlong_hex
    main.o(.text.Klaw_Init) refers (Special) to _printf_percent.o(.ARM.Collect$$_printf_percent$$00000000) for _printf_percent
    main.o(.text.Klaw_Init) refers (Special) to _printf_pad.o(.text) for _printf_pre_padding
    main.o(.text.Klaw_Init) refers (Special) to _printf_x.o(.ARM.Collect$$_printf_percent$$0000000C) for _printf_x
    main.o(.ARM.exidx.text.Klaw_Init) refers (Special) to _printf_d.o(.ARM.Collect$$_printf_percent$$00000009) for _printf_d
    main.o(.ARM.exidx.text.Klaw_Init) refers (Special) to _printf_dec.o(.text) for _printf_int_dec
    main.o(.ARM.exidx.text.Klaw_Init) refers (Special) to _printf_hex_int.o(.text) for _printf_longlong_hex
    main.o(.ARM.exidx.text.Klaw_Init) refers (Special) to _printf_percent.o(.ARM.Collect$$_printf_percent$$00000000) for _printf_percent
    main.o(.ARM.exidx.text.Klaw_Init) refers (Special) to _printf_pad.o(.text) for _printf_pre_padding
    main.o(.ARM.exidx.text.Klaw_Init) refers (Special) to _printf_x.o(.ARM.Collect$$_printf_percent$$0000000C) for _printf_x
    main.o(.ARM.exidx.text.Klaw_Init) refers to main.o(.text.Klaw_Init) for [Anonymous Symbol]
    main.o(.text.main) refers (Special) to _printf_d.o(.ARM.Collect$$_printf_percent$$00000009) for _printf_d
    main.o(.text.main) refers (Special) to _printf_dec.o(.text) for _printf_int_dec
    main.o(.text.main) refers (Special) to _printf_hex_int.o(.text) for _printf_longlong_hex
    main.o(.text.main) refers (Special) to _printf_percent.o(.ARM.Collect$$_printf_percent$$00000000) for _printf_percent
    main.o(.text.main) refers (Special) to _printf_pad.o(.text) for _printf_pre_padding
    main.o(.text.main) refers (Special) to _printf_x.o(.ARM.Collect$$_printf_percent$$0000000C) for _printf_x
    main.o(.text.main) refers to main.o(.text.LED_Init) for LED_Init
    main.o(.text.main) refers to main.o(.text.Klaw_Init) for Klaw_Init
    main.o(.text.main) refers to i2c.o(.text.I2C_Init) for I2C_Init
    main.o(.text.main) refers to lcd1602.o(.text.LCD1602_Init) for LCD1602_Init
    main.o(.text.main) refers to i2c.o(.text.I2C_Ping) for I2C_Ping
    main.o(.text.main) refers to lcd1602.o(.text.LCD1602_SetCursor) for LCD1602_SetCursor
    main.o(.text.main) refers to i2c.o(.text.I2C_ReadReg) for I2C_ReadReg
    main.o(.text.main) refers to lcd1602.o(.text.LCD1602_Print) for LCD1602_Print
    main.o(.text.main) refers to i2c.o(.text.I2C_ReadRegBlock) for I2C_ReadRegBlock
    main.o(.text.main) refers to noretval__2sprintf.o(.text) for __2sprintf
[...]
    fcmp.o(i._fneq) refers (Special) to usenofp.o(x$fpl$usenofp) for __I$use$fp
    fcmp.o(i._fneq) refers to feqf.o(x$fpl$feqf) for _fcmpeq
    fdiv.o(.text) refers (Special) to usenofp.o(x$fpl$usenofp) for __I$use$fp
    fdiv.o(.text) refers to fdiv.o(.constdata) for .constdata
    fdiv.o(.constdata) refers (Special) to usenofp.o(x$fpl$usenofp) for __I$use$fp
    ffixi.o(.text) refers (Special) to usenofp.o(x$fpl$usenofp) for __I$use$fp
    fflti.o(.text) refers (Special) to usenofp.o(x$fpl$usenofp) for __I$use$fp
    fmul.o(x$fpl$fmul) refers (Special) to usenofp.o(x$fpl$usenofp) for __I$use$fp
    __rtentry.o(.ARM.Collect$$rtentry$$00000000) refers (Special) to __rtentry2.o(.ARM.Collect$$rtentry$$0000000A) for __rt_entry_li
    __rtentry.o(.ARM.Collect$$rtentry$$00000000) refers (Special) to __rtentry2.o(.ARM.Collect$$rtentry$$0000000D) for __rt_entry_main
    __rtentry.o(.ARM.Collect$$rtentry$$00000000) refers (Special) to __rtentry2.o(.ARM.Collect$$rtentry$$0000000C) for __rt_entry_postli_1
    __rtentry.o(.ARM.Collect$$rtentry$$00000000) refers (Special) to __rtentry2.o(.ARM.Collect$$rtentry$$00000009) for __rt_entry_postsh_1
    __rtentry.o(.ARM.Collect$$rtentry$$00000000) refers (Special) to __rtentry2.o(.ARM.Collect$$rtentry$$00000002) for __rt_entry_presh_1
    __rtentry.o(.ARM.Collect$$rtentry$$00000000) refers (Special) to __rtentry4.o(.ARM.Collect$$rtentry$$00000004) for __rt_entry_sh
    aeabi_idiv0_sigfpe.o(.text) refers to rt_div0.o(.text) for __rt_div0
    _printf_intcommon.o(.text) refers (Weak) to _printf_pad.o(.text) for _printf_pre_padding
    _printf_intcommon.o(.text) refers (Weak) to _printf_pad.o(.text) for _printf_pre_padding
    _printf_intcommon.o(.text) refers (Weak) to _printf_pad.o(.text) for _printf_post_padding
    _printf_char_common.o(.text) refers to __printf_flags_wp.o(.text) for __printf
    feqf.o(x$fpl$feqf) refers (Special) to usenofp.o(x$fpl$usenofp) for __I$use$fp
    feqf.o(x$fpl$feqf) refers to fcmpin.o(.text) for __fpl_fcmp_InfNaN
    fgef.o(x$fpl$fgeqf) refers (Special) to usenofp.o(x$fpl$usenofp) for __I$use$fp
    fgef.o(x$fpl$fgeqf) refers to fcmpin.o(.text) for __fpl_fcmp_InfNaN
    flef.o(x$fpl$fleqf) refers (Special) to usenofp.o(x$fpl$usenofp) for __I$use$fp
    flef.o(x$fpl$fleqf) refers to fcmpin.o(.text) for __fpl_fcmp_InfNaN
    __rtentry2.o(.ARM.Collect$$rtentry$$00000008) refers to boardinit2.o(.text) for _platform_post_stackheap_init
    __rtentry2.o(.ARM.Collect$$rtentry$$0000000A) refers to libinit.o(.ARM.Collect$$libinit$$00000000) for __rt_lib_init
    __rtentry2.o(.ARM.Collect$$rtentry$$0000000B) refers to boardinit3.o(.text) for _platform_post_lib_init
    __rtentry2.o(.ARM.Collect$$rtentry$$0000000D) refers to main.o(.text.main) for main
    __rtentry2.o(.ARM.Collect$$rtentry$$0000000D) refers to exit.o(.text) for exit
    __rtentry2.o(.ARM.exidx) refers to __rtentry2.o(.ARM.Collect$$rtentry$$00000001) for .ARM.Collect$$rtentry$$00000001
    __rtentry2.o(.ARM.exidx) refers to __rtentry2.o(.ARM.Collect$$rtentry$$00000008) for .ARM.Collect$$rtentry$$00000008
    __rtentry2.o(.ARM.exidx) refers to __rtentry2.o(.ARM.Collect$$rtentry$$0000000A) for .ARM.Collect$$rtentry$$0000000A
    __rtentry2.o(.ARM.exidx) refers to __rtentry2.o(.ARM.Collect$$rtentry$$0000000B) for .ARM.Collect$$rtentry$$0000000B
    __rtentry2.o(.ARM.exidx) refers to __rtentry2.o(.ARM.Collect$$rtentry$$0000000D) for .ARM.Collect$$rtentry$$0000000D
    __rtentry4.o(.ARM.Collect$$rtentry$$00000004) refers to sys_stackheap_outer.o(.text) for __user_setup_stackheap
    __rtentry4.o(.ARM.exidx) refers to __rtentry4.o(.ARM.Collect$$rtentry$$00000004) for .ARM.Collect$$rtentry$$00000004
    rt_div0.o(.text) refers to defsig_fpe_outer.o(.text) for __rt_SIGFPE
    fcmpin.o(.text) refers (Special) to usenofp.o(x$fpl$usenofp) for __I$use$fp
    fcmpin.o(.text) refers to cmpret.o(.text) for __fpl_cmpreturn
    fcmpin.o(.text) refers to fnan2.o(.text) for __fpl_fcheck_NaN2
    sys_stackheap_outer.o(.text) refers to libspace.o(.text) for __user_perproc_libspace
    sys_stackheap_outer.o(.text) refers to startup_mkl05z4.o(.text) for __user_initial_stackheap
    sys_stackheap_outer.o(__vectab_stack_and_reset_area) refers to tempstk.o(.text) for __temporary_stack_top
    sys_stackheap_outer.o(__vectab_stack_and_reset_area) refers to __main.o(!!!main) for __main
    exit.o(.text) refers to rtexit.o(.ARM.Collect$$rtexit$$00000000) for __rt_exit
    defsig_fpe_outer.o(.text) refers to defsig_fpe_inner.o(.text) for __rt_SIGFPE_inner
    defsig_fpe_outer.o(.text) refers to defsig_exit.o(.text) for __sig_exit
    defsig_fpe_formal.o(.text) refers to rt_raise.o(.text) for __rt_raise
    libinit.o(.ARM.Collect$$libinit$$00000000) refers (Special) to libinit2.o(.ARM.Collect$$libinit$$0000002E) for __rt_lib_init_alloca_1
    libinit.o(.ARM.Collect$$libinit$$00000000) refers (Special) to libinit2.o(.ARM.Collect$$libinit$$0000002C) for __rt_lib_init_argv_1
    libinit.o(.ARM.Collect$$libinit$$00000000) refers (Special) to libinit2.o(.ARM.Collect$$libinit$$0000001B) for __rt_lib_init_atexit_1
    libinit.o(.ARM.Collect$$libinit$$00000000) refers (Special) to libinit2.o(.ARM.Collect$$libinit$$00000021) for __rt_lib_init_clock_1
    libinit.o(.ARM.Collect$$libinit$$00000000) refers (Special) to libinit2.o(.ARM.Collect$$libinit$$00000032) for __rt_lib_init_cpp_1
    libinit.o(.ARM.Collect$$libinit$$00000000) refers (Special) to libinit2.o(.ARM.Collect$$libinit$$00000030) for __rt_lib_init_exceptions_1
    libinit.o(.ARM.Collect$$libinit$$00000000) refers (Special) to libinit2.o(.ARM.Collect$$libinit$$00000002) for __rt_lib_init_fp_1
    libinit.o(.ARM.Collect$$libinit$$00000000) refers (Special) to libinit2.o(.ARM.Collect$$libinit$$0000001F) for __rt_lib_init_fp_trap_1
    libinit.o(.ARM.Collect$$libinit$$00000000) refers (Special) to libinit2.o(.ARM.Collect$$libinit$$00000023) for __rt_lib_init_getenv_1
    libinit.o(.ARM.Collect$$libinit$$00000000) refers (Special) to libinit2.o(.ARM.Collect$$libinit$$0000000A) for __rt_lib_init_heap_1
    libinit.o(.ARM.Collect$$libinit$$00000000) refers (Special) to libinit2.o(.ARM.Collect$$libinit$$00000011) for __rt_lib_init_lc_collate_1
    libinit.o(.ARM.Collect$$libinit$$00000000) refers (Special) to libinit2.o(.ARM.Collect$$libinit$$00000013) for __rt_lib_init_lc_ctype_1
    libinit.o(.ARM.Collect$$libinit$$00000000) refers (Special) to libinit2.o(.ARM.Collect$$libinit$$00000015) for __rt_lib_init_lc_monetary_1
    libinit.o(.ARM.Collect$$libinit$$00000000) refers (Special) to libinit2.o(.ARM.Collect$$libinit$$00000017) for __rt_lib_init_lc_numeric_1
    libinit.o(.ARM.Collect$$libinit$$00000000) refers (Special) to libinit2.o(.ARM.Collect$$libinit$$00000019) for __rt_lib_init_lc_time_1
    libinit.o(.ARM.Collect$$libinit$$00000000) refers (Special) to libinit2.o(.ARM.Collect$$libinit$$00000004) for __rt_lib_init_preinit_1
    libinit.o(.ARM.Collect$$libinit$$00000000) refers (Special) to libinit2.o(.ARM.Collect$$libinit$$0000000E) for __rt_lib_init_rand_1
    libinit.o(.ARM.Collect$$libinit$$00000000) refers (Special) to libinit2.o(.ARM.Collect$$libinit$$00000033) for __rt_lib_init_return
    libinit.o(.ARM.Collect$$libinit$$00000000) refers (Special) to libinit2.o(.ARM.Collect$$libinit$$0000001D) for __rt_lib_init_signal_1
    libinit.o(.ARM.Collect$$libinit$$00000000) refers (Special) to libinit2.o(.ARM.Collect$$libinit$$00000025) for __rt_lib_init_stdio_1
    libinit.o(.ARM.Collect$$libinit$$00000000) refers (Special) to libinit2.o(.ARM.Collect$$libinit$$0000000C) for __rt_lib_init_user_alloc_1
    cmpret.o(.text) refers (Special) to usenofp.o(x$fpl$usenofp) for __I$use$fp
    fnan2.o(.text) refers (Special) to usenofp.o(x$fpl$usenofp) for __I$use$fp
    fnan2.o(.text) refers to retnan.o(.text) for __fpl_return_NaN
    libspace.o(.text) refers to libspace.o(.bss) for __libspace_start
    rtexit.o(.ARM.Collect$$rtexit$$00000000) refers (Special) to rtexit2.o(.ARM.Collect$$rtexit$$00000004) for __rt_exit_exit
    rtexit.o(.ARM.Collect$$rtexit$$00000000) refers (Special) to rtexit2.o(.ARM.Collect$$rtexit$$00000003) for __rt_exit_ls
    rtexit.o(.ARM.Collect$$rtexit$$00000000) refers (Special) to rtexit2.o(.ARM.Collect$$rtexit$$00000002) for __rt_exit_prels_1
    rtexit.o(.ARM.exidx) refers (Special) to rtexit2.o(.ARM.Collect$$rtexit$$00000004) for __rt_exit_exit
    rtexit.o(.ARM.exidx) refers (Special) to rtexit2.o(.ARM.Collect$$rtexit$$00000003) for __rt_exit_ls
    rtexit.o(.ARM.exidx) refers (Special) to rtexit2.o(.ARM.Collect$$rtexit$$00000002) for __rt_exit_prels_1
    rtexit.o(.ARM.exidx) refers to rtexit.o(.ARM.Collect$$rtexit$$00000000) for .ARM.Collect$$rtexit$$00000000
    rt_raise.o(.text) refers to __raise.o(.text) for __raise
    rt_raise.o(.text) refers to sys_exit.o(.text) for _sys_exit
    defsig_exit.o(.text) refers to sys_exit.o(.text) for _sys_exit
    defsig_fpe_inner.o(.text) refers to defsig_general.o(.text) for __default_signal_display
    libinit2.o(.ARM.Collect$$libinit$$00000010) refers to libinit2.o(.ARM.Collect$$libinit$$0000000F) for .ARM.Collect$$libinit$$0000000F
    libinit2.o(.ARM.Collect$$libinit$$00000012) refers to libinit2.o(.ARM.Collect$$libinit$$0000000F) for .ARM.Collect$$libinit$$0000000F
    libinit2.o(.ARM.Collect$$libinit$$00000014) refers to libinit2.o(.ARM.Collect$$libinit$$0000000F) for .ARM.Collect$$libinit$$0000000F
    libinit2.o(.ARM.Collect$$libinit$$00000016) refers to libinit2.o(.ARM.Collect$$libinit$$0000000F) for .ARM.Collect$$libinit$$0000000F
    libinit2.o(.ARM.Collect$$libinit$$00000018) refers to libinit2.o(.ARM.Collect$$libinit$$0000000F) for .ARM.Collect$$libinit$$0000000F
    libinit2.o(.ARM.Collect$$libinit$$00000026) refers to argv_veneer.o(.text) for __ARM_argv_veneer
    libinit2.o(.ARM.Collect$$libinit$$00000027) refers to argv_veneer.o(.text) for __ARM_argv_veneer
    retnan.o(.text) refers (Special) to usenofp.o(x$fpl$usenofp) for __I$use$fp
    retnan.o(.text) refers to cmpret.o(.text) for __fpl_cmpreturn
    sys_exit.o(.text) refers (Special) to use_no_semi.o(.text) for __I$use$semihosting
    sys_exit.o(.text) refers (Special) to indicate_semi.o(.text) for __semihosting_library_function
    sys_exit_hlt.o(.text) refers (Special) to use_no_semi.o(.text) for __I$use$semihosting
    sys_exit_hlt.o(.text) refers (Special) to indicate_semi.o(.text) for __semihosting_library_function
    rtexit2.o(.ARM.Collect$$rtexit$$00000003) refers to libshutdown.o(.ARM.Collect$$libshutdown$$00000000) for __rt_lib_shutdown
    rtexit2.o(.ARM.Collect$$rtexit$$00000004) refers to sys_exit.o(.text) for _sys_exit
    rtexit2.o(.ARM.exidx) refers to rtexit2.o(.ARM.Collect$$rtexit$$00000001) for .ARM.Collect$$rtexit$$00000001
    rtexit2.o(.ARM.exidx) refers to rtexit2.o(.ARM.Collect$$rtexit$$00000003) for .ARM.Collect$$rtexit$$00000003
    rtexit2.o(.ARM.exidx) refers to rtexit2.o(.ARM.Collect$$rtexit$$00000004) for .ARM.Collect$$rtexit$$00000004
    __raise.o(.text) refers to defsig.o(CL$$defsig) for __default_signal_handler
    defsig_general.o(.text) refers to sys_wrch.o(.text) for _ttywrch
    sys_wrch.o(.text) refers (Special) to use_no_semi.o(.text) for __I$use$semihosting
    sys_wrch.o(.text) refers (Special) to indicate_semi.o(.text) for __semihosting_library_function
    sys_wrch_hlt.o(.text) refers (Special) to use_no_semi.o(.text) for __I$use$semihosting
    sys_wrch_hlt.o(.text) refers (Special) to indicate_semi.o(.text) for __semihosting_library_function
    defsig.o(CL$$defsig) refers to defsig_fpe_inner.o(.text) for __rt_SIGFPE_inner
    defsig.o(CL$$defsig) refers to defsig_rtmem_inner.o(.text) for __rt_SIGRTMEM_inner
    _get_argv_nomalloc.o(.text) refers (Special) to hrguard.o(.text) for __heap_region$guard
    _get_argv_nomalloc.o(.text) refers to defsig_rtmem_outer.o(.text) for __rt_SIGRTMEM
    _get_argv_nomalloc.o(.text) refers to sys_command.o(.text) for _sys_command_string
    libshutdown.o(.ARM.Collect$$libshutdown$$00000000) refers (Special) to libshutdown2.o(.ARM.Collect$$libshutdown$$00000002) for __rt_lib_shutdown_cpp_1
    libshutdown.o(.ARM.Collect$$libshutdown$$00000000) refers (Special) to libshutdown2.o(.ARM.Collect$$libshutdown$$00000007) for __rt_lib_shutdown_fp_trap_1
    libshutdown.o(.ARM.Collect$$libshutdown$$00000000) refers (Special) to libshutdown2.o(.ARM.Collect$$libshutdown$$0000000F) for __rt_lib_shutdown_heap_1
    libshutdown.o(.ARM.Collect$$libshutdown$$00000000) refers (Special) to libshutdown2.o(.ARM.Collect$$libshutdown$$00000010) for __rt_lib_shutdown_return
    libshutdown.o(.ARM.Collect$$libshutdown$$00000000) refers (Special) to libshutdown2.o(.ARM.Collect$$libshutdown$$0000000A) for __rt_lib_shutdown_signal_1
    libshutdown.o(.ARM.Collect$$libshutdown$$00000000) refers (Special) to libshutdown2.o(.ARM.Collect$$libshutdown$$00000004) for __rt_lib_shutdown_stdio_1
    libshutdown.o(.ARM.Collect$$libshutdown$$00000000) refers (Special) to libshutdown2.o(.ARM.Collect$$libshutdown$$0000000C) for __rt_lib_shutdown_user_alloc_1
    sys_command.o(.text) refers (Special) to use_no_semi.o(.text) for __I$use$semihosting
    sys_command.o(.text) refers (Special) to indicate_semi.o(.text) for __semihosting_library_function
    sys_command_hlt.o(.text) refers (Special) to use_no_semi.o(.text) for __I$use$semihosting
    sys_command_hlt.o(.text) refers (Special) to indicate_semi.o(.text) for __semihosting_library_function
    defsig_abrt_inner.o(.text) refers to defsig_general.o(.text) for __default_signal_display
    defsig_rtred_inner.o(.text) refers to defsig_general.o(.text) for __default_signal_display
    defsig_rtmem_inner.o(.text) refers to defsig_general.o(.text) for __default_signal_display
    defsig_rtmem_outer.o(.text) refers to defsig_rtmem_inner.o(.text) for __rt_SIGRTMEM_inner
    defsig_rtmem_outer.o(.text) refers to defsig_exit.o(.text) for __sig_exit
    defsig_rtmem_formal.o(.text) refers to rt_raise.o(.text) for __rt_raise
    defsig_stak_inner.o(.text) refers to defsig_general.o(.text) for __default_signal_display
    defsig_pvfn_inner.o(.text) refers to defsig_general.o(.text) for __default_signal_display
    defsig_cppl_inner.o(.text) refers to defsig_general.o(.text) for __default_signal_display
    defsig_segv_inner.o(.text) refers to defsig_general.o(.text) for __default_signal_display
    defsig_other.o(.text) refers to defsig_general.o(.text) for __default_signal_display


==============================================================================

Removing Unused input sections from the image.

    Removing main.o(.text), (0 bytes).
    Removing main.o(.ARM.exidx.text.LED_Init), (8 bytes).
    Removing main.o(.ARM.exidx.text.Klaw_Init), (8 bytes).
    Removing main.o(.ARM.exidx.text.main), (8 bytes).
    Removing main.o(.ARM.use_no_argv), (4 bytes).
    Removing lcd1602.o(.text), (0 bytes).
    Removing lcd1602.o(.ARM.exidx.text.LCD1602_Init), (8 bytes).
    Removing lcd1602.o(.ARM.exidx.text.LCD1602_CheckAddress), (8 bytes).
    Removing lcd1602.o(.ARM.exidx.text.LCD1602_Write8), (8 bytes).
    Removing lcd1602.o(.text.LCD1602_Blink_On), (12 bytes).
    Removing lcd1602.o(.ARM.exidx.text.LCD1602_Blink_On), (8 bytes).
    Removing lcd1602.o(.text.LCD1602_Blink_Off), (12 bytes).
    Removing lcd1602.o(.ARM.exidx.text.LCD1602_Blink_Off), (8 bytes).
    Removing lcd1602.o(.text.LCD1602_Blink_Off_Cursor_On), (12 bytes).
    Removing lcd1602.o(.ARM.exidx.text.LCD1602_Blink_Off_Cursor_On), (8 bytes).
    Removing lcd1602.o(.ARM.exidx.text.LCD1602_SetCursor), (8 bytes).
    Removing lcd1602.o(.ARM.exidx.text.LCD1602_ClearAll), (8 bytes).
    Removing lcd1602.o(.ARM.exidx.text.LCD1602_Print), (8 bytes).
    Removing lcd1602.o(.text.LCD1602_PrintNum), (44 bytes).
    Removing lcd1602.o(.ARM.exidx.text.LCD1602_PrintNum), (8 bytes).
    Removing lcd1602.o(.text.itoa), (118 bytes).
    Removing lcd1602.o(.ARM.exidx.text.itoa), (8 bytes).
    Removing lcd1602.o(.ARM.exidx.text.LCD1602_Backlight), (8 bytes).
    Removing lcd1602.o(.ARM.exidx.text.PCF8574_Write), (8 bytes).
    Removing lcd1602.o(.ARM.exidx.text.LCD1602_Write4), (8 bytes).
    Removing lcd1602.o(.ARM.exidx.text.LCD1602_BF_AC), (8 bytes).
    Removing lcd1602.o(.text.LCD1602_PL_CH), (196 bytes).
    Removing lcd1602.o(.ARM.exidx.text.LCD1602_PL_CH), (8 bytes).
    Removing lcd1602.o(.text.LCD1602_PrintPL), (136 bytes).
    Removing lcd1602.o(.ARM.exidx.text.LCD1602_PrintPL), (8 bytes).
    Removing lcd1602.o(.data.PL_CH_a_), (8 bytes).
    Removing lcd1602.o(.data.PL_CH_c_), (8 bytes).
    Removing lcd1602.o(.data.PL_CH_e_), (8 bytes).
    Removing lcd1602.o(.data.PL_CH_l_), (8 bytes).
    Removing lcd1602.o(.data.PL_CH_n_), (8 bytes).
    Removing lcd1602.o(.data.PL_CH_o_), (8 bytes).
    Removing lcd1602.o(.data.PL_CH_s_), (8 bytes).
    Removing lcd1602.o(.data.PL_CH_z_), (8 bytes).
    Removing lcd1602.o(.data.PL_CH_z__), (8 bytes).
    Removing i2c.o(.text), (0 bytes).
    Removing i2c.o(.ARM.exidx.text.I2C_Init), (8 bytes).
    Removing i2c.o(.ARM.exidx.text.I2C_Ping), (8 bytes).
    Removing i2c.o(.ARM.exidx.text.i2c_enable), (8 bytes).
    Removing i2c.o(.ARM.exidx.text.i2c_tran), (8 bytes).
    Removing i2c.o(.ARM.exidx.text.i2c_m_start), (8 bytes).
    Removing i2c.o(.ARM.exidx.text.i2c_send), (8 bytes).
    Removing i2c.o(.ARM.exidx.text.i2c_wait), (8 bytes).
    Removing i2c.o(.ARM.exidx.text.i2c_m_stop), (8 bytes).
    Removing i2c.o(.ARM.exidx.text.i2c_disable), (8 bytes).
    Removing i2c.o(.ARM.exidx.text.I2C_Write), (8 bytes).
    Removing i2c.o(.ARM.exidx.text.I2C_Read), (8 bytes).
    Removing i2c.o(.ARM.exidx.text.i2c_rec), (8 bytes).
    Removing i2c.o(.ARM.exidx.text.i2c_nack), (8 bytes).
    Removing i2c.o(.ARM.exidx.text.i2c_recv), (8 bytes).
    Removing i2c.o(.ARM.exidx.text.i2c_wait_rec), (8 bytes).
    Removing i2c.o(.ARM.exidx.text.I2C_WriteReg), (8 bytes).
    Removing i2c.o(.ARM.exidx.text.I2C_ReadReg), (8 bytes).
    Removing i2c.o(.ARM.exidx.text.i2c_clr_IICIF), (8 bytes).
    Removing i2c.o(.ARM.exidx.text.i2c_m_rstart), (8 bytes).
    Removing i2c.o(.ARM.exidx.text.I2C_ReadRegBlock), (8 bytes).
    Removing i2c.o(.ARM.exidx.text.i2c_ack), (8 bytes).
    Removing system_mkl05z4.o(.text), (0 bytes).
    Removing system_mkl05z4.o(.ARM.exidx.text.SystemInit), (8 bytes).
    Removing system_mkl05z4.o(.text.SystemCoreClockUpdate), (184 bytes).
    Removing system_mkl05z4.o(.ARM.exidx.text.SystemCoreClockUpdate), (8 bytes).
    Removing system_mkl05z4.o(.data.SystemCoreClock), (4 bytes).

66 unused section(s) (total 1138 bytes) removed from the image.

==============================================================================

Image Symbol Table

    Local Symbols

    Symbol Name                              Value     Ov Type        Size  Object(Section)

    ../clib/angel/boardlib.s                 0x00000000   Number         0  boardinit1.o ABSOLUTE
    ../clib/angel/boardlib.s                 0x00000000   Number         0  boardinit2.o ABSOLUTE
    ../clib/angel/boardlib.s                 0x00000000   Number         0  boardinit3.o ABSOLUTE
    ../clib/angel/boardlib.s                 0x00000000   Number         0  boardshut.o ABSOLUTE
    ../clib/angel/handlers.s                 0x00000000   Number         0  __scatter_copy.o ABSOLUTE
    ../clib/angel/handlers.s                 0x00000000   Number         0  __scatter_zi.o ABSOLUTE
    ../clib/angel/kernel.s                   0x00000000   Number         0  __rtentry.o ABSOLUTE
    ../clib/angel/kernel.s                   0x00000000   Number         0  __rtentry2.o ABSOLUTE
    ../clib/angel/kernel.s                   0x00000000   Number         0  __rtentry4.o ABSOLUTE
    ../clib/angel/kernel.s                   0x00000000   Number         0  rtexit.o ABSOLUTE
    ../clib/angel/kernel.s                   0x00000000   Number         0  rtexit2.o ABSOLUTE
    ../clib/angel/rt.s                       0x00000000   Number         0  aeabi_idiv0.o ABSOLUTE
    ../clib/angel/rt.s                       0x00000000   Number         0  aeabi_idiv0_sigfpe.o ABSOLUTE
    ../clib/angel/rt.s                       0x00000000   Number         0  rt_div0.o ABSOLUTE
    ../clib/angel/rt.s                       0x00000000   Number         0  rt_raise.o ABSOLUTE
    ../clib/angel/scatterp.s                 0x00000000   Number         0  __scatter.o ABSOLUTE
    ../clib/angel/startup.s                  0x00000000   Number         0  __main.o ABSOLUTE
    ../clib/angel/sys.s                      0x00000000   Number         0  sys_stackheap_outer.o ABSOLUTE
    ../clib/angel/sys.s                      0x00000000   Number         0  libspace.o ABSOLUTE
    ../clib/angel/sys.s                      0x00000000   Number         0  tempstk.o ABSOLUTE
    ../clib/angel/sys.s                      0x00000000   Number         0  use_no_semi.o ABSOLUTE
    ../clib/angel/sys.s                      0x00000000   Number         0  indicate_semi.o ABSOLUTE
    ../clib/angel/sysapp.c                   0x00000000   Number         0  sys_exit.o ABSOLUTE
    ../clib/angel/sysapp.c                   0x00000000   Number         0  sys_exit_hlt.o ABSOLUTE
    ../clib/angel/sysapp.c                   0x00000000   Number         0  sys_wrch.o ABSOLUTE
    ../clib/angel/sysapp.c                   0x00000000   Number         0  sys_wrch_hlt.o ABSOLUTE
    ../clib/angel/sysapp.c                   0x00000000   Number         0  sys_command.o ABSOLUTE
    ../clib/angel/sysapp.c                   0x00000000   Number         0  sys_command_hlt.o ABSOLUTE
    ../clib/armsys.c                         0x00000000   Number         0  argv_veneer.o ABSOLUTE
    ../clib/armsys.c                         0x00000000   Number         0  _get_argv_nomalloc.o ABSOLUTE
    ../clib/armsys.c                         0x00000000   Number         0  no_argv.o ABSOLUTE
    ../clib/division.c                       0x00000000   Number         0  rtudiv10.o ABSOLUTE
    ../clib/division.s                       0x00000000   Number         0  aeabi_sdivfast.o ABSOLUTE
    ../clib/division.s                       0x00000000   Number         0  aeabi_sdivfast_div0.o ABSOLUTE
    ../clib/heapalloc.c                      0x00000000   Number         0  hrguard.o ABSOLUTE
    ../clib/heapaux.c                        0x00000000   Number         0  heapauxi.o ABSOLUTE
    ../clib/libinit.s                        0x00000000   Number         0  libinit.o ABSOLUTE
    ../clib/libinit.s                        0x00000000   Number         0  libinit2.o ABSOLUTE
    ../clib/libinit.s                        0x00000000   Number         0  libshutdown.o ABSOLUTE
    ../clib/libinit.s                        0x00000000   Number         0  libshutdown2.o ABSOLUTE
    ../clib/misc.s                           0x00000000   Number         0  printf_stubs.o ABSOLUTE
    ../clib/printf.c                         0x00000000   Number         0  __2sprintf.o ABSOLUTE
    ../clib/printf.c                         0x00000000   Number         0  noretval__2sprintf.o ABSOLUTE
    ../clib/printf.c                         0x00000000   Number         0  __printf.o ABSOLUTE
    ../clib/printf.c                         0x00000000   Number         0  _printf_pad.o ABSOLUTE
    ../clib/printf.c                         0x00000000   Number         0  _printf_dec.o ABSOLUTE
    ../clib/printf.c                         0x00000000   Number         0  _printf_hex_ll.o ABSOLUTE
    ../clib/printf.c                         0x00000000   Number         0  _printf_hex_int.o ABSOLUTE
    ../clib/printf.c                         0x00000000   Number         0  _printf_hex_int_ll.o ABSOLUTE
    ../clib/printf.c                         0x00000000   Number         0  _printf_hex_ptr.o ABSOLUTE
    ../clib/printf.c                         0x00000000   Number         0  _printf_hex_int_ptr.o ABSOLUTE
    ../clib/printf.c                         0x00000000   Number         0  _printf_hex_ll_ptr.o ABSOLUTE
    ../clib/printf.c                         0x00000000   Number         0  _printf_hex_int_ll_ptr.o ABSOLUTE
    ../clib/printf.c                         0x00000000   Number         0  __printf_flags.o ABSOLUTE
    ../clib/printf.c                         0x00000000   Number         0  __printf_ss.o ABSOLUTE
    ../clib/printf.c                         0x00000000   Number         0  __printf_flags_ss.o ABSOLUTE
    ../clib/printf.c                         0x00000000   Number         0  __printf_wp.o ABSOLUTE
    ../clib/printf.c                         0x00000000   Number         0  __printf_flags_wp.o ABSOLUTE
    ../clib/printf.c                         0x00000000   Number         0  __printf_ss_wp.o ABSOLUTE
    ../clib/printf.c                         0x00000000   Number         0  __printf_flags_ss_wp.o ABSOLUTE
    ../clib/printf.c                         0x00000000   Number         0  _printf_intcommon.o ABSOLUTE
    ../clib/printf.c                         0x00000000   Number         0  _printf_char_common.o ABSOLUTE
    ../clib/printf.c                         0x00000000   Number         0  _sputc.o ABSOLUTE
    ../clib/printf.c                         0x00000000   Number         0  __printf_nopercent.o ABSOLUTE
    ../clib/printf_percent.s                 0x00000000   Number         0  _printf_x.o ABSOLUTE
    ../clib/printf_percent.s                 0x00000000   Number         0  _printf_d.o ABSOLUTE
    ../clib/printf_percent.s                 0x00000000   Number         0  _printf_percent.o ABSOLUTE
    ../clib/printf_percent.s                 0x00000000   Number         0  _printf_percent_end.o ABSOLUTE
    ../clib/signal.c                         0x00000000   Number         0  defsig_fpe_outer.o ABSOLUTE
    ../clib/signal.c                         0x00000000   Number         0  defsig_fpe_formal.o ABSOLUTE
    ../clib/signal.c                         0x00000000   Number         0  defsig_exit.o ABSOLUTE
    ../clib/signal.c                         0x00000000   Number         0  defsig_fpe_inner.o ABSOLUTE
    ../clib/signal.c                         0x00000000   Number         0  __raise.o ABSOLUTE
    ../clib/signal.c                         0x00000000   Number         0  defsig_general.o ABSOLUTE
    ../clib/signal.c                         0x00000000   Number         0  defsig_abrt_inner.o ABSOLUTE
    ../clib/signal.c                         0x00000000   Number         0  defsig_rtred_inner.o ABSOLUTE
    ../clib/signal.c                         0x00000000   Number         0  defsig_rtmem_inner.o ABSOLUTE
    ../clib/signal.c                         0x00000000   Number         0  defsig_rtmem_outer.o ABSOLUTE
    ../clib/signal.c                         0x00000000   Number         0  defsig_rtmem_formal.o ABSOLUTE
    ../clib/signal.c                         0x00000000   Number         0  defsig_stak_inner.o ABSOLUTE
    ../clib/signal.c                         0x00000000   Number         0  defsig_pvfn_inner.o ABSOLUTE
    ../clib/signal.c                         0x00000000   Number         0  defsig_cppl_inner.o ABSOLUTE
    ../clib/signal.c                         0x00000000   Number         0  defsig_segv_inner.o ABSOLUTE
    ../clib/signal.c                         0x00000000   Number         0  defsig_other.o ABSOLUTE
    ../clib/signal.s                         0x00000000   Number         0  defsig.o ABSOLUTE
    ../clib/stdlib.c                         0x00000000   Number         0  exit.o ABSOLUTE
    ../fplib/cfplib/cmp.c                    0x00000000   Number         0  fcmp.o ABSOLUTE
    ../fplib/cfplib/cmpret.c                 0x00000000   Number         0  cmpret.o ABSOLUTE
    ../fplib/cfplib/fcmpin.c                 0x00000000   Number         0  fcmpin.o ABSOLUTE
    ../fplib/cfplib/fdiv.c                   0x00000000   Number         0  fdiv.o ABSOLUTE
    ../fplib/cfplib/ffix.c                   0x00000000   Number         0  ffixi.o ABSOLUTE
    ../fplib/cfplib/fflt.c                   0x00000000   Number         0  fflti.o ABSOLUTE
    ../fplib/cfplib/fpinit.c                 0x00000000   Number         0  fpinit.o ABSOLUTE
    ../fplib/cfplib/nan2.c                   0x00000000   Number         0  fnan2.o ABSOLUTE
    ../fplib/cfplib/retnan.c                 0x00000000   Number         0  retnan.o ABSOLUTE
    ../fplib/faddsub6m.s                     0x00000000   Number         0  faddsub.o ABSOLUTE
    ../fplib/feqf6m.s                        0x00000000   Number         0  feqf.o ABSOLUTE
    ../fplib/fgeqf6m.s                       0x00000000   Number         0  fgef.o ABSOLUTE
    ../fplib/fleqf6m.s                       0x00000000   Number         0  flef.o ABSOLUTE
    ../fplib/fmul6m.s                        0x00000000   Number         0  fmul.o ABSOLUTE
    ../fplib/usenofp.s                       0x00000000   Number         0  usenofp.o ABSOLUTE
    RTE/Device/MKL05Z32xxx4/startup_MKL05Z4.s 0x00000000   Number         0  startup_mkl05z4.o ABSOLUTE
    dc.s                                     0x00000000   Number         0  dc.o ABSOLUTE
    i2c.c                                    0x00000000   Number         0  i2c.o ABSOLUTE
    lcd1602.c                                0x00000000   Number         0  lcd1602.o ABSOLUTE
    main.c                                   0x00000000   Number         0  main.o ABSOLUTE
    system_MKL05Z4.c                         0x00000000   Number         0  system_mkl05z4.o ABSOLUTE
    RESET                                    0x00000000   Section      192  startup_mkl05z4.o(RESET)
    !!!main                                  0x000000c0   Section        8  __main.o(!!!main)
    !!!scatter                               0x000000c8   Section       60  __scatter.o(!!!scatter)
    !!handler_copy                           0x00000104   Section       26  __scatter_copy.o(!!handler_copy)
    !!handler_zi                             0x00000120   Section       28  __scatter_zi.o(!!handler_zi)
    .ARM.Collect$$_printf_percent$$00000000  0x0000013c   Section        2  _printf_percent.o(.ARM.Collect$$_printf_percent$$00000000)
    .ARM.Collect$$_printf_percent$$00000009  0x0000013e   Section       10  _printf_d.o(.ARM.Collect$$_printf_percent$$00000009)
    .ARM.Collect$$_printf_percent$$0000000C  0x00000148   Section       10  _printf_x.o(.ARM.Collect$$_printf_percent$$0000000C)
    .ARM.Collect$$_printf_percent$$00000017  0x00000152   Section        4  _printf_percent_end.o(.ARM.Collect$$_printf_percent$$00000017)
    .ARM.Collect$$libinit$$00000000          0x00000156   Section        2  libinit.o(.ARM.Collect$$libinit$$00000000)
    .ARM.Collect$$libinit$$00000002          0x00000158   Section        0  libinit2.o(.ARM.Collect$$libinit$$00000002)
    .ARM.Collect$$libinit$$00000004          0x00000158   Section        0  libinit2.o(.ARM.Collect$$libinit$$00000004)
    .ARM.Collect$$libinit$$0000000A          0x00000158   Section        0  libinit2.o(.ARM.Collect$$libinit$$0000000A)
    .ARM.Collect$$libinit$$0000000C          0x00000158   Section        0  libinit2.o(.ARM.Collect$$libinit$$0000000C)
    .ARM.Collect$$libinit$$0000000E          0x00000158   Section        0  libinit2.o(.ARM.Collect$$libinit$$0000000E)
    .ARM.Collect$$libinit$$00000011          0x00000158   Section        0  libinit2.o(.ARM.Collect$$libinit$$00000011)
    .ARM.Collect$$libinit$$00000013          0x00000158   Section        0  libinit2.o(.ARM.Collect$$libinit$$00000013)
    .ARM.Collect$$libinit$$00000015          0x00000158   Section        0  libinit2.o(.ARM.Collect$$libinit$$00000015)
    .ARM.Collect$$libinit$$00000017          0x00000158   Section        0  libinit2.o(.ARM.Collect$$libinit$$00000017)
    .ARM.Collect$$libinit$$00000019          0x00000158   Section        0  libinit2.o(.ARM.Collect$$libinit$$00000019)
    .ARM.Collect$$libinit$$0000001B          0x00000158   Section        0  libinit2.o(.ARM.Collect$$libinit$$0000001B)
    .ARM.Collect$$libinit$$0000001D          0x00000158   Section        0  libinit2.o(.ARM.Collect$$libinit$$0000001D)
    .ARM.Collect$$libinit$$0000001F          0x00000158   Section        0  libinit2.o(.ARM.Collect$$libinit$$0000001F)
    .ARM.Collect$$libinit$$00000021          0x00000158   Section        0  libinit2.o(.ARM.Collect$$libinit$$00000021)
    .ARM.Collect$$libinit$$00000023          0x00000158   Section        0  libinit2.o(.ARM.Collect$$libinit$$00000023)
    .ARM.Collect$$libinit$$00000025          0x00000158   Section        0  libinit2.o(.ARM.Collect$$libinit$$00000025)
    .ARM.Collect$$libinit$$0000002C          0x00000158   Section        0  libinit2.o(.ARM.Collect$$libinit$$0000002C)
    .ARM.Collect$$libinit$$0000002E          0x00000158   Section        0  libinit2.o(.ARM.Collect$$libinit$$0000002E)
    .ARM.Collect$$libinit$$00000030          0x00000158   Section        0  libinit2.o(.ARM.Collect$$libinit$$00000030)
    .ARM.Collect$$libinit$$00000032          0x00000158   Section        0  libinit2.o(.ARM.Collect$$libinit$$00000032)
    .ARM.Collect$$libinit$$00000033          0x00000158   Section        2  libinit2.o(.ARM.Collect$$libinit$$00000033)
    .ARM.Collect$$libshutdown$$00000000      0x0000015a   Section        2  libshutdown.o(.ARM.Collect$$libshutdown$$00000000)
    .ARM.Collect$$libshutdown$$00000002      0x0000015c   Section        0  libshutdown2.o(.ARM.Collect$$libshutdown$$00000002)
    .ARM.Collect$$libshutdown$$00000004      0x0000015c   Section        0  libshutdown2.o(.ARM.Collect$$libshutdown$$00000004)
    .ARM.Collect$$libshutdown$$00000007      0x0000015c   Section        0  libshutdown2.o(.ARM.Collect$$libshutdown$$00000007)
    .ARM.Collect$$libshutdown$$0000000A      0x0000015c   Section        0  libshutdown2.o(.ARM.Collect$$libshutdown$$0000000A)
    .ARM.Collect$$libshutdown$$0000000C      0x0000015c   Section        0  libshutdown2.o(.ARM.Collect$$libshutdown$$0000000C)
    .ARM.Collect$$libshutdown$$0000000F      0x0000015c   Section        0  libshutdown2.o(.ARM.Collect$$libshutdown$$0000000F)
    .ARM.Collect$$libshutdown$$00000010      0x0000015c   Section        2  libshutdown2.o(.ARM.Collect$$libshutdown$$00000010)
    .ARM.Collect$$rtentry$$00000000          0x0000015e   Section        0  __rtentry.o(.ARM.Collect$$rtentry$$00000000)
    .ARM.Collect$$rtentry$$00000002          0x0000015e   Section        0  __rtentry2.o(.ARM.Collect$$rtentry$$00000002)
    .ARM.Collect$$rtentry$$00000004          0x0000015e   Section        6  __rtentry4.o(.ARM.Collect$$rtentry$$00000004)
    .ARM.Collect$$rtentry$$00000009          0x00000164   Section        0  __rtentry2.o(.ARM.Collect$$rtentry$$00000009)
    .ARM.Collect$$rtentry$$0000000A          0x00000164   Section        4  __rtentry2.o(.ARM.Collect$$rtentry$$0000000A)
    .ARM.Collect$$rtentry$$0000000C          0x00000168   Section        0  __rtentry2.o(.ARM.Collect$$rtentry$$0000000C)
    .ARM.Collect$$rtentry$$0000000D          0x00000168   Section        8  __rtentry2.o(.ARM.Collect$$rtentry$$0000000D)
    .ARM.Collect$$rtexit$$00000000           0x00000170   Section        2  rtexit.o(.ARM.Collect$$rtexit$$00000000)
    .ARM.Collect$$rtexit$$00000002           0x00000172   Section        0  rtexit2.o(.ARM.Collect$$rtexit$$00000002)
    .ARM.Collect$$rtexit$$00000003           0x00000172   Section        4  rtexit2.o(.ARM.Collect$$rtexit$$00000003)
    .ARM.Collect$$rtexit$$00000004           0x00000176   Section        6  rtexit2.o(.ARM.Collect$$rtexit$$00000004)
    .text                                    0x0000017c   Section       52  startup_mkl05z4.o(.text)
    .text                                    0x000001b0   Section        0  noretval__2sprintf.o(.text)
    .text                                    0x000001d8   Section        0  _printf_pad.o(.text)
    .text                                    0x00000228   Section        0  _printf_dec.o(.text)
    .text                                    0x00000294   Section        0  _printf_hex_int.o(.text)
    .text                                    0x000002ec   Section        0  heapauxi.o(.text)
    .text                                    0x000002f2   Section        0  ffixi.o(.text)
    .text                                    0x0000033e   Section        0  fflti.o(.text)
    _printf_input_char                       0x0000039d   Thumb Code    10  _printf_char_common.o(.text)
    .text                                    0x0000039c   Section        0  _printf_char_common.o(.text)
    .text                                    0x000003cc   Section        0  _sputc.o(.text)
    .text                                    0x000003d6   Section        0  rtudiv10.o(.text)
    .text                                    0x000003fe   Section        2  use_no_semi.o(.text)
    .ARM.__at_0x400                          0x00000400   Section       16  startup_mkl05z4.o(.ARM.__at_0x400)
    .text                                    0x00000410   Section        0  __printf_flags_wp.o(.text)
    .text                                    0x00000548   Section        0  fdiv.o(.text)
    .text                                    0x000006a8   Section        0  _printf_intcommon.o(.text)
    .text                                    0x00000758   Section        0  fcmpin.o(.text)
    .text                                    0x000007bc   Section       62  sys_stackheap_outer.o(.text)
    .text                                    0x000007fa   Section        0  exit.o(.text)
    .text                                    0x0000080a   Section        0  cmpret.o(.text)
    .text                                    0x00000838   Section        0  fnan2.o(.text)
    .text                                    0x00000848   Section        8  libspace.o(.text)
    .text                                    0x00000850   Section        0  retnan.o(.text)
    .text                                    0x000008b0   Section        0  sys_exit.o(.text)
    [Anonymous Symbol]                       0x000008bc   Section        0  i2c.o(.text.I2C_Init)
    .text                                    0x000008bc   Section        0  indicate_semi.o(.text)
    __arm_cp.0_0                             0x000008fc   Number         4  i2c.o(.text.I2C_Init)
    __arm_cp.0_1                             0x00000900   Number         4  i2c.o(.text.I2C_Init)
    __arm_cp.0_2                             0x00000904   Number         4  i2c.o(.text.I2C_Init)
    [Anonymous Symbol]                       0x00000908   Section        0  i2c.o(.text.I2C_Ping)
    [Anonymous Symbol]                       0x00000938   Section        0  i2c.o(.text.I2C_Read)
    [Anonymous Symbol]                       0x00000984   Section        0  i2c.o(.text.I2C_ReadReg)
    [Anonymous Symbol]                       0x000009f4   Section        0  i2c.o(.text.I2C_ReadRegBlock)
    __arm_cp.19_1                            0x00000a9c   Number         4  i2c.o(.text.I2C_ReadRegBlock)
    [Anonymous Symbol]                       0x00000aa0   Section        0  i2c.o(.text.I2C_Write)
    [Anonymous Symbol]                       0x00000adc   Section        0  i2c.o(.text.I2C_WriteReg)
    __arm_cp.15_0                            0x00000b28   Number         4  i2c.o(.text.I2C_WriteReg)
    [Anonymous Symbol]                       0x00000b2c   Section        0  main.o(.text.Klaw_Init)
    __arm_cp.1_1                             0x00000b70   Number         4  main.o(.text.Klaw_Init)
    [Anonymous Symbol]                       0x00000b74   Section        0  lcd1602.o(.text.LCD1602_BF_AC)
    [Anonymous Symbol]                       0x00000c3c   Section        0  lcd1602.o(.text.LCD1602_Backlight)
    [Anonymous Symbol]                       0x00000c4c   Section        0  lcd1602.o(.text.LCD1602_CheckAddress)
    [Anonymous Symbol]                       0x00000c74   Section        0  lcd1602.o(.text.LCD1602_ClearAll)
    [Anonymous Symbol]                       0x00000c80   Section        0  lcd1602.o(.text.LCD1602_Init)
    __arm_cp.0_0                             0x00000cc8   Number         4  lcd1602.o(.text.LCD1602_Init)
    [Anonymous Symbol]                       0x00000ccc   Section        0  lcd1602.o(.text.LCD1602_Print)
    [Anonymous Symbol]                       0x00000cec   Section        0  lcd1602.o(.text.LCD1602_SetCursor)
    [Anonymous Symbol]                       0x00000d0a   Section        0  lcd1602.o(.text.LCD1602_Write4)
    [Anonymous Symbol]                       0x00000d24   Section        0  lcd1602.o(.text.LCD1602_Write8)
    [Anonymous Symbol]                       0x00000d4c   Section        0  main.o(.text.LED_Init)
    __arm_cp.0_0                             0x00000d84   Number         4  main.o(.text.LED_Init)
    __arm_cp.0_1                             0x00000d88   Number         4  main.o(.text.LED_Init)
    __arm_cp.0_2                             0x00000d8c   Number         4  main.o(.text.LED_Init)
    [Anonymous Symbol]                       0x00000d90   Section        0  lcd1602.o(.text.PCF8574_Write)
    __arm_cp.12_0                            0x00000db4   Number         4  lcd1602.o(.text.PCF8574_Write)
    __arm_cp.12_1                            0x00000db8   Number         4  lcd1602.o(.text.PCF8574_Write)
    [Anonymous Symbol]                       0x00000dbc   Section        0  system_mkl05z4.o(.text.SystemInit)
    __arm_cp.0_0                             0x00000df8   Number         4  system_mkl05z4.o(.text.SystemInit)
    __arm_cp.0_1                             0x00000dfc   Number         4  system_mkl05z4.o(.text.SystemInit)
    __arm_cp.0_2                             0x00000e00   Number         4  system_mkl05z4.o(.text.SystemInit)
    __arm_cp.0_3                             0x00000e04   Number         4  system_mkl05z4.o(.text.SystemInit)
    [Anonymous Symbol]                       0x00000e08   Section        0  i2c.o(.text.i2c_ack)
    [Anonymous Symbol]                       0x00000e14   Section        0  i2c.o(.text.i2c_clr_IICIF)
    [Anonymous Symbol]                       0x00000e20   Section        0  i2c.o(.text.i2c_disable)
    [Anonymous Symbol]                       0x00000e2c   Section        0  i2c.o(.text.i2c_enable)
    [Anonymous Symbol]                       0x00000e38   Section        0  i2c.o(.text.i2c_m_rstart)
    __arm_cp.18_0                            0x00000e4c   Number         4  i2c.o(.text.i2c_m_rstart)
    [Anonymous Symbol]                       0x00000e50   Section        0  i2c.o(.text.i2c_m_start)
    [Anonymous Symbol]                       0x00000e5c   Section        0  i2c.o(.text.i2c_m_stop)
    [Anonymous Symbol]                       0x00000e68   Section        0  i2c.o(.text.i2c_nack)
    [Anonymous Symbol]                       0x00000e74   Section        0  i2c.o(.text.i2c_rec)
    [Anonymous Symbol]                       0x00000e80   Section        0  i2c.o(.text.i2c_recv)
    [Anonymous Symbol]                       0x00000e88   Section        0  i2c.o(.text.i2c_send)
    __arm_cp.5_0                             0x00000e90   Number         4  i2c.o(.text.i2c_send)
    [Anonymous Symbol]                       0x00000e94   Section        0  i2c.o(.text.i2c_tran)
    __arm_cp.3_0                             0x00000ea0   Number         4  i2c.o(.text.i2c_tran)
    [Anonymous Symbol]                       0x00000ea4   Section        0  i2c.o(.text.i2c_wait)
    [Anonymous Symbol]                       0x00000ef4   Section        0  i2c.o(.text.i2c_wait_rec)
    __arm_cp.14_0                            0x00000f34   Number         4  i2c.o(.text.i2c_wait_rec)
    __arm_cp.14_1                            0x00000f38   Number         4  i2c.o(.text.i2c_wait_rec)
    __arm_cp.14_2                            0x00000f3c   Number         4  i2c.o(.text.i2c_wait_rec)
    [Anonymous Symbol]                       0x00000f40   Section        0  main.o(.text.main)
    __arm_cp.2_0                             0x00001288   Number         4  main.o(.text.main)
    __arm_cp.2_1                             0x0000128c   Number         4  main.o(.text.main)
    __arm_cp.2_3                             0x000012a0   Number         4  main.o(.text.main)
    __arm_cp.2_4                             0x000012a4   Number         4  main.o(.text.main)
    __arm_cp.2_5                             0x000012a8   Number         4  main.o(.text.main)
    __arm_cp.2_6                             0x000012ac   Number         4  main.o(.text.main)
    __arm_cp.2_7                             0x000012b0   Number         4  main.o(.text.main)
    __arm_cp.2_8                             0x000012b4   Number         4  main.o(.text.main)
    __arm_cp.2_9                             0x000012b8   Number         4  main.o(.text.main)
    __arm_cp.2_10                            0x000012bc   Number         4  main.o(.text.main)
    __arm_cp.2_11                            0x000012c0   Number         4  main.o(.text.main)
    __arm_cp.2_12                            0x000012c4   Number         4  main.o(.text.main)
    __arm_cp.2_13                            0x000012c8   Number         4  main.o(.text.main)
    __arm_cp.2_14                            0x000012cc   Number         4  main.o(.text.main)
    __arm_cp.2_15                            0x000012d0   Number         4  main.o(.text.main)
    __arm_cp.2_16                            0x000012d4   Number         4  main.o(.text.main)
    __arm_cp.2_17                            0x000012d8   Number         4  main.o(.text.main)
    __arm_cp.2_18                            0x000012dc   Number         4  main.o(.text.main)
    __arm_cp.2_19                            0x000012e0   Number         4  main.o(.text.main)
    i._fgeq                                  0x00001304   Section        0  fcmp.o(i._fgeq)
    i._fgr                                   0x0000131a   Section        0  fcmp.o(i._fgr)
    i._fleq                                  0x00001330   Section        0  fcmp.o(i._fleq)
    i._fls                                   0x0000134a   Section        0  fcmp.o(i._fls)
    i._is_digit                              0x00001360   Section        0  __printf_wp.o(i._is_digit)
    x$fpl$fadd                               0x00001370   Section      140  faddsub.o(x$fpl$fadd)
    _fadd1                                   0x0000137d   Thumb Code     0  faddsub.o(x$fpl$fadd)
    x$fpl$fgeqf                              0x000013fc   Section       84  fgef.o(x$fpl$fgeqf)
    x$fpl$fleqf                              0x00001450   Section       84  flef.o(x$fpl$fleqf)
    x$fpl$fmul                               0x000014a4   Section      176  fmul.o(x$fpl$fmul)
    x$fpl$fsub                               0x00001554   Section      208  faddsub.o(x$fpl$fsub)
    _fsub1                                   0x00001561   Thumb Code     0  faddsub.o(x$fpl$fsub)
    uc_hextab                                0x00001624   Data          20  _printf_hex_int.o(.constdata)
    .constdata                               0x00001624   Section       40  _printf_hex_int.o(.constdata)
    x$fpl$usenofp                            0x00001624   Section        0  usenofp.o(x$fpl$usenofp)
    lc_hextab                                0x00001638   Data          20  _printf_hex_int.o(.constdata)
    maptable                                 0x0000164c   Data          17  __printf_flags_wp.o(.constdata)
    .constdata                               0x0000164c   Section       17  __printf_flags_wp.o(.constdata)
    fdiv_tab                                 0x0000165d   Data          64  fdiv.o(.constdata)
    .constdata                               0x0000165d   Section       64  fdiv.o(.constdata)
    [Anonymous Symbol]                       0x0000169d   Section        0  main.o(.rodata.str1.1)
    lcd_backlight                            0x1ffffc10   Data           1  lcd1602.o(.data.lcd_backlight)
    [Anonymous Symbol]                       0x1ffffc10   Section        0  lcd1602.o(.data.lcd_backlight)
    .bss                                     0x1ffffc18   Section       96  libspace.o(.bss)
    error                                    0x1ffffc79   Data           1  i2c.o(.bss.error)
    [Anonymous Symbol]                       0x1ffffc79   Section        0  i2c.o(.bss.error)
    main.mode                                0x1ffffc7a   Data           1  main.o(.bss.main.mode)
    [Anonymous Symbol]                       0x1ffffc7a   Section        0  main.o(.bss.main.mode)
    pcf_address                              0x1ffffc7b   Data           1  lcd1602.o(.bss.pcf_address)
    [Anonymous Symbol]                       0x1ffffc7b   Section        0  lcd1602.o(.bss.pcf_address)
    Heap_Mem                                 0x1ffffc80   Data           0  startup_mkl05z4.o(HEAP)
    Stack_Mem                                0x1ffffc80   Data         256  startup_mkl05z4.o(STACK)
    HEAP                                     0x1ffffc80   Section        0  startup_mkl05z4.o(HEAP)
    STACK                                    0x1ffffc80   Section      256  startup_mkl05z4.o(STACK)
    __initial_sp                             0x1ffffd80   Data           0  startup_mkl05z4.o(STACK)

    Global Symbols

    Symbol Name                              Value     Ov Type        Size  Object(Section)

    BuildAttributes$$THM_ISAv3M$S$PE$A:L22$X:L11$S22$IEEE1$IW$~IW$USESV6$~STKCKD$USESV7$~SHL$OTIME$ROPI$EBA8$UX$STANDARDLIB$REQ8$PRES8$EABIv2 0x00000000   Number         0  anon$$obj.o ABSOLUTE
    __Vectors                                0x00000000   Data           4  startup_mkl05z4.o(RESET)
    _printf_flags                            0x00000000   Number         0  printf_stubs.o ABSOLUTE
    _printf_return_value                     0x00000000   Number         0  printf_stubs.o ABSOLUTE
    _printf_sizespec                         0x00000000   Number         0  printf_stubs.o ABSOLUTE
    _printf_widthprec                        0x00000000   Number         0  printf_stubs.o ABSOLUTE
    __ARM_exceptions_init                     - Undefined Weak Reference
    __alloca_initialize                       - Undefined Weak Reference
    __arm_preinit_                            - Undefined Weak Reference
    __cpp_initialize__aeabi_                  - Undefined Weak Reference
    __cxa_finalize                            - Undefined Weak Reference
    __rt_locale                               - Undefined Weak Reference
    __sigvec_lookup                           - Undefined Weak Reference
    _atexit_init                              - Undefined Weak Reference
    _call_atexit_fns                          - Undefined Weak Reference
    _clock_init                               - Undefined Weak Reference
    _fp_trap_init                             - Undefined Weak Reference
    _fp_trap_shutdown                         - Undefined Weak Reference
    _get_lc_collate                           - Undefined Weak Reference
    _get_lc_ctype                             - Undefined Weak Reference
    _get_lc_monetary                          - Undefined Weak Reference
    _get_lc_numeric                           - Undefined Weak Reference
    _get_lc_time                              - Undefined Weak Reference
    _getenv_init                              - Undefined Weak Reference
    _handle_redirection                       - Undefined Weak Reference
    _init_alloc                               - Undefined Weak Reference
    _init_user_alloc                          - Undefined Weak Reference
    _initio                                   - Undefined Weak Reference
    _printf_truncate_signed                   - Undefined Weak Reference
    _printf_truncate_unsigned                 - Undefined Weak Reference
    _rand_init                                - Undefined Weak Reference
    _signal_finish                            - Undefined Weak Reference
    _signal_init                              - Undefined Weak Reference
    _terminate_alloc                          - Undefined Weak Reference
    _terminate_user_alloc                     - Undefined Weak Reference
    _terminateio                              - Undefined Weak Reference
    __Vectors_End                            0x000000c0   Data           0  startup_mkl05z4.o(RESET)
    __Vectors_Size                           0x000000c0   Number         0  startup_mkl05z4.o ABSOLUTE
    __main                                   0x000000c1   Thumb Code     8  __main.o(!!!main)
    __scatterload                            0x000000c9   Thumb Code     0  __scatter.o(!!!scatter)
    __scatterload_rt2                        0x000000c9   Thumb Code    52  __scatter.o(!!!scatter)
    __scatterload_rt2_thumb_only             0x000000c9   Thumb Code     0  __scatter.o(!!!scatter)
    __scatterload_null                       0x000000d9   Thumb Code     0  __scatter.o(!!!scatter)
    __scatterload_copy                       0x00000105   Thumb Code    26  __scatter_copy.o(!!handler_copy)
    __scatterload_zeroinit                   0x00000121   Thumb Code    28  __scatter_zi.o(!!handler_zi)
    _printf_percent                          0x0000013d   Thumb Code     0  _printf_percent.o(.ARM.Collect$$_printf_percent$$00000000)
    _printf_d                                0x0000013f   Thumb Code     0  _printf_d.o(.ARM.Collect$$_printf_percent$$00000009)
    _printf_x                                0x00000149   Thumb Code     0  _printf_x.o(.ARM.Collect$$_printf_percent$$0000000C)
    _printf_percent_end                      0x00000153   Thumb Code     0  _printf_percent_end.o(.ARM.Collect$$_printf_percent$$00000017)
    __rt_lib_init                            0x00000157   Thumb Code     0  libinit.o(.ARM.Collect$$libinit$$00000000)
    __rt_lib_init_alloca_1                   0x00000159   Thumb Code     0  libinit2.o(.ARM.Collect$$libinit$$0000002E)
    __rt_lib_init_argv_1                     0x00000159   Thumb Code     0  libinit2.o(.ARM.Collect$$libinit$$0000002C)
    __rt_lib_init_atexit_1                   0x00000159   Thumb Code     0  libinit2.o(.ARM.Collect$$libinit$$0000001B)
    __rt_lib_init_clock_1                    0x00000159   Thumb Code     0  libinit2.o(.ARM.Collect$$libinit$$00000021)
    __rt_lib_init_cpp_1                      0x00000159   Thumb Code     0  libinit2.o(.ARM.Collect$$libinit$$00000032)
    __rt_lib_init_exceptions_1               0x00000159   Thumb Code     0  libinit2.o(.ARM.Collect$$libinit$$00000030)
    __rt_lib_init_fp_1                       0x00000159   Thumb Code     0  libinit2.o(.ARM.Collect$$libinit$$00000002)
    __rt_lib_init_fp_trap_1                  0x00000159   Thumb Code     0  libinit2.o(.ARM.Collect$$libinit$$0000001F)
    __rt_lib_init_getenv_1                   0x00000159   Thumb Code     0  libinit2.o(.ARM.Collect$$libinit$$00000023)
    __rt_lib_init_heap_1                     0x00000159   Thumb Code     0  libinit2.o(.ARM.Collect$$libinit$$0000000A)
    __rt_lib_init_lc_collate_1               0x00000159   Thumb Code     0  libinit2.o(.ARM.Collect$$libinit$$00000011)
    __rt_lib_init_lc_ctype_1                 0x00000159   Thumb Code     0  libinit2.o(.ARM.Collect$$libinit$$00000013)
    __rt_lib_init_lc_monetary_1              0x00000159   Thumb Code     0  libinit2.o(.ARM.Collect$$libinit$$00000015)
    __rt_lib_init_lc_numeric_1               0x00000159   Thumb Code     0  libinit2.o(.ARM.Collect$$libinit$$00000017)
    __rt_lib_init_lc_time_1                  0x00000159   Thumb Code     0  libinit2.o(.ARM.Collect$$libinit$$00000019)
    __rt_lib_init_preinit_1                  0x00000159   Thumb Code     0  libinit2.o(.ARM.Collect$$libinit$$00000004)
    __rt_lib_init_rand_1                     0x00000159   Thumb Code     0  libinit2.o(.ARM.Collect$$libinit$$0000000E)
    __rt_lib_init_return                     0x00000159   Thumb Code     0  libinit2.o(.ARM.Collect$$libinit$$00000033)
    __rt_lib_init_signal_1                   0x00000159   Thumb Code     0  libinit2.o(.ARM.Collect$$libinit$$0000001D)
    __rt_lib_init_stdio_1                    0x00000159   Thumb Code     0  libinit2.o(.ARM.Collect$$libinit$$00000025)
    __rt_lib_init_user_alloc_1               0x00000159   Thumb Code     0  libinit2.o(.ARM.Collect$$libinit$$0000000C)
    __rt_lib_shutdown                        0x0000015b   Thumb Code     0  libshutdown.o(.ARM.Collect$$libshutdown$$00000000)
    __rt_lib_shutdown_cpp_1                  0x0000015d   Thumb Code     0  libshutdown2.o(.ARM.Collect$$libshutdown$$00000002)
    __rt_lib_shutdown_fp_trap_1              0x0000015d   Thumb Code     0  libshutdown2.o(.ARM.Collect$$libshutdown$$00000007)
    __rt_lib_shutdown_heap_1                 0x0000015d   Thumb Code     0  libshutdown2.o(.ARM.Collect$$libshutdown$$0000000F)
    __rt_lib_shutdown_return                 0x0000015d   Thumb Code     0  libshutdown2.o(.ARM.Collect$$libshutdown$$00000010)
    __rt_lib_shutdown_signal_1               0x0000015d   Thumb Code     0  libshutdown2.o(.ARM.Collect$$libshutdown$$0000000A)
    __rt_lib_shutdown_stdio_1                0x0000015d   Thumb Code     0  libshutdown2.o(.ARM.Collect$$libshutdown$$00000004)
    __rt_lib_shutdown_user_alloc_1           0x0000015d   Thumb Code     0  libshutdown2.o(.ARM.Collect$$libshutdown$$0000000C)
    __rt_entry                               0x0000015f   Thumb Code     0  __rtentry.o(.ARM.Collect$$rtentry$$00000000)
    __rt_entry_presh_1                       0x0000015f   Thumb Code     0  __rtentry2.o(.ARM.Collect$$rtentry$$00000002)
    __rt_entry_sh                            0x0000015f   Thumb Code     0  __rtentry4.o(.ARM.Collect$$rtentry$$00000004)
    __rt_entry_li                            0x00000165   Thumb Code     0  __rtentry2.o(.ARM.Collect$$rtentry$$0000000A)
    __rt_entry_postsh_1                      0x00000165   Thumb Code     0  __rtentry2.o(.ARM.Collect$$rtentry$$00000009)
    __rt_entry_main                          0x00000169   Thumb Code     0  __rtentry2.o(.ARM.Collect$$rtentry$$0000000D)
    __rt_entry_postli_1                      0x00000169   Thumb Code     0  __rtentry2.o(.ARM.Collect$$rtentry$$0000000C)
    __rt_exit                                0x00000171   Thumb Code     0  rtexit.o(.ARM.Collect$$rtexit$$00000000)
    __rt_exit_ls                             0x00000173   Thumb Code     0  rtexit2.o(.ARM.Collect$$rtexit$$00000003)
    __rt_exit_prels_1                        0x00000173   Thumb Code     0  rtexit2.o(.ARM.Collect$$rtexit$$00000002)
    __rt_exit_exit                           0x00000177   Thumb Code     0  rtexit2.o(.ARM.Collect$$rtexit$$00000004)
    Reset_Handler                            0x0000017d   Thumb Code     8  startup_mkl05z4.o(.text)
    NMI_Handler                              0x00000185   Thumb Code     2  startup_mkl05z4.o(.text)
    HardFault_Handler                        0x00000187   Thumb Code     2  startup_mkl05z4.o(.text)
    SVC_Handler                              0x00000189   Thumb Code     2  startup_mkl05z4.o(.text)
    PendSV_Handler                           0x0000018b   Thumb Code     2  startup_mkl05z4.o(.text)
    SysTick_Handler                          0x0000018d   Thumb Code     2  startup_mkl05z4.o(.text)
    ADC0_IRQHandler                          0x0000018f   Thumb Code     0  startup_mkl05z4.o(.text)
    CMP0_IRQHandler                          0x0000018f   Thumb Code     0  startup_mkl05z4.o(.text)
    DAC0_IRQHandler                          0x0000018f   Thumb Code     0  startup_mkl05z4.o(.text)
    DMA0_IRQHandler                          0x0000018f   Thumb Code     0  startup_mkl05z4.o(.text)
    DMA1_IRQHandler                          0x0000018f   Thumb Code     0  startup_mkl05z4.o(.text)
    DMA2_IRQHandler                          0x0000018f   Thumb Code     0  startup_mkl05z4.o(.text)
    DMA3_IRQHandler                          0x0000018f   Thumb Code     0  startup_mkl05z4.o(.text)
    DefaultISR                               0x0000018f   Thumb Code     0  startup_mkl05z4.o(.text)
    FTFA_IRQHandler                          0x0000018f   Thumb Code     0  startup_mkl05z4.o(.text)
    I2C0_IRQHandler                          0x0000018f   Thumb Code     0  startup_mkl05z4.o(.text)
    LLW_IRQHandler                           0x0000018f   Thumb Code     0  startup_mkl05z4.o(.text)
    LPTimer_IRQHandler                       0x0000018f   Thumb Code     0  startup_mkl05z4.o(.text)
    LVD_LVW_IRQHandler                       0x0000018f   Thumb Code     0  startup_mkl05z4.o(.text)
    MCG_IRQHandler                           0x0000018f   Thumb Code     0  startup_mkl05z4.o(.text)
    PIT_IRQHandler                           0x0000018f   Thumb Code     0  startup_mkl05z4.o(.text)
    PORTA_IRQHandler                         0x0000018f   Thumb Code     0  startup_mkl05z4.o(.text)
    PORTB_IRQHandler                         0x0000018f   Thumb Code     0  startup_mkl05z4.o(.text)
    RTC_IRQHandler                           0x0000018f   Thumb Code     0  startup_mkl05z4.o(.text)
    RTC_Seconds_IRQHandler                   0x0000018f   Thumb Code     0  startup_mkl05z4.o(.text)
    Reserved20_IRQHandler                    0x0000018f   Thumb Code     0  startup_mkl05z4.o(.text)
    Reserved25_IRQHandler                    0x0000018f   Thumb Code     0  startup_mkl05z4.o(.text)
    Reserved27_IRQHandler                    0x0000018f   Thumb Code     0  startup_mkl05z4.o(.text)
    Reserved29_IRQHandler                    0x0000018f   Thumb Code     0  startup_mkl05z4.o(.text)
    Reserved30_IRQHandler                    0x0000018f   Thumb Code     0  startup_mkl05z4.o(.text)
    Reserved35_IRQHandler                    0x0000018f   Thumb Code     0  startup_mkl05z4.o(.text)
    Reserved39_IRQHandler                    0x0000018f   Thumb Code     0  startup_mkl05z4.o(.text)
    Reserved40_IRQHandler                    0x0000018f   Thumb Code     0  startup_mkl05z4.o(.text)
    Reserved45_IRQHandler                    0x0000018f   Thumb Code     0  startup_mkl05z4.o(.text)
    SPI0_IRQHandler                          0x0000018f   Thumb Code     0  startup_mkl05z4.o(.text)
    TPM0_IRQHandler                          0x0000018f   Thumb Code     0  startup_mkl05z4.o(.text)
    TPM1_IRQHandler                          0x0000018f   Thumb Code     0  startup_mkl05z4.o(.text)
    TSI0_IRQHandler                          0x0000018f   Thumb Code     0  startup_mkl05z4.o(.text)
    UART0_IRQHandler                         0x0000018f   Thumb Code     0  startup_mkl05z4.o(.text)
    __user_initial_stackheap                 0x00000191   Thumb Code     0  startup_mkl05z4.o(.text)
    __2sprintf                               0x000001b1   Thumb Code    36  noretval__2sprintf.o(.text)
    _printf_pre_padding                      0x000001d9   Thumb Code    44  _printf_pad.o(.text)
    _printf_post_padding                     0x00000205   Thumb Code    34  _printf_pad.o(.text)
    _printf_int_dec                          0x00000229   Thumb Code    90  _printf_dec.o(.text)
    _printf_int_hex                          0x00000295   Thumb Code    84  _printf_hex_int.o(.text)
    _printf_longlong_hex                     0x00000295   Thumb Code     0  _printf_hex_int.o(.text)
    __use_two_region_memory                  0x000002ed   Thumb Code     2  heapauxi.o(.text)
    __rt_heap_escrow$2region                 0x000002ef   Thumb Code     2  heapauxi.o(.text)
    __rt_heap_expand$2region                 0x000002f1   Thumb Code     2  heapauxi.o(.text)
    __aeabi_f2iz                             0x000002f3   Thumb Code     0  ffixi.o(.text)
    _ffix                                    0x000002f3   Thumb Code    76  ffixi.o(.text)
    __aeabi_i2f_normalise                    0x0000033f   Thumb Code    72  fflti.o(.text)
    __aeabi_i2f                              0x00000387   Thumb Code    16  fflti.o(.text)
    _fflt                                    0x00000387   Thumb Code     0  fflti.o(.text)
    __aeabi_ui2f                             0x00000397   Thumb Code     6  fflti.o(.text)
    _ffltu                                   0x00000397   Thumb Code     0  fflti.o(.text)
    _printf_char_common                      0x000003a7   Thumb Code    32  _printf_char_common.o(.text)
    _sputc                                   0x000003cd   Thumb Code    10  _sputc.o(.text)
    __rt_udiv10                              0x000003d7   Thumb Code    40  rtudiv10.o(.text)
    __I$use$semihosting                      0x000003ff   Thumb Code     0  use_no_semi.o(.text)
    __use_no_semihosting_swi                 0x000003ff   Thumb Code     2  use_no_semi.o(.text)
    __printf                                 0x00000411   Thumb Code   306  __printf_flags_wp.o(.text)
    __aeabi_fdiv                             0x00000549   Thumb Code     0  fdiv.o(.text)
    _fdiv                                    0x00000549   Thumb Code   334  fdiv.o(.text)
    _frdiv                                   0x00000697   Thumb Code     8  fdiv.o(.text)
    _printf_int_common                       0x000006a9   Thumb Code   176  _printf_intcommon.o(.text)
    __fpl_fcmp_InfNaN                        0x00000759   Thumb Code    96  fcmpin.o(.text)
    __user_setup_stackheap                   0x000007bd   Thumb Code    62  sys_stackheap_outer.o(.text)
    exit                                     0x000007fb   Thumb Code    16  exit.o(.text)
    __fpl_cmpreturn                          0x0000080b   Thumb Code    46  cmpret.o(.text)
    __fpl_fcheck_NaN2                        0x00000839   Thumb Code    10  fnan2.o(.text)
    __user_libspace                          0x00000849   Thumb Code     8  libspace.o(.text)
    __user_perproc_libspace                  0x00000849   Thumb Code     0  libspace.o(.text)
    __user_perthread_libspace                0x00000849   Thumb Code     0  libspace.o(.text)
    __fpl_return_NaN                         0x00000851   Thumb Code    94  retnan.o(.text)
    _sys_exit                                0x000008b1   Thumb Code     8  sys_exit.o(.text)
    I2C_Init                                 0x000008bd   Thumb Code    64  i2c.o(.text.I2C_Init)
    __semihosting_library_function           0x000008bd   Thumb Code     0  indicate_semi.o(.text)
    I2C_Ping                                 0x00000909   Thumb Code    48  i2c.o(.text.I2C_Ping)
    I2C_Read                                 0x00000939   Thumb Code    76  i2c.o(.text.I2C_Read)
    I2C_ReadReg                              0x00000985   Thumb Code   112  i2c.o(.text.I2C_ReadReg)
    I2C_ReadRegBlock                         0x000009f5   Thumb Code   168  i2c.o(.text.I2C_ReadRegBlock)
    I2C_Write                                0x00000aa1   Thumb Code    60  i2c.o(.text.I2C_Write)
    I2C_WriteReg                             0x00000add   Thumb Code    76  i2c.o(.text.I2C_WriteReg)
    Klaw_Init                                0x00000b2d   Thumb Code    68  main.o(.text.Klaw_Init)
    LCD1602_BF_AC                            0x00000b75   Thumb Code   200  lcd1602.o(.text.LCD1602_BF_AC)
    LCD1602_Backlight                        0x00000c3d   Thumb Code    16  lcd1602.o(.text.LCD1602_Backlight)
    LCD1602_CheckAddress                     0x00000c4d   Thumb Code    40  lcd1602.o(.text.LCD1602_CheckAddress)
    LCD1602_ClearAll                         0x00000c75   Thumb Code    12  lcd1602.o(.text.LCD1602_ClearAll)
    LCD1602_Init                             0x00000c81   Thumb Code    72  lcd1602.o(.text.LCD1602_Init)
    LCD1602_Print                            0x00000ccd   Thumb Code    32  lcd1602.o(.text.LCD1602_Print)
    LCD1602_SetCursor                        0x00000ced   Thumb Code    30  lcd1602.o(.text.LCD1602_SetCursor)
    LCD1602_Write4                           0x00000d0b   Thumb Code    26  lcd1602.o(.text.LCD1602_Write4)
    LCD1602_Write8                           0x00000d25   Thumb Code    40  lcd1602.o(.text.LCD1602_Write8)
    LED_Init                                 0x00000d4d   Thumb Code    56  main.o(.text.LED_Init)
    PCF8574_Write                            0x00000d91   Thumb Code    36  lcd1602.o(.text.PCF8574_Write)
    SystemInit                               0x00000dbd   Thumb Code    60  system_mkl05z4.o(.text.SystemInit)
    i2c_ack                                  0x00000e09   Thumb Code    12  i2c.o(.text.i2c_ack)
    i2c_clr_IICIF                            0x00000e15   Thumb Code    12  i2c.o(.text.i2c_clr_IICIF)
    i2c_disable                              0x00000e21   Thumb Code    12  i2c.o(.text.i2c_disable)
    i2c_enable                               0x00000e2d   Thumb Code    12  i2c.o(.text.i2c_enable)
    i2c_m_rstart                             0x00000e39   Thumb Code    20  i2c.o(.text.i2c_m_rstart)
    i2c_m_start                              0x00000e51   Thumb Code    12  i2c.o(.text.i2c_m_start)
    i2c_m_stop                               0x00000e5d   Thumb Code    12  i2c.o(.text.i2c_m_stop)
    i2c_nack                                 0x00000e69   Thumb Code    12  i2c.o(.text.i2c_nack)
    i2c_rec                                  0x00000e75   Thumb Code    12  i2c.o(.text.i2c_rec)
    i2c_recv                                 0x00000e81   Thumb Code     8  i2c.o(.text.i2c_recv)
    i2c_send                                 0x00000e89   Thumb Code     8  i2c.o(.text.i2c_send)
    i2c_tran                                 0x00000e95   Thumb Code    12  i2c.o(.text.i2c_tran)
    i2c_wait                                 0x00000ea5   Thumb Code    80  i2c.o(.text.i2c_wait)
    i2c_wait_rec                             0x00000ef5   Thumb Code    64  i2c.o(.text.i2c_wait_rec)
    main                                     0x00000f41   Thumb Code   840  main.o(.text.main)
    __aeabi_fcmpge                           0x00001305   Thumb Code     0  fcmp.o(i._fgeq)
    _fgeq                                    0x00001305   Thumb Code    22  fcmp.o(i._fgeq)
    __aeabi_fcmpgt                           0x0000131b   Thumb Code     0  fcmp.o(i._fgr)
    _fgr                                     0x0000131b   Thumb Code    22  fcmp.o(i._fgr)
    __aeabi_fcmple                           0x00001331   Thumb Code     0  fcmp.o(i._fleq)
    _fleq                                    0x00001331   Thumb Code    26  fcmp.o(i._fleq)
    __aeabi_fcmplt                           0x0000134b   Thumb Code     0  fcmp.o(i._fls)
    _fls                                     0x0000134b   Thumb Code    22  fcmp.o(i._fls)
    _is_digit                                0x00001361   Thumb Code    14  __printf_wp.o(i._is_digit)
    __aeabi_fadd                             0x00001371   Thumb Code     0  faddsub.o(x$fpl$fadd)
    _fadd                                    0x00001371   Thumb Code   134  faddsub.o(x$fpl$fadd)
    _fcmpge                                  0x000013fd   Thumb Code    78  fgef.o(x$fpl$fgeqf)
    __aeabi_cfcmple                          0x00001451   Thumb Code     0  flef.o(x$fpl$fleqf)
    _fcmple                                  0x00001451   Thumb Code    78  flef.o(x$fpl$fleqf)
    __aeabi_fmul                             0x000014a5   Thumb Code     0  fmul.o(x$fpl$fmul)
    _fmul                                    0x000014a5   Thumb Code   172  fmul.o(x$fpl$fmul)
    __aeabi_fsub                             0x00001555   Thumb Code     0  faddsub.o(x$fpl$fsub)
    _fsub                                    0x00001555   Thumb Code   204  faddsub.o(x$fpl$fsub)
    __I$use$fp                               0x00001624   Number         0  usenofp.o(x$fpl$usenofp)
    Region$$Table$$Base                      0x000016c8   Number         0  anon$$obj.o(Region$$Table)
    Region$$Table$$Limit                     0x000016e8   Number         0  anon$$obj.o(Region$$Table)
    H_max                                    0x1ffffc00   Data           4  main.o(.data.H_max)
    H_min                                    0x1ffffc04   Data           4  main.o(.data.H_min)
    T_max                                    0x1ffffc08   Data           4  main.o(.data.T_max)
    T_min                                    0x1ffffc0c   Data           4  main.o(.data.T_min)
    __libspace_start                         0x1ffffc18   Data          96  libspace.o(.bss)
    __temporary_stack_top$libspace           0x1ffffc78   Data           0  libspace.o(.bss)
    dummy                                    0x1ffffc78   Data           1  i2c.o(.bss.dummy)



==============================================================================

Memory Map of the image

  Image Entry point : 0x0000017d

  Load Region LR_1 (Base: 0x00000000, Size: 0x000016fc, Max: 0xffffffff, ABSOLUTE)

    Execution Region ER_RO (Exec base: 0x00000000, Load base: 0x00000000, Size: 0x000016e8, Max: 0xffffffff, ABSOLUTE)

    Exec Addr    Load Addr    Size         Type   Attr      Idx    E Section Name        Object

    0x00000000   0x00000000   0x000000c0   Data   RO          129    RESET               startup_mkl05z4.o
    0x000000c0   0x000000c0   0x00000008   Code   RO          218  * !!!main             c_p.l(__main.o)
    0x000000c8   0x000000c8   0x0000003c   Code   RO          446    !!!scatter          c_p.l(__scatter.o)
    0x00000104   0x00000104   0x0000001a   Code   RO          448    !!handler_copy      c_p.l(__scatter_copy.o)
    0x0000011e   0x0000011e   0x00000002   PAD
    0x00000120   0x00000120   0x0000001c   Code   RO          450    !!handler_zi        c_p.l(__scatter_zi.o)
    0x0000013c   0x0000013c   0x00000002   Code   RO          207    .ARM.Collect$$_printf_percent$$00000000  c_p.l(_printf_percent.o)
    0x0000013e   0x0000013e   0x0000000a   Code   RO          206    .ARM.Collect$$_printf_percent$$00000009  c_p.l(_printf_d.o)
    0x00000148   0x00000148   0x0000000a   Code   RO          205    .ARM.Collect$$_printf_percent$$0000000C  c_p.l(_printf_x.o)
    0x00000152   0x00000152   0x00000004   Code   RO          258    .ARM.Collect$$_printf_percent$$00000017  c_p.l(_printf_percent_end.o)
    0x00000156   0x00000156   0x00000002   Code   RO          303    .ARM.Collect$$libinit$$00000000  c_p.l(libinit.o)
    0x00000158   0x00000158   0x00000000   Code   RO          321    .ARM.Collect$$libinit$$00000002  c_p.l(libinit2.o)
    0x00000158   0x00000158   0x00000000   Code   RO          323    .ARM.Collect$$libinit$$00000004  c_p.l(libinit2.o)
    0x00000158   0x00000158   0x00000000   Code   RO          326    .ARM.Collect$$libinit$$0000000A  c_p.l(libinit2.o)
    0x00000158   0x00000158   0x00000000   Code   RO          328    .ARM.Collect$$libinit$$0000000C  c_p.l(libinit2.o)
    0x00000158   0x00000158   0x00000000   Code   RO          330    .ARM.Collect$$libinit$$0000000E  c_p.l(libinit2.o)
    0x00000158   0x00000158   0x00000000   Code   RO          333    .ARM.Collect$$libinit$$00000011  c_p.l(libinit2.o)
    0x00000158   0x00000158   0x00000000   Code   RO          335    .ARM.Collect$$libinit$$00000013  c_p.l(libinit2.o)
    0x00000158   0x00000158   0x00000000   Code   RO          337    .ARM.Collect$$libinit$$00000015  c_p.l(libinit2.o)
    0x00000158   0x00000158   0x00000000   Code   RO          339    .ARM.Collect$$libinit$$00000017  c_p.l(libinit2.o)
    0x00000158   0x00000158   0x00000000   Code   RO          341    .ARM.Collect$$libinit$$00000019  c_p.l(libinit2.o)
    0x00000158   0x00000158   0x00000000   Code   RO          343    .ARM.Collect$$libinit$$0000001B  c_p.l(libinit2.o)
    0x00000158   0x00000158   0x00000000   Code   RO          345    .ARM.Collect$$libinit$$0000001D  c_p.l(libinit2.o)
    0x00000158   0x00000158   0x00000000   Code   RO          347    .ARM.Collect$$libinit$$0000001F  c_p.l(libinit2.o)
    0x00000158   0x00000158   0x00000000   Code   RO          349    .ARM.Collect$$libinit$$00000021  c_p.l(libinit2.o)
    0x00000158   0x00000158   0x00000000   Code   RO          351    .ARM.Collect$$libinit$$00000023  c_p.l(libinit2.o)
    0x00000158   0x00000158   0x00000000   Code   RO          353    .ARM.Collect$$libinit$$00000025  c_p.l(libinit2.o)
    0x00000158   0x00000158   0x00000000   Code   RO          357    .ARM.Collect$$libinit$$0000002C  c_p.l(libinit2.o)
    0x00000158   0x00000158   0x00000000   Code   RO          359    .ARM.Collect$$libinit$$0000002E  c_p.l(libinit2.o)
    0x00000158   0x00000158   0x00000000   Code   RO          361    .ARM.Collect$$libinit$$00000030  c_p.l(libinit2.o)
    0x00000158   0x00000158   0x00000000   Code   RO          363    .ARM.Collect$$libinit$$00000032  c_p.l(libinit2.o)
    0x00000158   0x00000158   0x00000002   Code   RO          364    .ARM.Collect$$libinit$$00000033  c_p.l(libinit2.o)
    0x0000015a   0x0000015a   0x00000002   Code   RO          401    .ARM.Collect$$libshutdown$$00000000  c_p.l(libshutdown.o)
    0x0000015c   0x0000015c   0x00000000   Code   RO          429    .ARM.Collect$$libshutdown$$00000002  c_p.l(libshutdown2.o)
    0x0000015c   0x0000015c   0x00000000   Code   RO          431    .ARM.Collect$$libshutdown$$00000004  c_p.l(libshutdown2.o)
    0x0000015c   0x0000015c   0x00000000   Code   RO          434    .ARM.Collect$$libshutdown$$00000007  c_p.l(libshutdown2.o)
    0x0000015c   0x0000015c   0x00000000   Code   RO          437    .ARM.Collect$$libshutdown$$0000000A  c_p.l(libshutdown2.o)
    0x0000015c   0x0000015c   0x00000000   Code   RO          439    .ARM.Collect$$libshutdown$$0000000C  c_p.l(libshutdown2.o)
    0x0000015c   0x0000015c   0x00000000   Code   RO          442    .ARM.Collect$$libshutdown$$0000000F  c_p.l(libshutdown2.o)
    0x0000015c   0x0000015c   0x00000002   Code   RO          443    .ARM.Collect$$libshutdown$$00000010  c_p.l(libshutdown2.o)
    0x0000015e   0x0000015e   0x00000000   Code   RO          247    .ARM.Collect$$rtentry$$00000000  c_p.l(__rtentry.o)
    0x0000015e   0x0000015e   0x00000000   Code   RO          269    .ARM.Collect$$rtentry$$00000002  c_p.l(__rtentry2.o)
    0x0000015e   0x0000015e   0x00000006   Code   RO          281    .ARM.Collect$$rtentry$$00000004  c_p.l(__rtentry4.o)
    0x00000164   0x00000164   0x00000000   Code   RO          271    .ARM.Collect$$rtentry$$00000009  c_p.l(__rtentry2.o)
    0x00000164   0x00000164   0x00000004   Code   RO          272    .ARM.Collect$$rtentry$$0000000A  c_p.l(__rtentry2.o)
    0x00000168   0x00000168   0x00000000   Code   RO          274    .ARM.Collect$$rtentry$$0000000C  c_p.l(__rtentry2.o)
    0x00000168   0x00000168   0x00000008   Code   RO          275    .ARM.Collect$$rtentry$$0000000D  c_p.l(__rtentry2.o)
    0x00000170   0x00000170   0x00000002   Code   RO          312    .ARM.Collect$$rtexit$$00000000  c_p.l(rtexit.o)
    0x00000172   0x00000172   0x00000000   Code   RO          372    .ARM.Collect$$rtexit$$00000002  c_p.l(rtexit2.o)
    0x00000172   0x00000172   0x00000004   Code   RO          373    .ARM.Collect$$rtexit$$00000003  c_p.l(rtexit2.o)
    0x00000176   0x00000176   0x00000006   Code   RO          374    .ARM.Collect$$rtexit$$00000004  c_p.l(rtexit2.o)
    0x0000017c   0x0000017c   0x00000034   Code   RO          131  * .text               startup_mkl05z4.o
    0x000001b0   0x000001b0   0x00000028   Code   RO          156    .text               c_p.l(noretval__2sprintf.o)
    0x000001d8   0x000001d8   0x0000004e   Code   RO          160    .text               c_p.l(_printf_pad.o)
    0x00000226   0x00000226   0x00000002   PAD
    0x00000228   0x00000228   0x0000006c   Code   RO          162    .text               c_p.l(_printf_dec.o)
    0x00000294   0x00000294   0x00000058   Code   RO          167    .text               c_p.l(_printf_hex_int.o)
    0x000002ec   0x000002ec   0x00000006   Code   RO          216    .text               c_p.l(heapauxi.o)
    0x000002f2   0x000002f2   0x0000004c   Code   RO          241    .text               fz_ps.l(ffixi.o)
    0x0000033e   0x0000033e   0x0000005e   Code   RO          243    .text               fz_ps.l(fflti.o)
    0x0000039c   0x0000039c   0x00000030   Code   RO          254    .text               c_p.l(_printf_char_common.o)
    0x000003cc   0x000003cc   0x0000000a   Code   RO          256    .text               c_p.l(_sputc.o)
    0x000003d6   0x000003d6   0x00000028   Code   RO          259    .text               c_p.l(rtudiv10.o)
    0x000003fe   0x000003fe   0x00000002   Code   RO          390    .text               c_p.l(use_no_semi.o)
    0x00000400   0x00000400   0x00000010   Code   RO          130    .ARM.__at_0x400     startup_mkl05z4.o
    0x00000410   0x00000410   0x00000138   Code   RO          197    .text               c_p.l(__printf_flags_wp.o)
    0x00000548   0x00000548   0x00000160   Code   RO          238    .text               fz_ps.l(fdiv.o)
    0x000006a8   0x000006a8   0x000000b0   Code   RO          252    .text               c_p.l(_printf_intcommon.o)
    0x00000758   0x00000758   0x00000064   Code   RO          287    .text               fz_ps.l(fcmpin.o)
    0x000007bc   0x000007bc   0x0000003e   Code   RO          289    .text               c_p.l(sys_stackheap_outer.o)
    0x000007fa   0x000007fa   0x00000010   Code   RO          292    .text               c_p.l(exit.o)
    0x0000080a   0x0000080a   0x0000002e   Code   RO          304    .text               fz_ps.l(cmpret.o)
    0x00000838   0x00000838   0x00000010   Code   RO          306    .text               fz_ps.l(fnan2.o)
    0x00000848   0x00000848   0x00000008   Code   RO          308    .text               c_p.l(libspace.o)
    0x00000850   0x00000850   0x0000005e   Code   RO          365    .text               fz_ps.l(retnan.o)
    0x000008ae   0x000008ae   0x00000002   PAD
    0x000008b0   0x000008b0   0x0000000c   Code   RO          367    .text               c_p.l(sys_exit.o)
    0x000008bc   0x000008bc   0x00000000   Code   RO          392    .text               c_p.l(indicate_semi.o)
    0x000008bc   0x000008bc   0x0000004c   Code   RO           76    .text.I2C_Init      i2c.o
    0x00000908   0x00000908   0x00000030   Code   RO           78    .text.I2C_Ping      i2c.o
    0x00000938   0x00000938   0x0000004c   Code   RO           96    .text.I2C_Read      i2c.o
    0x00000984   0x00000984   0x00000070   Code   RO          108    .text.I2C_ReadReg   i2c.o
    0x000009f4   0x000009f4   0x000000ac   Code   RO          114    .text.I2C_ReadRegBlock  i2c.o
    0x00000aa0   0x00000aa0   0x0000003c   Code   RO           94    .text.I2C_Write     i2c.o
    0x00000adc   0x00000adc   0x00000050   Code   RO          106    .text.I2C_WriteReg  i2c.o
    0x00000b2c   0x00000b2c   0x00000048   Code   RO            4    .text.Klaw_Init     main.o
    0x00000b74   0x00000b74   0x000000c8   Code   RO           51    .text.LCD1602_BF_AC  lcd1602.o
    0x00000c3c   0x00000c3c   0x00000010   Code   RO           45    .text.LCD1602_Backlight  lcd1602.o
    0x00000c4c   0x00000c4c   0x00000028   Code   RO           25    .text.LCD1602_CheckAddress  lcd1602.o
    0x00000c74   0x00000c74   0x0000000c   Code   RO           37    .text.LCD1602_ClearAll  lcd1602.o
    0x00000c80   0x00000c80   0x0000004c   Code   RO           23    .text.LCD1602_Init  lcd1602.o
    0x00000ccc   0x00000ccc   0x00000020   Code   RO           39    .text.LCD1602_Print  lcd1602.o
    0x00000cec   0x00000cec   0x0000001e   Code   RO           35    .text.LCD1602_SetCursor  lcd1602.o
    0x00000d0a   0x00000d0a   0x0000001a   Code   RO           49    .text.LCD1602_Write4  lcd1602.o
    0x00000d24   0x00000d24   0x00000028   Code   RO           27    .text.LCD1602_Write8  lcd1602.o
    0x00000d4c   0x00000d4c   0x00000044   Code   RO            2    .text.LED_Init      main.o
    0x00000d90   0x00000d90   0x0000002c   Code   RO           47    .text.PCF8574_Write  lcd1602.o
    0x00000dbc   0x00000dbc   0x0000004c   Code   RO          140    .text.SystemInit    system_mkl05z4.o
    0x00000e08   0x00000e08   0x0000000c   Code   RO          116    .text.i2c_ack       i2c.o
    0x00000e14   0x00000e14   0x0000000c   Code   RO          110    .text.i2c_clr_IICIF  i2c.o
    0x00000e20   0x00000e20   0x0000000c   Code   RO           92    .text.i2c_disable   i2c.o
    0x00000e2c   0x00000e2c   0x0000000c   Code   RO           80    .text.i2c_enable    i2c.o
    0x00000e38   0x00000e38   0x00000018   Code   RO          112    .text.i2c_m_rstart  i2c.o
    0x00000e50   0x00000e50   0x0000000c   Code   RO           84    .text.i2c_m_start   i2c.o
    0x00000e5c   0x00000e5c   0x0000000c   Code   RO           90    .text.i2c_m_stop    i2c.o
    0x00000e68   0x00000e68   0x0000000c   Code   RO          100    .text.i2c_nack      i2c.o
    0x00000e74   0x00000e74   0x0000000c   Code   RO           98    .text.i2c_rec       i2c.o
    0x00000e80   0x00000e80   0x00000008   Code   RO          102    .text.i2c_recv      i2c.o
    0x00000e88   0x00000e88   0x0000000c   Code   RO           86    .text.i2c_send      i2c.o
    0x00000e94   0x00000e94   0x00000010   Code   RO           82    .text.i2c_tran      i2c.o
    0x00000ea4   0x00000ea4   0x00000050   Code   RO           88    .text.i2c_wait      i2c.o
    0x00000ef4   0x00000ef4   0x0000004c   Code   RO          104    .text.i2c_wait_rec  i2c.o
    0x00000f40   0x00000f40   0x000003c4   Code   RO            6    .text.main          main.o
    0x00001304   0x00001304   0x00000016   Code   RO          227    i._fgeq             fz_ps.l(fcmp.o)
    0x0000131a   0x0000131a   0x00000016   Code   RO          228    i._fgr              fz_ps.l(fcmp.o)
    0x00001330   0x00001330   0x0000001a   Code   RO          229    i._fleq             fz_ps.l(fcmp.o)
    0x0000134a   0x0000134a   0x00000016   Code   RO          230    i._fls              fz_ps.l(fcmp.o)
    0x00001360   0x00001360   0x0000000e   Code   RO          195    i._is_digit         c_p.l(__printf_wp.o)
    0x0000136e   0x0000136e   0x00000002   PAD
    0x00001370   0x00001370   0x0000008c   Code   RO          220    x$fpl$fadd          fz_ps.l(faddsub.o)
    0x000013fc   0x000013fc   0x00000054   Code   RO          263    x$fpl$fgeqf         fz_ps.l(fgef.o)
    0x00001450   0x00001450   0x00000054   Code   RO          265    x$fpl$fleqf         fz_ps.l(flef.o)
    0x000014a4   0x000014a4   0x000000b0   Code   RO          245    x$fpl$fmul          fz_ps.l(fmul.o)
    0x00001554   0x00001554   0x000000d0   Code   RO          222    x$fpl$fsub          fz_ps.l(faddsub.o)
    0x00001624   0x00001624   0x00000000   Code   RO          267    x$fpl$usenofp       fz_ps.l(usenofp.o)
    0x00001624   0x00001624   0x00000028   Data   RO          168    .constdata          c_p.l(_printf_hex_int.o)
    0x0000164c   0x0000164c   0x00000011   Data   RO          198    .constdata          c_p.l(__printf_flags_wp.o)
    0x0000165d   0x0000165d   0x00000040   Data   RO          239    .constdata          fz_ps.l(fdiv.o)
    0x0000169d   0x0000169d   0x0000002b   Data   RO           12    .rodata.str1.1      main.o
    0x000016c8   0x000016c8   0x00000020   Data   RO          445    Region$$Table       anon$$obj.o


    Execution Region ER_RW (Exec base: 0x1ffffc00, Load base: 0x000016e8, Size: 0x00000014, Max: 0xffffffff, ABSOLUTE)

    Exec Addr    Load Addr    Size         Type   Attr      Idx    E Section Name        Object

    0x1ffffc00   0x000016e8   0x00000004   Data   RW           11    .data.H_max         main.o
    0x1ffffc04   0x000016ec   0x00000004   Data   RW           10    .data.H_min         main.o
    0x1ffffc08   0x000016f0   0x00000004   Data   RW            9    .data.T_max         main.o
    0x1ffffc0c   0x000016f4   0x00000004   Data   RW            8    .data.T_min         main.o
    0x1ffffc10   0x000016f8   0x00000001   Data   RW           66    .data.lcd_backlight  lcd1602.o


    Execution Region ER_ZI (Exec base: 0x1ffffc18, Load base: 0x000016fc, Size: 0x00000168, Max: 0xffffffff, ABSOLUTE)

    Exec Addr    Load Addr    Size         Type   Attr      Idx    E Section Name        Object

    0x1ffffc18        -       0x00000060   Zero   RW          309    .bss                c_p.l(libspace.o)
    0x1ffffc78        -       0x00000001   Zero   RW          119    .bss.dummy          i2c.o
    0x1ffffc79        -       0x00000001   Zero   RW          118    .bss.error          i2c.o
    0x1ffffc7a        -       0x00000001   Zero   RW           13    .bss.main.mode      main.o
    0x1ffffc7b        -       0x00000001   Zero   RW           67    .bss.pcf_address    lcd1602.o
    0x1ffffc7c   0x000016fc   0x00000004   PAD
    0x1ffffc80        -       0x00000000   Zero   RW          128    HEAP                startup_mkl05z4.o
    0x1ffffc80        -       0x00000100   Zero   RW          127    STACK               startup_mkl05z4.o


==============================================================================

Image component sizes


      Code (inc. data)   RO Data    RW Data    ZI Data      Debug   Object Name

       936         44          0          0          2       5302   i2c.o
       516         12          0          1          1       5294   lcd1602.o
      1104        148         43         16          1       3540   main.o
        68         38        192          0        256        836   startup_mkl05z4.o
        76         16          0          0          0       2329   system_mkl05z4.o

    ----------------------------------------------------------------------
      2700        258        267         20        264      17301   Object Totals
         0          0         32          0          0          0   (incl. Generated)
         0          0          0          3          4          0   (incl. Padding)

    ----------------------------------------------------------------------

      Code (inc. data)   RO Data    RW Data    ZI Data      Debug   Library Member Name

         8          0          0          0          0         68   __main.o
       312          6         17          0          0         76   __printf_flags_wp.o
        14          0          0          0          0         60   __printf_wp.o
         0          0          0          0          0          0   __rtentry.o
        12          0          0          0          0          0   __rtentry2.o
         6          0          0          0          0          0   __rtentry4.o
        60          8          0          0          0          0   __scatter.o
        26          0          0          0          0          0   __scatter_copy.o
        28          0          0          0          0          0   __scatter_zi.o
        48          6          0          0          0         88   _printf_char_common.o
        10          0          0          0          0          0   _printf_d.o
       108         18          0          0          0         76   _printf_dec.o
        88          4         40          0          0         72   _printf_hex_int.o
       176          0          0          0          0         84   _printf_intcommon.o
        78          0          0          0          0        100   _printf_pad.o
         2          0          0          0          0          0   _printf_percent.o
         4          0          0          0          0          0   _printf_percent_end.o
        10          0          0          0          0          0   _printf_x.o
        10          0          0          0          0         60   _sputc.o
        16          0          0          0          0         68   exit.o
         6          0          0          0          0        136   heapauxi.o
         0          0          0          0          0          0   indicate_semi.o
         2          0          0          0          0          0   libinit.o
         2          0          0          0          0          0   libinit2.o
         2          0          0          0          0          0   libshutdown.o
         2          0          0          0          0          0   libshutdown2.o
         8          4          0          0         96         68   libspace.o
        40          4          0          0          0         84   noretval__2sprintf.o
         2          0          0          0          0          0   rtexit.o
        10          0          0          0          0          0   rtexit2.o
        40          0          0          0          0         60   rtudiv10.o
        12          4          0          0          0         60   sys_exit.o
        62          0          0          0          0         80   sys_stackheap_outer.o
         2          0          0          0          0         68   use_no_semi.o
        46          0          0          0          0         60   cmpret.o
       348          8          0          0          0        160   faddsub.o
        92          0          0          0          0        272   fcmp.o
       100          4          0          0          0         68   fcmpin.o
       352         10         64          0          0         92   fdiv.o
        76          0          0          0          0         68   ffixi.o
        94          0          0          0          0         92   fflti.o
        84          4          0          0          0         76   fgef.o
        84          4          0          0          0         76   flef.o
       176          4          0          0          0         80   fmul.o
        16          6          0          0          0         68   fnan2.o
        94          0          0          0          0         68   retnan.o
         0          0          0          0          0          0   usenofp.o

    ----------------------------------------------------------------------
      2776         94        121          0         96       2488   Library Totals
         8          0          0          0          0          0   (incl. Padding)

    ----------------------------------------------------------------------

      Code (inc. data)   RO Data    RW Data    ZI Data      Debug   Library Name

      1206         54         57          0         96       1308   c_p.l
      1562         40         64          0          0       1180   fz_ps.l

    ----------------------------------------------------------------------
      2776         94        121          0         96       2488   Library Totals

    ----------------------------------------------------------------------

==============================================================================


      Code (inc. data)   RO Data    RW Data    ZI Data      Debug   

      5476        352        388         20        360      18453   Grand Totals
      5476        352        388         20        360      18453   ELF Image Totals
      5476        352        388         20          0          0   ROM Totals

==============================================================================

    Total RO  Size (Code + RO Data)                 5864 (   5.73kB)
    Total RW  Size (RW Data + ZI Data)               380 (   0.37kB)
    Total ROM Size (Code + RO Data + RW Data)       5884 (   5.75kB)

==============================================================================

