Component: ARM Compiler 6.16 Tool: armlink [5dfeaa00]

==============================================================================

Section Cross References

    main.o(.text) refers (Special) to _printf_a.o(.ARM.Collect$$_printf_percent$$00000006) for _printf_a
    main.o(.text) refers (Special) to _printf_d.o(.ARM.Collect$$_printf_percent$$00000009) for _printf_d
    main.o(.text) refers (Special) to _printf_e.o(.ARM.Collect$$_printf_percent$$00000004) for _printf_e
    main.o(.text) refers (Special) to _printf_f.o(.ARM.Collect$$_printf_percent$$00000003) for _printf_f
    main.o(.text) refers (Special) to printf1.o(x$fpl$printf1) for _printf_fp_dec
    main.o(.text) refers (Special) to printf2.o(x$fpl$printf2) for _printf_fp_hex
    main.o(.text) refers (Special) to _printf_g.o(.ARM.Collect$$_printf_percent$$00000005) for _printf_g
    main.o(.text) refers (Special) to _printf_dec.o(.text) for _printf_int_dec
    main.o(.text) refers (Special) to _printf_percent.o(.ARM.Collect$$_printf_percent$$00000000) for _printf_percent
    main.o(.text) refers (Special) to _printf_pad.o(.text) for _printf_pre_padding
    main.o(.text.SysTick_Handler) refers (Special) to _printf_a.o(.ARM.Collect$$_printf_percent$$00000006) for _printf_a
    main.o(.text.SysTick_Handler) refers (Special) to _printf_d.o(.ARM.Collect$$_printf_percent$$00000009) for _printf_d
    main.o(.text.SysTick_Handler) refers (Special) to _printf_e.o(.ARM.Collect$$_printf_percent$$00000004) for _printf_e
    main.o(.text.SysTick_Handler) refers (Special) to _printf_f.o(.ARM.Collect$$_printf_percent$$00000003) for _printf_f
    main.o(.text.SysTick_Handler) refers (Special) to printf1.o(x$fpl$printf1) for _printf_fp_dec
    main.o(.text.SysTick_Handler) refers (Special) to printf2.o(x$fpl$printf2) for _printf_fp_hex
    main.o(.text.SysTick_Handler) refers (Special) to _printf_g.o(.ARM.Collect$$_printf_percent$$00000005) for _printf_g
    main.o(.text.SysTick_Handler) refers (Special) to _printf_dec.o(.text) for _printf_int_dec
    main.o(.text.SysTick_Handler) refers (Special) to _printf_percent.o(.ARM.Collect$$_printf_percent$$00000000) for _printf_percent
    main.o(.text.SysTick_Handler) refers (Special) to _printf_pad.o(.text) for _printf_pre_padding
    main.o(.text.SysTick_Handler) refers to main.o(.bss.sekunda) for sekunda
    main.o(.text.SysTick_Handler) refers to main.o(.bss.sekunda_OK) for sekunda_OK
    main.o(.ARM.exidx.text.SysTick_Handler) refers (Special) to _printf_a.o(.ARM.Collect$$_printf_percent$$00000006) for _printf_a
    main.o(.ARM.exidx.text.SysTick_Handler) refers (Special) to _printf_d.o(.ARM.Collect$$_printf_percent$$00000009) for _printf_d
    main.o(.ARM.exidx.text.SysTick_Handler) refers (Special) to _printf_e.o(.ARM.Collect$$_printf_percent$$00000004) for _printf_e
    main.o(.ARM.exidx.text.SysTick_Handler) refers (Special) to _printf_f.o(.ARM.Collect$$_printf_percent$$00000003) for _printf_f
    main.o(.ARM.exidx.text.SysTick_Handler) refers (Special) to printf1.o(x$fpl$printf1) for _printf_fp_dec
    main.o(.ARM.exidx.text.SysTick_Handler) refers (Special) to printf2.o(x$fpl$printf2) for _printf_fp_hex
    main.o(.ARM.exidx.text.SysTick_Handler) refers (Special) to _printf_g.o(.ARM.Collect$$_printf_percent$$00000005) for _printf_g
    main.o(.ARM.exidx.text.SysTick_Handler) refers (Special) to _printf_dec.o(.text) for _printf_int_dec
    main.o(.ARM.exidx.text.SysTick_Handler) refers (Special) to _printf_percent.o(.ARM.Collect$$_printf_percent$$00000000) for _printf_percent
    main.o(.ARM.exidx.text.SysTick_Handler) refers (Special) to _printf_pad.o(.text) for _printf_pre_padding
    main.o(.ARM.exidx.text.SysTick_Handler) refers to main.o(.text.SysTick_Handler) for [Anonymous Symbol]
    main.o(.text.LED_Init) refers (Special) to _printf_a.o(.ARM.Collect$$_printf_percent$$00000006) for _printf_a
    main.o(.text.LED_Init) refers (Special) to _printf_d.o(.ARM.Collect$$_printf_percent$$00000009) for _printf_d
    main.o(.text.LED_Init) refers (Special) to _printf_e.o(.ARM.Collect$$_printf_percent$$00000004) for _printf_e
    main.o(.text.LED_Init) refers (Special) to _printf_f.o(.ARM.Collect$$_printf_percent$$00000003) for _printf_f
    main.o(.text.LED_Init) refers (Special) to printf1.o(x$fpl$printf1) for _printf_fp_dec
    main.o(.text.LED_Init) refers (Special) to printf2.o(x$fpl$printf2) for _printf_fp_hex
    main.o(.text.LED_Init) refers (Special) to _printf_g.o(.ARM.Collect$$_printf_percent$$00000005) for _printf_g
    main.o(.text.LED_Init) refers (Special) to _printf_dec.o(.text) for _printf_int_dec
    main.o(.text.LED_Init) refers (Special) to _printf_percent.o(.ARM.Collect$$_printf_percent$$00000000) for _printf_percent
    main.o(.text.LED_Init) refers (Special) to _printf_pad.o(.text) for _printf_pre_padding
    main.o(.ARM.exidx.text.LED_Init) refers (Special) to _printf_a.o(.ARM.Collect$$_printf_percent$$00000006) for _printf_a
[...]
    Removing main.o(.ARM.exidx.text.PORTA_IRQHandler), (8 bytes).
    Removing main.o(.ARM.exidx.text.__NVIC_ClearPendingIRQ), (8 bytes).
    Removing main.o(.ARM.exidx.text.main), (8 bytes).
    Removing main.o(.ARM.use_no_argv), (4 bytes).
    Removing lcd1602.o(.text), (0 bytes).
    Removing lcd1602.o(.ARM.exidx.text.LCD1602_Init), (8 bytes).
    Removing lcd1602.o(.ARM.exidx.text.LCD1602_CheckAddress), (8 bytes).
    Removing lcd1602.o(.ARM.exidx.text.LCD1602_Write8), (8 bytes).
    Removing lcd1602.o(.text.LCD1602_Blink_On), (12 bytes).
    Removing lcd1602.o(.ARM.exidx.text.LCD1602_Blink_On), (8 bytes).
    Removing lcd1602.o(.text.LCD1602_Blink_Off), (12 bytes).
    Removing lcd1602.o(.ARM.exidx.text.LCD1602_Blink_Off), (8 bytes).
    Removing lcd1602.o(.text.LCD1602_Blink_Off_Cursor_On), (12 bytes).
    Removing lcd1602.o(.ARM.exidx.text.LCD1602_Blink_Off_Cursor_On), (8 bytes).
    Removing lcd1602.o(.ARM.exidx.text.LCD1602_SetCursor), (8 bytes).
    Removing lcd1602.o(.ARM.exidx.text.LCD1602_ClearAll), (8 bytes).
    Removing lcd1602.o(.ARM.exidx.text.LCD1602_Print), (8 bytes).
    Removing lcd1602.o(.text.LCD1602_PrintNum), (44 bytes).
    Removing lcd1602.o(.ARM.exidx.text.LCD1602_PrintNum), (8 bytes).
    Removing lcd1602.o(.text.itoa), (118 bytes).
    Removing lcd1602.o(.ARM.exidx.text.itoa), (8 bytes).
    Removing lcd1602.o(.ARM.exidx.text.LCD1602_Backlight), (8 bytes).
    Removing lcd1602.o(.ARM.exidx.text.PCF8574_Write), (8 bytes).
    Removing lcd1602.o(.ARM.exidx.text.LCD1602_Write4), (8 bytes).
    Removing lcd1602.o(.ARM.exidx.text.LCD1602_BF_AC), (8 bytes).
    Removing lcd1602.o(.text.LCD1602_PL_CH), (196 bytes).
    Removing lcd1602.o(.ARM.exidx.text.LCD1602_PL_CH), (8 bytes).
    Removing lcd1602.o(.text.LCD1602_PrintPL), (136 bytes).
    Removing lcd1602.o(.ARM.exidx.text.LCD1602_PrintPL), (8 bytes).
    Removing lcd1602.o(.data.PL_CH_a_), (8 bytes).
    Removing lcd1602.o(.data.PL_CH_c_), (8 bytes).
    Removing lcd1602.o(.data.PL_CH_e_), (8 bytes).
    Removing lcd1602.o(.data.PL_CH_l_), (8 bytes).
    Removing lcd1602.o(.data.PL_CH_n_), (8 bytes).
    Removing lcd1602.o(.data.PL_CH_o_), (8 bytes).
    Removing lcd1602.o(.data.PL_CH_s_), (8 bytes).
    Removing lcd1602.o(.data.PL_CH_z_), (8 bytes).
    Removing lcd1602.o(.data.PL_CH_z__), (8 bytes).
    Removing i2c.o(.text), (0 bytes).
    Removing i2c.o(.ARM.exidx.text.I2C_Init), (8 bytes).
    Removing i2c.o(.ARM.exidx.text.I2C_Ping), (8 bytes).
    Removing i2c.o(.ARM.exidx.text.i2c_enable), (8 bytes).
    Removing i2c.o(.ARM.exidx.text.i2c_tran), (8 bytes).
    Removing i2c.o(.ARM.exidx.text.i2c_m_start), (8 bytes).
    Removing i2c.o(.ARM.exidx.text.i2c_send), (8 bytes).
    Removing i2c.o(.ARM.exidx.text.i2c_wait), (8 bytes).
    Removing i2c.o(.ARM.exidx.text.i2c_m_stop), (8 bytes).
    Removing i2c.o(.ARM.exidx.text.i2c_disable), (8 bytes).
    Removing i2c.o(.ARM.exidx.text.I2C_Write), (8 bytes).
    Removing i2c.o(.ARM.exidx.text.I2C_Read), (8 bytes).
    Removing i2c.o(.ARM.exidx.text.i2c_rec), (8 bytes).
    Removing i2c.o(.ARM.exidx.text.i2c_nack), (8 bytes).
    Removing i2c.o(.ARM.exidx.text.i2c_recv), (8 bytes).
    Removing i2c.o(.ARM.exidx.text.i2c_wait_rec), (8 bytes).
    Removing i2c.o(.ARM.exidx.text.I2C_WriteReg), (8 bytes).
    Removing i2c.o(.text.I2C_ReadReg), (120 bytes).
    Removing i2c.o(.ARM.exidx.text.I2C_ReadReg), (8 bytes).
    Removing i2c.o(.ARM.exidx.text.i2c_clr_IICIF), (8 bytes).
    Removing i2c.o(.ARM.exidx.text.i2c_m_rstart), (8 bytes).
    Removing i2c.o(.ARM.exidx.text.I2C_ReadRegBlock), (8 bytes).
    Removing i2c.o(.ARM.exidx.text.i2c_ack), (8 bytes).
    Removing system_mkl05z4.o(.text), (0 bytes).
    Removing system_mkl05z4.o(.ARM.exidx.text.SystemInit), (8 bytes).
    Removing system_mkl05z4.o(.text.SystemCoreClockUpdate), (184 bytes).
    Removing system_mkl05z4.o(.ARM.exidx.text.SystemCoreClockUpdate), (8 bytes).
    Removing system_mkl05z4.o(.data.SystemCoreClock), (4 bytes).

70 unused section(s) (total 1282 bytes) removed from the image.

==============================================================================

Image Symbol Table

    Local Symbols

    Symbol Name                              Value     Ov Type        Size  Object(Section)

    ../clib/angel/boardlib.s                 0x00000000   Number         0  boardinit1.o ABSOLUTE
    ../clib/angel/boardlib.s                 0x00000000   Number         0  boardinit2.o ABSOLUTE
    ../clib/angel/boardlib.s                 0x00000000   Number         0  boardinit3.o ABSOLUTE
    ../clib/angel/boardlib.s                 0x00000000   Number         0  boardshut.o ABSOLUTE
    ../clib/angel/handlers.s                 0x00000000   Number         0  __scatter_copy.o ABSOLUTE
    ../clib/angel/handlers.s                 0x00000000   Number         0  __scatter_zi.o ABSOLUTE
    ../clib/angel/kernel.s                   0x00000000   Number         0  __rtentry.o ABSOLUTE
    ../clib/angel/kernel.s                   0x00000000   Number         0  __rtentry2.o ABSOLUTE
    ../clib/angel/kernel.s                   0x00000000   Number         0  __rtentry4.o ABSOLUTE
    ../clib/angel/kernel.s                   0x00000000   Number         0  rtexit.o ABSOLUTE
    ../clib/angel/kernel.s                   0x00000000   Number         0  rtexit2.o ABSOLUTE
    ../clib/angel/rt.s                       0x00000000   Number         0  aeabi_idiv0.o ABSOLUTE
    ../clib/angel/rt.s                       0x00000000   Number         0  aeabi_idiv0_sigfpe.o ABSOLUTE
    ../clib/angel/rt.s                       0x00000000   Number         0  rt_div0.o ABSOLUTE
    ../clib/angel/rt.s                       0x00000000   Number         0  rt_locale.o ABSOLUTE
    ../clib/angel/rt.s                       0x00000000   Number         0  rt_locale_intlibspace.o ABSOLUTE
    ../clib/angel/rt.s                       0x00000000   Number         0  rt_raise.o ABSOLUTE
    ../clib/angel/scatterp.s                 0x00000000   Number         0  __scatter.o ABSOLUTE
    ../clib/angel/startup.s                  0x00000000   Number         0  __main.o ABSOLUTE
    ../clib/angel/sys.s                      0x00000000   Number         0  libspace.o ABSOLUTE
    ../clib/angel/sys.s                      0x00000000   Number         0  sys_stackheap_outer.o ABSOLUTE
    ../clib/angel/sys.s                      0x00000000   Number         0  tempstk.o ABSOLUTE
    ../clib/angel/sys.s                      0x00000000   Number         0  use_no_semi.o ABSOLUTE
    ../clib/angel/sys.s                      0x00000000   Number         0  indicate_semi.o ABSOLUTE
    ../clib/angel/sysapp.c                   0x00000000   Number         0  sys_exit.o ABSOLUTE
    ../clib/angel/sysapp.c                   0x00000000   Number         0  sys_exit_hlt.o ABSOLUTE
    ../clib/angel/sysapp.c                   0x00000000   Number         0  sys_wrch.o ABSOLUTE
    ../clib/angel/sysapp.c                   0x00000000   Number         0  sys_command.o ABSOLUTE
    ../clib/angel/sysapp.c                   0x00000000   Number         0  sys_wrch_hlt.o ABSOLUTE
    ../clib/angel/sysapp.c                   0x00000000   Number         0  sys_command_hlt.o ABSOLUTE
    ../clib/armsys.c                         0x00000000   Number         0  argv_veneer.o ABSOLUTE
    ../clib/armsys.c                         0x00000000   Number         0  _get_argv_nomalloc.o ABSOLUTE
    ../clib/armsys.c                         0x00000000   Number         0  no_argv.o ABSOLUTE
    ../clib/bigflt.c                         0x00000000   Number         0  bigflt0.o ABSOLUTE
    ../clib/btod.c                           0x00000000   Number         0  btod.o ABSOLUTE
    ../clib/btod_accurate.c                  0x00000000   Number         0  btod_accurate.o ABSOLUTE
    ../clib/btod_accurate.c                  0x00000000   Number         0  btod_accurate_common.o ABSOLUTE
    ../clib/division.c                       0x00000000   Number         0  rtudiv10.o ABSOLUTE
    ../clib/division.c                       0x00000000   Number         0  lludiv10.o ABSOLUTE
    ../clib/division.s                       0x00000000   Number         0  aeabi_sdivfast.o ABSOLUTE
    ../clib/division.s                       0x00000000   Number         0  aeabi_sdivfast_div0.o ABSOLUTE
    ../clib/heapalloc.c                      0x00000000   Number         0  hrguard.o ABSOLUTE
    ../clib/heapaux.c                        0x00000000   Number         0  heapauxi.o ABSOLUTE
    ../clib/libinit.s                        0x00000000   Number         0  libinit.o ABSOLUTE
    ../clib/libinit.s                        0x00000000   Number         0  libinit2.o ABSOLUTE
    ../clib/libinit.s                        0x00000000   Number         0  libshutdown.o ABSOLUTE
    ../clib/libinit.s                        0x00000000   Number         0  libshutdown2.o ABSOLUTE
    ../clib/locale.s                         0x00000000   Number         0  lc_numeric_c.o ABSOLUTE
    ../clib/longlong.c                       0x00000000   Number         0  llushr.o ABSOLUTE
    ../clib/memcpset.s                       0x00000000   Number         0  strcmpv6m.o ABSOLUTE
    ../clib/misc.s                           0x00000000   Number         0  printf_stubs.o ABSOLUTE
    ../clib/printf.c                         0x00000000   Number         0  __2sprintf.o ABSOLUTE
    ../clib/printf.c                         0x00000000   Number         0  noretval__2sprintf.o ABSOLUTE
    ../clib/printf.c                         0x00000000   Number         0  __printf.o ABSOLUTE
    ../clib/printf.c                         0x00000000   Number         0  _printf_pad.o ABSOLUTE
    ../clib/printf.c                         0x00000000   Number         0  _printf_dec.o ABSOLUTE
    ../clib/printf.c                         0x00000000   Number         0  __printf_flags.o ABSOLUTE
    ../clib/printf.c                         0x00000000   Number         0  __printf_ss.o ABSOLUTE
    ../clib/printf.c                         0x00000000   Number         0  __printf_flags_ss.o ABSOLUTE
    ../clib/printf.c                         0x00000000   Number         0  __printf_wp.o ABSOLUTE
    ../clib/printf.c                         0x00000000   Number         0  __printf_flags_wp.o ABSOLUTE
    ../clib/printf.c                         0x00000000   Number         0  __printf_ss_wp.o ABSOLUTE
    ../clib/printf.c                         0x00000000   Number         0  __printf_flags_ss_wp.o ABSOLUTE
    ../clib/printf.c                         0x00000000   Number         0  _printf_intcommon.o ABSOLUTE
    ../clib/printf.c                         0x00000000   Number         0  _printf_fp_dec.o ABSOLUTE
    ../clib/printf.c                         0x00000000   Number         0  _printf_fp_dec_accurate.o ABSOLUTE
    ../clib/printf.c                         0x00000000   Number         0  _printf_fp_hex.o ABSOLUTE
    ../clib/printf.c                         0x00000000   Number         0  _printf_char_common.o ABSOLUTE
    ../clib/printf.c                         0x00000000   Number         0  _sputc.o ABSOLUTE
    ../clib/printf.c                         0x00000000   Number         0  _printf_fp_infnan.o ABSOLUTE
    ../clib/printf.c                         0x00000000   Number         0  __printf_nopercent.o ABSOLUTE
    ../clib/printf_percent.s                 0x00000000   Number         0  _printf_d.o ABSOLUTE
    ../clib/printf_percent.s                 0x00000000   Number         0  _printf_f.o ABSOLUTE
    ../clib/printf_percent.s                 0x00000000   Number         0  _printf_e.o ABSOLUTE
    ../clib/printf_percent.s                 0x00000000   Number         0  _printf_g.o ABSOLUTE
    ../clib/printf_percent.s                 0x00000000   Number         0  _printf_a.o ABSOLUTE
    ../clib/printf_percent.s                 0x00000000   Number         0  _printf_percent.o ABSOLUTE
    ../clib/printf_percent.s                 0x00000000   Number         0  _printf_percent_end.o ABSOLUTE
    ../clib/signal.c                         0x00000000   Number         0  defsig_fpe_outer.o ABSOLUTE
    ../clib/signal.c                         0x00000000   Number         0  defsig_fpe_formal.o ABSOLUTE
    ../clib/signal.c                         0x00000000   Number         0  defsig_exit.o ABSOLUTE
    ../clib/signal.c                         0x00000000   Number         0  defsig_fpe_inner.o ABSOLUTE
    ../clib/signal.c                         0x00000000   Number         0  __raise.o ABSOLUTE
    ../clib/signal.c                         0x00000000   Number         0  defsig_general.o ABSOLUTE
    ../clib/signal.c                         0x00000000   Number         0  defsig_rtmem_outer.o ABSOLUTE
    ../clib/signal.c                         0x00000000   Number         0  defsig_rtmem_formal.o ABSOLUTE
    ../clib/signal.c                         0x00000000   Number         0  defsig_abrt_inner.o ABSOLUTE
    ../clib/signal.c                         0x00000000   Number         0  defsig_rtred_inner.o ABSOLUTE
    ../clib/signal.c                         0x00000000   Number         0  defsig_rtmem_inner.o ABSOLUTE
    ../clib/signal.c                         0x00000000   Number         0  defsig_stak_inner.o ABSOLUTE
    ../clib/signal.c                         0x00000000   Number         0  defsig_pvfn_inner.o ABSOLUTE
    ../clib/signal.c                         0x00000000   Number         0  defsig_cppl_inner.o ABSOLUTE
    ../clib/signal.c                         0x00000000   Number         0  defsig_segv_inner.o ABSOLUTE
    ../clib/signal.c                         0x00000000   Number         0  defsig_other.o ABSOLUTE
    ../clib/signal.s                         0x00000000   Number         0  defsig.o ABSOLUTE
    ../clib/stdlib.c                         0x00000000   Number         0  exit.o ABSOLUTE
    ../fplib/cfplib/cmp.c                    0x00000000   Number         0  fcmp.o ABSOLUTE
    ../fplib/cfplib/cmpret.c                 0x00000000   Number         0  cmpret.o ABSOLUTE
    ../fplib/cfplib/f2d.c                    0x00000000   Number         0  f2d.o ABSOLUTE
    ../fplib/cfplib/fcmpin.c                 0x00000000   Number         0  fcmpin.o ABSOLUTE
    ../fplib/cfplib/fdiv.c                   0x00000000   Number         0  fdiv.o ABSOLUTE
    ../fplib/cfplib/ffix.c                   0x00000000   Number         0  ffixi.o ABSOLUTE
    ../fplib/cfplib/fflt.c                   0x00000000   Number         0  fflti.o ABSOLUTE
    ../fplib/cfplib/fpinit.c                 0x00000000   Number         0  fpinit.o ABSOLUTE
    ../fplib/cfplib/ieee_status.c            0x00000000   Number         0  ieee_status.o ABSOLUTE
    ../fplib/cfplib/nan2.c                   0x00000000   Number         0  fnan2.o ABSOLUTE
    ../fplib/cfplib/retnan.c                 0x00000000   Number         0  retnan.o ABSOLUTE
    ../fplib/faddsub6m.s                     0x00000000   Number         0  faddsub.o ABSOLUTE
    ../fplib/feqf6m.s                        0x00000000   Number         0  feqf.o ABSOLUTE
    ../fplib/fgeqf6m.s                       0x00000000   Number         0  fgef.o ABSOLUTE
    ../fplib/fleqf6m.s                       0x00000000   Number         0  flef.o ABSOLUTE
    ../fplib/fmul6m.s                        0x00000000   Number         0  fmul.o ABSOLUTE
    ../fplib/printf1.s                       0x00000000   Number         0  printf1.o ABSOLUTE
    ../fplib/printf2.s                       0x00000000   Number         0  printf2.o ABSOLUTE
    ../fplib/printf2a.s                      0x00000000   Number         0  printf2a.o ABSOLUTE
    ../fplib/printf2b.s                      0x00000000   Number         0  printf2b.o ABSOLUTE
    ../fplib/usenofp.s                       0x00000000   Number         0  usenofp.o ABSOLUTE
    ../mathlib/fpclassify.c                  0x00000000   Number         0  fpclassify.o ABSOLUTE
    RTE/Device/MKL05Z32xxx4/startup_MKL05Z4.s 0x00000000   Number         0  startup_mkl05z4.o ABSOLUTE
    dc.s                                     0x00000000   Number         0  dc.o ABSOLUTE
    i2c.c                                    0x00000000   Number         0  i2c.o ABSOLUTE
    lcd1602.c                                0x00000000   Number         0  lcd1602.o ABSOLUTE
    main.c                                   0x00000000   Number         0  main.o ABSOLUTE
    system_MKL05Z4.c                         0x00000000   Number         0  system_mkl05z4.o ABSOLUTE
    RESET                                    0x00000000   Section      192  startup_mkl05z4.o(RESET)
    !!!main                                  0x000000c0   Section        8  __main.o(!!!main)
    !!!scatter                               0x000000c8   Section       60  __scatter.o(!!!scatter)
    !!handler_copy                           0x00000104   Section       26  __scatter_copy.o(!!handler_copy)
    !!handler_zi                             0x00000120   Section       28  __scatter_zi.o(!!handler_zi)
    .ARM.Collect$$_printf_percent$$00000000  0x0000013c   Section        2  _printf_percent.o(.ARM.Collect$$_printf_percent$$00000000)
    .ARM.Collect$$_printf_percent$$00000003  0x0000013e   Section       10  _printf_f.o(.ARM.Collect$$_printf_percent$$00000003)
    .ARM.Collect$$_printf_percent$$00000004  0x00000148   Section       10  _printf_e.o(.ARM.Collect$$_printf_percent$$00000004)
    .ARM.Collect$$_printf_percent$$00000005  0x00000152   Section       10  _printf_g.o(.ARM.Collect$$_printf_percent$$00000005)
    .ARM.Collect$$_printf_percent$$00000006  0x0000015c   Section       10  _printf_a.o(.ARM.Collect$$_printf_percent$$00000006)
    .ARM.Collect$$_printf_percent$$00000009  0x00000166   Section       10  _printf_d.o(.ARM.Collect$$_printf_percent$$00000009)
    .ARM.Collect$$_printf_percent$$00000017  0x00000170   Section        4  _printf_percent_end.o(.ARM.Collect$$_printf_percent$$00000017)
    .ARM.Collect$$libinit$$00000000          0x00000174   Section        2  libinit.o(.ARM.Collect$$libinit$$00000000)
    .ARM.Collect$$libinit$$00000002          0x00000176   Section        0  libinit2.o(.ARM.Collect$$libinit$$00000002)
    .ARM.Collect$$libinit$$00000004          0x00000176   Section        0  libinit2.o(.ARM.Collect$$libinit$$00000004)
    .ARM.Collect$$libinit$$0000000A          0x00000176   Section        0  libinit2.o(.ARM.Collect$$libinit$$0000000A)
    .ARM.Collect$$libinit$$0000000C          0x00000176   Section        0  libinit2.o(.ARM.Collect$$libinit$$0000000C)
    .ARM.Collect$$libinit$$0000000E          0x00000176   Section        0  libinit2.o(.ARM.Collect$$libinit$$0000000E)
    .ARM.Collect$$libinit$$0000000F          0x00000176   Section        6  libinit2.o(.ARM.Collect$$libinit$$0000000F)
    .ARM.Collect$$libinit$$00000011          0x0000017c   Section        0  libinit2.o(.ARM.Collect$$libinit$$00000011)
    .ARM.Collect$$libinit$$00000013          0x0000017c   Section        0  libinit2.o(.ARM.Collect$$libinit$$00000013)
    .ARM.Collect$$libinit$$00000015          0x0000017c   Section        0  libinit2.o(.ARM.Collect$$libinit$$00000015)
    .ARM.Collect$$libinit$$00000016          0x0000017c   Section       10  libinit2.o(.ARM.Collect$$libinit$$00000016)
    .ARM.Collect$$libinit$$00000017          0x00000186   Section        0  libinit2.o(.ARM.Collect$$libinit$$00000017)
    .ARM.Collect$$libinit$$00000019          0x00000186   Section        0  libinit2.o(.ARM.Collect$$libinit$$00000019)
    .ARM.Collect$$libinit$$0000001B          0x00000186   Section        0  libinit2.o(.ARM.Collect$$libinit$$0000001B)
    .ARM.Collect$$libinit$$0000001D          0x00000186   Section        0  libinit2.o(.ARM.Collect$$libinit$$0000001D)
    .ARM.Collect$$libinit$$0000001F          0x00000186   Section        0  libinit2.o(.ARM.Collect$$libinit$$0000001F)
    .ARM.Collect$$libinit$$00000021          0x00000186   Section        0  libinit2.o(.ARM.Collect$$libinit$$00000021)
    .ARM.Collect$$libinit$$00000023          0x00000186   Section        0  libinit2.o(.ARM.Collect$$libinit$$00000023)
    .ARM.Collect$$libinit$$00000025          0x00000186   Section        0  libinit2.o(.ARM.Collect$$libinit$$00000025)
    .ARM.Collect$$libinit$$0000002C          0x00000186   Section        0  libinit2.o(.ARM.Collect$$libinit$$0000002C)
    .ARM.Collect$$libinit$$0000002E          0x00000186   Section        0  libinit2.o(.ARM.Collect$$libinit$$0000002E)
    .ARM.Collect$$libinit$$00000030          0x00000186   Section        0  libinit2.o(.ARM.Collect$$libinit$$00000030)
    .ARM.Collect$$libinit$$00000032          0x00000186   Section        0  libinit2.o(.ARM.Collect$$libinit$$00000032)
    .ARM.Collect$$libinit$$00000033          0x00000186   Section        2  libinit2.o(.ARM.Collect$$libinit$$00000033)
    .ARM.Collect$$libshutdown$$00000000      0x00000188   Section        2  libshutdown.o(.ARM.Collect$$libshutdown$$00000000)
    .ARM.Collect$$libshutdown$$00000002      0x0000018a   Section        0  libshutdown2.o(.ARM.Collect$$libshutdown$$00000002)
    .ARM.Collect$$libshutdown$$00000004      0x0000018a   Section        0  libshutdown2.o(.ARM.Collect$$libshutdown$$00000004)
    .ARM.Collect$$libshutdown$$00000007      0x0000018a   Section        0  libshutdown2.o(.ARM.Collect$$libshutdown$$00000007)
    .ARM.Collect$$libshutdown$$0000000A      0x0000018a   Section        0  libshutdown2.o(.ARM.Collect$$libshutdown$$0000000A)
    .ARM.Collect$$libshutdown$$0000000C      0x0000018a   Section        0  libshutdown2.o(.ARM.Collect$$libshutdown$$0000000C)
    .ARM.Collect$$libshutdown$$0000000F      0x0000018a   Section        0  libshutdown2.o(.ARM.Collect$$libshutdown$$0000000F)
    .ARM.Collect$$libshutdown$$00000010      0x0000018a   Section        2  libshutdown2.o(.ARM.Collect$$libshutdown$$00000010)
    .ARM.Collect$$rtentry$$00000000          0x0000018c   Section        0  __rtentry.o(.ARM.Collect$$rtentry$$00000000)
    .ARM.Collect$$rtentry$$00000002          0x0000018c   Section        0  __rtentry2.o(.ARM.Collect$$rtentry$$00000002)
    .ARM.Collect$$rtentry$$00000004          0x0000018c   Section        6  __rtentry4.o(.ARM.Collect$$rtentry$$00000004)
    .ARM.Collect$$rtentry$$00000009          0x00000192   Section        0  __rtentry2.o(.ARM.Collect$$rtentry$$00000009)
    .ARM.Collect$$rtentry$$0000000A          0x00000192   Section        4  __rtentry2.o(.ARM.Collect$$rtentry$$0000000A)
    .ARM.Collect$$rtentry$$0000000C          0x00000196   Section        0  __rtentry2.o(.ARM.Collect$$rtentry$$0000000C)
    .ARM.Collect$$rtentry$$0000000D          0x00000196   Section        8  __rtentry2.o(.ARM.Collect$$rtentry$$0000000D)
    .ARM.Collect$$rtexit$$00000000           0x0000019e   Section        2  rtexit.o(.ARM.Collect$$rtexit$$00000000)
    .ARM.Collect$$rtexit$$00000002           0x000001a0   Section        0  rtexit2.o(.ARM.Collect$$rtexit$$00000002)
    .ARM.Collect$$rtexit$$00000003           0x000001a0   Section        4  rtexit2.o(.ARM.Collect$$rtexit$$00000003)
    .ARM.Collect$$rtexit$$00000004           0x000001a4   Section        6  rtexit2.o(.ARM.Collect$$rtexit$$00000004)
    .text                                    0x000001ac   Section       52  startup_mkl05z4.o(.text)
    .text                                    0x000001e0   Section        0  noretval__2sprintf.o(.text)
    .text                                    0x00000208   Section        0  _printf_pad.o(.text)
    .text                                    0x00000258   Section        0  _printf_dec.o(.text)
    .text                                    0x000002c4   Section        0  heapauxi.o(.text)
    .text                                    0x000002cc   Section        0  f2d.o(.text)
    .text                                    0x00000320   Section        0  ffixi.o(.text)
    .text                                    0x0000036c   Section        0  fflti.o(.text)
    _printf_input_char                       0x000003cd   Thumb Code    10  _printf_char_common.o(.text)
    .text                                    0x000003cc   Section        0  _printf_char_common.o(.text)
    .text                                    0x000003fc   Section        2  use_no_semi.o(.text)
    .text                                    0x000003fe   Section        0  indicate_semi.o(.text)
    x$fpl$usenofp                            0x000003fe   Section        0  usenofp.o(x$fpl$usenofp)
    .ARM.__at_0x400                          0x00000400   Section       16  startup_mkl05z4.o(.ARM.__at_0x400)
    .text                                    0x00000410   Section        0  __printf_flags_ss_wp.o(.text)
    .text                                    0x00000598   Section      504  aeabi_sdivfast.o(.text)
    .text                                    0x00000790   Section        0  fdiv.o(.text)
    .text                                    0x000008f0   Section        0  _printf_intcommon.o(.text)
    _fp_digits                               0x000009a1   Thumb Code   412  _printf_fp_dec.o(.text)
    .text                                    0x000009a0   Section        0  _printf_fp_dec.o(.text)
    .text                                    0x00000db4   Section        0  _printf_fp_hex.o(.text)
    .text                                    0x0000108c   Section        0  _sputc.o(.text)
    .text                                    0x00001096   Section        0  rtudiv10.o(.text)
    .text                                    0x000010c0   Section        8  rt_locale_intlibspace.o(.text)
    .text                                    0x000010c8   Section        0  lludiv10.o(.text)
    .text                                    0x00001144   Section        0  _printf_fp_infnan.o(.text)
    .text                                    0x000011cc   Section        0  bigflt0.o(.text)
    .text                                    0x000012a4   Section        0  btod.o(.text)
    btod_internal_mul                        0x000012e5   Thumb Code   492  btod.o(.text)
    btod_internal_div                        0x000014d1   Thumb Code   520  btod.o(.text)
    .text                                    0x00001824   Section        0  fcmpin.o(.text)
    .text                                    0x00001888   Section        8  libspace.o(.text)
    .text                                    0x00001890   Section       62  sys_stackheap_outer.o(.text)
    .text                                    0x000018ce   Section        0  exit.o(.text)
    .text                                    0x000018e0   Section      176  strcmpv6m.o(.text)
    .text                                    0x00001990   Section        0  cmpret.o(.text)
    .text                                    0x000019c0   Section        0  fnan2.o(.text)
    .text                                    0x000019d0   Section        0  retnan.o(.text)
    .text                                    0x00001a30   Section        0  sys_exit.o(.text)
    [Anonymous Symbol]                       0x00001a3c   Section        0  i2c.o(.text.I2C_Init)
    __arm_cp.0_0                             0x00001a7c   Number         4  i2c.o(.text.I2C_Init)
    __arm_cp.0_1                             0x00001a80   Number         4  i2c.o(.text.I2C_Init)
    __arm_cp.0_2                             0x00001a84   Number         4  i2c.o(.text.I2C_Init)
    [Anonymous Symbol]                       0x00001a88   Section        0  i2c.o(.text.I2C_Ping)
    [Anonymous Symbol]                       0x00001ab8   Section        0  i2c.o(.text.I2C_Read)
    [Anonymous Symbol]                       0x00001b04   Section        0  i2c.o(.text.I2C_ReadRegBlock)
    __arm_cp.19_1                            0x00001bac   Number         4  i2c.o(.text.I2C_ReadRegBlock)
    [Anonymous Symbol]                       0x00001bb0   Section        0  i2c.o(.text.I2C_Write)
    [Anonymous Symbol]                       0x00001bec   Section        0  i2c.o(.text.I2C_WriteReg)
    __arm_cp.15_0                            0x00001c38   Number         4  i2c.o(.text.I2C_WriteReg)
    [Anonymous Symbol]                       0x00001c3c   Section        0  main.o(.text.Klaw_Init)
    __arm_cp.2_1                             0x00001c80   Number         4  main.o(.text.Klaw_Init)
    [Anonymous Symbol]                       0x00001c84   Section        0  lcd1602.o(.text.LCD1602_BF_AC)
    [Anonymous Symbol]                       0x00001d4c   Section        0  lcd1602.o(.text.LCD1602_Backlight)
    [Anonymous Symbol]                       0x00001d5c   Section        0  lcd1602.o(.text.LCD1602_CheckAddress)
    [Anonymous Symbol]                       0x00001d84   Section        0  lcd1602.o(.text.LCD1602_ClearAll)
    [Anonymous Symbol]                       0x00001d90   Section        0  lcd1602.o(.text.LCD1602_Init)
    __arm_cp.0_0                             0x00001dd8   Number         4  lcd1602.o(.text.LCD1602_Init)
    [Anonymous Symbol]                       0x00001ddc   Section        0  lcd1602.o(.text.LCD1602_Print)
    [Anonymous Symbol]                       0x00001dfc   Section        0  lcd1602.o(.text.LCD1602_SetCursor)
    [Anonymous Symbol]                       0x00001e1a   Section        0  lcd1602.o(.text.LCD1602_Write4)
    [Anonymous Symbol]                       0x00001e34   Section        0  lcd1602.o(.text.LCD1602_Write8)
    [Anonymous Symbol]                       0x00001e5c   Section        0  main.o(.text.LED_Init)
    __arm_cp.1_0                             0x00001e94   Number         4  main.o(.text.LED_Init)
    __arm_cp.1_1                             0x00001e98   Number         4  main.o(.text.LED_Init)
    __arm_cp.1_2                             0x00001e9c   Number         4  main.o(.text.LED_Init)
    [Anonymous Symbol]                       0x00001ea0   Section        0  lcd1602.o(.text.PCF8574_Write)
    __arm_cp.12_0                            0x00001ec4   Number         4  lcd1602.o(.text.PCF8574_Write)
    __arm_cp.12_1                            0x00001ec8   Number         4  lcd1602.o(.text.PCF8574_Write)
    [Anonymous Symbol]                       0x00001ecc   Section        0  main.o(.text.PORTA_IRQHandler)
    __arm_cp.3_0                             0x00001f4c   Number         4  main.o(.text.PORTA_IRQHandler)
    __arm_cp.3_1                             0x00001f50   Number         4  main.o(.text.PORTA_IRQHandler)
    __arm_cp.3_2                             0x00001f54   Number         4  main.o(.text.PORTA_IRQHandler)
    __arm_cp.3_3                             0x00001f58   Number         4  main.o(.text.PORTA_IRQHandler)
    __arm_cp.3_4                             0x00001f5c   Number         4  main.o(.text.PORTA_IRQHandler)
    __arm_cp.3_5                             0x00001f60   Number         4  main.o(.text.PORTA_IRQHandler)
    __arm_cp.3_6                             0x00001f64   Number         4  main.o(.text.PORTA_IRQHandler)
    __arm_cp.3_9                             0x00001f68   Number         4  main.o(.text.PORTA_IRQHandler)
    [Anonymous Symbol]                       0x00001f6c   Section        0  main.o(.text.SysTick_Handler)
    __arm_cp.0_0                             0x00001f88   Number         4  main.o(.text.SysTick_Handler)
    __arm_cp.0_1                             0x00001f8c   Number         4  main.o(.text.SysTick_Handler)
    [Anonymous Symbol]                       0x00001f90   Section        0  system_mkl05z4.o(.text.SystemInit)
    __arm_cp.0_0                             0x00001fcc   Number         4  system_mkl05z4.o(.text.SystemInit)
    __arm_cp.0_1                             0x00001fd0   Number         4  system_mkl05z4.o(.text.SystemInit)
    __arm_cp.0_2                             0x00001fd4   Number         4  system_mkl05z4.o(.text.SystemInit)
    __arm_cp.0_3                             0x00001fd8   Number         4  system_mkl05z4.o(.text.SystemInit)
    __NVIC_ClearPendingIRQ                   0x00001fdd   Thumb Code    12  main.o(.text.__NVIC_ClearPendingIRQ)
    [Anonymous Symbol]                       0x00001fdc   Section        0  main.o(.text.__NVIC_ClearPendingIRQ)
    __arm_cp.4_0                             0x00001fe8   Number         4  main.o(.text.__NVIC_ClearPendingIRQ)
    [Anonymous Symbol]                       0x00001fec   Section        0  i2c.o(.text.i2c_ack)
    [Anonymous Symbol]                       0x00001ff8   Section        0  i2c.o(.text.i2c_clr_IICIF)
    [Anonymous Symbol]                       0x00002004   Section        0  i2c.o(.text.i2c_disable)
    [Anonymous Symbol]                       0x00002010   Section        0  i2c.o(.text.i2c_enable)
    [Anonymous Symbol]                       0x0000201c   Section        0  i2c.o(.text.i2c_m_rstart)
    __arm_cp.18_0                            0x00002030   Number         4  i2c.o(.text.i2c_m_rstart)
    [Anonymous Symbol]                       0x00002034   Section        0  i2c.o(.text.i2c_m_start)
    [Anonymous Symbol]                       0x00002040   Section        0  i2c.o(.text.i2c_m_stop)
    [Anonymous Symbol]                       0x0000204c   Section        0  i2c.o(.text.i2c_nack)
    [Anonymous Symbol]                       0x00002058   Section        0  i2c.o(.text.i2c_rec)
    [Anonymous Symbol]                       0x00002064   Section        0  i2c.o(.text.i2c_recv)
    [Anonymous Symbol]                       0x0000206c   Section        0  i2c.o(.text.i2c_send)
    __arm_cp.5_0                             0x00002074   Number         4  i2c.o(.text.i2c_send)
    [Anonymous Symbol]                       0x00002078   Section        0  i2c.o(.text.i2c_tran)
    __arm_cp.3_0                             0x00002084   Number         4  i2c.o(.text.i2c_tran)
    [Anonymous Symbol]                       0x00002088   Section        0  i2c.o(.text.i2c_wait)
    [Anonymous Symbol]                       0x000020d8   Section        0  i2c.o(.text.i2c_wait_rec)
    __arm_cp.14_0                            0x00002118   Number         4  i2c.o(.text.i2c_wait_rec)
    __arm_cp.14_1                            0x0000211c   Number         4  i2c.o(.text.i2c_wait_rec)
    __arm_cp.14_2                            0x00002120   Number         4  i2c.o(.text.i2c_wait_rec)
    [Anonymous Symbol]                       0x00002124   Section        0  main.o(.text.main)
    __arm_cp.5_29                            0x0000251c   Number         4  main.o(.text.main)
    __arm_cp.5_1                             0x0000254c   Number         4  main.o(.text.main)
    __arm_cp.5_2                             0x00002550   Number         4  main.o(.text.main)
    __arm_cp.5_3                             0x00002554   Number         4  main.o(.text.main)
    __arm_cp.5_4                             0x00002558   Number         4  main.o(.text.main)
    __arm_cp.5_5                             0x0000255c   Number         4  main.o(.text.main)
    __arm_cp.5_6                             0x00002560   Number         4  main.o(.text.main)
    __arm_cp.5_7                             0x00002564   Number         4  main.o(.text.main)
    __arm_cp.5_8                             0x00002568   Number         4  main.o(.text.main)
    __arm_cp.5_9                             0x0000256c   Number         4  main.o(.text.main)
    __arm_cp.5_10                            0x00002570   Number         4  main.o(.text.main)
    __arm_cp.5_11                            0x00002574   Number         4  main.o(.text.main)
    __arm_cp.5_12                            0x00002578   Number         4  main.o(.text.main)
    __arm_cp.5_13                            0x0000257c   Number         4  main.o(.text.main)
    __arm_cp.5_14                            0x00002580   Number         4  main.o(.text.main)
    __arm_cp.5_15                            0x00002584   Number         4  main.o(.text.main)
    __arm_cp.5_16                            0x00002588   Number         4  main.o(.text.main)
    __arm_cp.5_17                            0x0000258c   Number         4  main.o(.text.main)
    __arm_cp.5_18                            0x00002590   Number         4  main.o(.text.main)
    __arm_cp.5_19                            0x00002594   Number         4  main.o(.text.main)
    i.__ARM_common_ll_muluu                  0x000025e0   Section        0  btod.o(i.__ARM_common_ll_muluu)
    i.__ARM_fpclassify                       0x00002610   Section        0  fpclassify.o(i.__ARM_fpclassify)
    i._fgeq                                  0x0000263c   Section        0  fcmp.o(i._fgeq)
    i._fgr                                   0x00002652   Section        0  fcmp.o(i._fgr)
    i._fleq                                  0x00002668   Section        0  fcmp.o(i._fleq)
    i._fls                                   0x00002682   Section        0  fcmp.o(i._fls)
    i._is_digit                              0x00002698   Section        0  __printf_wp.o(i._is_digit)
    locale$$code                             0x000026a8   Section       44  lc_numeric_c.o(locale$$code)
    x$fpl$fadd                               0x000026d4   Section      140  faddsub.o(x$fpl$fadd)
    _fadd1                                   0x000026e1   Thumb Code     0  faddsub.o(x$fpl$fadd)
    x$fpl$fgeqf                              0x00002760   Section       84  fgef.o(x$fpl$fgeqf)
    x$fpl$fleqf                              0x000027b4   Section       84  flef.o(x$fpl$fleqf)
    x$fpl$fmul                               0x00002808   Section      176  fmul.o(x$fpl$fmul)
    x$fpl$fsub                               0x000028b8   Section      208  faddsub.o(x$fpl$fsub)
    _fsub1                                   0x000028c5   Thumb Code     0  faddsub.o(x$fpl$fsub)
    x$fpl$printf1                            0x00002988   Section       16  printf1.o(x$fpl$printf1)
    x$fpl$printf2                            0x00002998   Section       16  printf2.o(x$fpl$printf2)
    maptable                                 0x000029a8   Data          17  __printf_flags_ss_wp.o(.constdata)
    .constdata                               0x000029a8   Section       17  __printf_flags_ss_wp.o(.constdata)
    fdiv_tab                                 0x000029b9   Data          64  fdiv.o(.constdata)
    .constdata                               0x000029b9   Section       64  fdiv.o(.constdata)
    lc_hextab                                0x000029f9   Data          19  _printf_fp_hex.o(.constdata)
    .constdata                               0x000029f9   Section       38  _printf_fp_hex.o(.constdata)
    uc_hextab                                0x00002a0c   Data          19  _printf_fp_hex.o(.constdata)
    tenpwrs_x                                0x00002a20   Data          60  bigflt0.o(.constdata)
    .constdata                               0x00002a20   Section      148  bigflt0.o(.constdata)
    tenpwrs_i                                0x00002a5c   Data          64  bigflt0.o(.constdata)
    [Anonymous Symbol]                       0x00002ab4   Section        0  main.o(.rodata.str1.1)
    locale$$data                             0x00002ae8   Section       28  lc_numeric_c.o(locale$$data)
    __lcnum_c_name                           0x00002aec   Data           2  lc_numeric_c.o(locale$$data)
    __lcnum_c_start                          0x00002af4   Data           0  lc_numeric_c.o(locale$$data)
    __lcnum_c_point                          0x00002b00   Data           0  lc_numeric_c.o(locale$$data)
    __lcnum_c_thousands                      0x00002b02   Data           0  lc_numeric_c.o(locale$$data)
    __lcnum_c_grouping                       0x00002b03   Data           0  lc_numeric_c.o(locale$$data)
    __lcnum_c_end                            0x00002b04   Data           0  lc_numeric_c.o(locale$$data)
    lcd_backlight                            0x1ffffc10   Data           1  lcd1602.o(.data.lcd_backlight)
    [Anonymous Symbol]                       0x1ffffc10   Section        0  lcd1602.o(.data.lcd_backlight)
    .bss                                     0x1ffffc18   Section       96  libspace.o(.bss)
    error                                    0x1ffffc7c   Data           1  i2c.o(.bss.error)
    [Anonymous Symbol]                       0x1ffffc7c   Section        0  i2c.o(.bss.error)
    pcf_address                              0x1ffffc7e   Data           1  lcd1602.o(.bss.pcf_address)
    [Anonymous Symbol]                       0x1ffffc7e   Section        0  lcd1602.o(.bss.pcf_address)
    Heap_Mem                                 0x1ffffc88   Data           0  startup_mkl05z4.o(HEAP)
    Stack_Mem                                0x1ffffc88   Data         256  startup_mkl05z4.o(STACK)
    HEAP                                     0x1ffffc88   Section        0  startup_mkl05z4.o(HEAP)
    STACK                                    0x1ffffc88   Section      256  startup_mkl05z4.o(STACK)
    __initial_sp                             0x1ffffd88   Data           0  startup_mkl05z4.o(STACK)

    Global Symbols

    Symbol Name                              Value     Ov Type        Size  Object(Section)

    BuildAttributes$$THM_ISAv3M$S$PE$A:L22$X:L11$S22$IEEE1$IW$~IW$USESV6$~STKCKD$USESV7$~SHL$OTIME$ROPI$IEEEJ$EBA8$UX$STANDARDLIB$REQ8$PRES8$EABIv2 0x00000000   Number         0  anon$$obj.o ABSOLUTE
    __Vectors                                0x00000000   Data           4  startup_mkl05z4.o(RESET)
    _printf_flags                            0x00000000   Number         0  printf_stubs.o ABSOLUTE
    _printf_return_value                     0x00000000   Number         0  printf_stubs.o ABSOLUTE
    _printf_sizespec                         0x00000000   Number         0  printf_stubs.o ABSOLUTE
    _printf_widthprec                        0x00000000   Number         0  printf_stubs.o ABSOLUTE
    __ARM_exceptions_init                     - Undefined Weak Reference
    __alloca_initialize                       - Undefined Weak Reference
    __arm_preinit_                            - Undefined Weak Reference
    __cpp_initialize__aeabi_                  - Undefined Weak Reference
    __cxa_finalize                            - Undefined Weak Reference
    __sigvec_lookup                           - Undefined Weak Reference
    _atexit_init                              - Undefined Weak Reference
    _call_atexit_fns                          - Undefined Weak Reference
    _clock_init                               - Undefined Weak Reference
    _fp_trap_init                             - Undefined Weak Reference
    _fp_trap_shutdown                         - Undefined Weak Reference
    _get_lc_collate                           - Undefined Weak Reference
    _get_lc_ctype                             - Undefined Weak Reference
    _get_lc_monetary                          - Undefined Weak Reference
    _get_lc_time                              - Undefined Weak Reference
    _getenv_init                              - Undefined Weak Reference
    _handle_redirection                       - Undefined Weak Reference
    _init_alloc                               - Undefined Weak Reference
    _init_user_alloc                          - Undefined Weak Reference
    _initio                                   - Undefined Weak Reference
    _printf_truncate_signed                   - Undefined Weak Reference
    _printf_truncate_unsigned                 - Undefined Weak Reference
    _rand_init                                - Undefined Weak Reference
    _signal_finish                            - Undefined Weak Reference
    _signal_init                              - Undefined Weak Reference
    _terminate_alloc                          - Undefined Weak Reference
    _terminate_user_alloc                     - Undefined Weak Reference
    _terminateio                              - Undefined Weak Reference
    __Vectors_End                            0x000000c0   Data           0  startup_mkl05z4.o(RESET)
    __Vectors_Size                           0x000000c0   Number         0  startup_mkl05z4.o ABSOLUTE
    __main                                   0x000000c1   Thumb Code     8  __main.o(!!!main)
    __scatterload                            0x000000c9   Thumb Code     0  __scatter.o(!!!scatter)
    __scatterload_rt2                        0x000000c9   Thumb Code    52  __scatter.o(!!!scatter)
    __scatterload_rt2_thumb_only             0x000000c9   Thumb Code     0  __scatter.o(!!!scatter)
    __scatterload_null                       0x000000d9   Thumb Code     0  __scatter.o(!!!scatter)
    __scatterload_copy                       0x00000105   Thumb Code    26  __scatter_copy.o(!!handler_copy)
    __scatterload_zeroinit                   0x00000121   Thumb Code    28  __scatter_zi.o(!!handler_zi)
    _printf_percent                          0x0000013d   Thumb Code     0  _printf_percent.o(.ARM.Collect$$_printf_percent$$00000000)
    _printf_f                                0x0000013f   Thumb Code     0  _printf_f.o(.ARM.Collect$$_printf_percent$$00000003)
    _printf_e                                0x00000149   Thumb Code     0  _printf_e.o(.ARM.Collect$$_printf_percent$$00000004)
    _printf_g                                0x00000153   Thumb Code     0  _printf_g.o(.ARM.Collect$$_printf_percent$$00000005)
    _printf_a                                0x0000015d   Thumb Code     0  _printf_a.o(.ARM.Collect$$_printf_percent$$00000006)
    _printf_d                                0x00000167   Thumb Code     0  _printf_d.o(.ARM.Collect$$_printf_percent$$00000009)
    _printf_percent_end                      0x00000171   Thumb Code     0  _printf_percent_end.o(.ARM.Collect$$_printf_percent$$00000017)
    __rt_lib_init                            0x00000175   Thumb Code     0  libinit.o(.ARM.Collect$$libinit$$00000000)
    __rt_lib_init_fp_1                       0x00000177   Thumb Code     0  libinit2.o(.ARM.Collect$$libinit$$00000002)
    __rt_lib_init_heap_1                     0x00000177   Thumb Code     0  libinit2.o(.ARM.Collect$$libinit$$0000000A)
    __rt_lib_init_lc_common                  0x00000177   Thumb Code     0  libinit2.o(.ARM.Collect$$libinit$$0000000F)
    __rt_lib_init_preinit_1                  0x00000177   Thumb Code     0  libinit2.o(.ARM.Collect$$libinit$$00000004)
    __rt_lib_init_rand_1                     0x00000177   Thumb Code     0  libinit2.o(.ARM.Collect$$libinit$$0000000E)
    __rt_lib_init_user_alloc_1               0x00000177   Thumb Code     0  libinit2.o(.ARM.Collect$$libinit$$0000000C)
    __rt_lib_init_lc_collate_1               0x0000017d   Thumb Code     0  libinit2.o(.ARM.Collect$$libinit$$00000011)
    __rt_lib_init_lc_ctype_1                 0x0000017d   Thumb Code     0  libinit2.o(.ARM.Collect$$libinit$$00000013)
    __rt_lib_init_lc_monetary_1              0x0000017d   Thumb Code     0  libinit2.o(.ARM.Collect$$libinit$$00000015)
    __rt_lib_init_lc_numeric_2               0x0000017d   Thumb Code     0  libinit2.o(.ARM.Collect$$libinit$$00000016)
    __rt_lib_init_alloca_1                   0x00000187   Thumb Code     0  libinit2.o(.ARM.Collect$$libinit$$0000002E)
    __rt_lib_init_argv_1                     0x00000187   Thumb Code     0  libinit2.o(.ARM.Collect$$libinit$$0000002C)
    __rt_lib_init_atexit_1                   0x00000187   Thumb Code     0  libinit2.o(.ARM.Collect$$libinit$$0000001B)
    __rt_lib_init_clock_1                    0x00000187   Thumb Code     0  libinit2.o(.ARM.Collect$$libinit$$00000021)
    __rt_lib_init_cpp_1                      0x00000187   Thumb Code     0  libinit2.o(.ARM.Collect$$libinit$$00000032)
    __rt_lib_init_exceptions_1               0x00000187   Thumb Code     0  libinit2.o(.ARM.Collect$$libinit$$00000030)
    __rt_lib_init_fp_trap_1                  0x00000187   Thumb Code     0  libinit2.o(.ARM.Collect$$libinit$$0000001F)
    __rt_lib_init_getenv_1                   0x00000187   Thumb Code     0  libinit2.o(.ARM.Collect$$libinit$$00000023)
    __rt_lib_init_lc_numeric_1               0x00000187   Thumb Code     0  libinit2.o(.ARM.Collect$$libinit$$00000017)
    __rt_lib_init_lc_time_1                  0x00000187   Thumb Code     0  libinit2.o(.ARM.Collect$$libinit$$00000019)
    __rt_lib_init_return                     0x00000187   Thumb Code     0  libinit2.o(.ARM.Collect$$libinit$$00000033)
    __rt_lib_init_signal_1                   0x00000187   Thumb Code     0  libinit2.o(.ARM.Collect$$libinit$$0000001D)
    __rt_lib_init_stdio_1                    0x00000187   Thumb Code     0  libinit2.o(.ARM.Collect$$libinit$$00000025)
    __rt_lib_shutdown                        0x00000189   Thumb Code     0  libshutdown.o(.ARM.Collect$$libshutdown$$00000000)
    __rt_lib_shutdown_cpp_1                  0x0000018b   Thumb Code     0  libshutdown2.o(.ARM.Collect$$libshutdown$$00000002)
    __rt_lib_shutdown_fp_trap_1              0x0000018b   Thumb Code     0  libshutdown2.o(.ARM.Collect$$libshutdown$$00000007)
    __rt_lib_shutdown_heap_1                 0x0000018b   Thumb Code     0  libshutdown2.o(.ARM.Collect$$libshutdown$$0000000F)
    __rt_lib_shutdown_return                 0x0000018b   Thumb Code     0  libshutdown2.o(.ARM.Collect$$libshutdown$$00000010)
    __rt_lib_shutdown_signal_1               0x0000018b   Thumb Code     0  libshutdown2.o(.ARM.Collect$$libshutdown$$0000000A)
    __rt_lib_shutdown_stdio_1                0x0000018b   Thumb Code     0  libshutdown2.o(.ARM.Collect$$libshutdown$$00000004)
    __rt_lib_shutdown_user_alloc_1           0x0000018b   Thumb Code     0  libshutdown2.o(.ARM.Collect$$libshutdown$$0000000C)
    __rt_entry                               0x0000018d   Thumb Code     0  __rtentry.o(.ARM.Collect$$rtentry$$00000000)
    __rt_entry_presh_1                       0x0000018d   Thumb Code     0  __rtentry2.o(.ARM.Collect$$rtentry$$00000002)
    __rt_entry_sh                            0x0000018d   Thumb Code     0  __rtentry4.o(.ARM.Collect$$rtentry$$00000004)
    __rt_entry_li                            0x00000193   Thumb Code     0  __rtentry2.o(.ARM.Collect$$rtentry$$0000000A)
    __rt_entry_postsh_1                      0x00000193   Thumb Code     0  __rtentry2.o(.ARM.Collect$$rtentry$$00000009)
    __rt_entry_main                          0x00000197   Thumb Code     0  __rtentry2.o(.ARM.Collect$$rtentry$$0000000D)
    __rt_entry_postli_1                      0x00000197   Thumb Code     0  __rtentry2.o(.ARM.Collect$$rtentry$$0000000C)
    __rt_exit                                0x0000019f   Thumb Code     0  rtexit.o(.ARM.Collect$$rtexit$$00000000)
    __rt_exit_ls                             0x000001a1   Thumb Code     0  rtexit2.o(.ARM.Collect$$rtexit$$00000003)
    __rt_exit_prels_1                        0x000001a1   Thumb Code     0  rtexit2.o(.ARM.Collect$$rtexit$$00000002)
    __rt_exit_exit                           0x000001a5   Thumb Code     0  rtexit2.o(.ARM.Collect$$rtexit$$00000004)
    Reset_Handler                            0x000001ad   Thumb Code     8  startup_mkl05z4.o(.text)
    NMI_Handler                              0x000001b5   Thumb Code     2  startup_mkl05z4.o(.text)
    HardFault_Handler                        0x000001b7   Thumb Code     2  startup_mkl05z4.o(.text)
    SVC_Handler                              0x000001b9   Thumb Code     2  startup_mkl05z4.o(.text)
    PendSV_Handler                           0x000001bb   Thumb Code     2  startup_mkl05z4.o(.text)
    ADC0_IRQHandler                          0x000001bf   Thumb Code     0  startup_mkl05z4.o(.text)
    CMP0_IRQHandler                          0x000001bf   Thumb Code     0  startup_mkl05z4.o(.text)
    DAC0_IRQHandler                          0x000001bf   Thumb Code     0  startup_mkl05z4.o(.text)
    DMA0_IRQHandler                          0x000001bf   Thumb Code     0  startup_mkl05z4.o(.text)
    DMA1_IRQHandler                          0x000001bf   Thumb Code     0  startup_mkl05z4.o(.text)
    DMA2_IRQHandler                          0x000001bf   Thumb Code     0  startup_mkl05z4.o(.text)
    DMA3_IRQHandler                          0x000001bf   Thumb Code     0  startup_mkl05z4.o(.text)
    DefaultISR                               0x000001bf   Thumb Code     0  startup_mkl05z4.o(.text)
    FTFA_IRQHandler                          0x000001bf   Thumb Code     0  startup_mkl05z4.o(.text)
    I2C0_IRQHandler                          0x000001bf   Thumb Code     0  startup_mkl05z4.o(.text)
    LLW_IRQHandler                           0x000001bf   Thumb Code     0  startup_mkl05z4.o(.text)
    LPTimer_IRQHandler                       0x000001bf   Thumb Code     0  startup_mkl05z4.o(.text)
    LVD_LVW_IRQHandler                       0x000001bf   Thumb Code     0  startup_mkl05z4.o(.text)
    MCG_IRQHandler                           0x000001bf   Thumb Code     0  startup_mkl05z4.o(.text)
    PIT_IRQHandler                           0x000001bf   Thumb Code     0  startup_mkl05z4.o(.text)
    PORTB_IRQHandler                         0x000001bf   Thumb Code     0  startup_mkl05z4.o(.text)
    RTC_IRQHandler                           0x000001bf   Thumb Code     0  startup_mkl05z4.o(.text)
    RTC_Seconds_IRQHandler                   0x000001bf   Thumb Code     0  startup_mkl05z4.o(.text)
    Reserved20_IRQHandler                    0x000001bf   Thumb Code     0  startup_mkl05z4.o(.text)
    Reserved25_IRQHandler                    0x000001bf   Thumb Code     0  startup_mkl05z4.o(.text)
    Reserved27_IRQHandler                    0x000001bf   Thumb Code     0  startup_mkl05z4.o(.text)
    Reserved29_IRQHandler                    0x000001bf   Thumb Code     0  startup_mkl05z4.o(.text)
    Reserved30_IRQHandler                    0x000001bf   Thumb Code     0  startup_mkl05z4.o(.text)
    Reserved35_IRQHandler                    0x000001bf   Thumb Code     0  startup_mkl05z4.o(.text)
    Reserved39_IRQHandler                    0x000001bf   Thumb Code     0  startup_mkl05z4.o(.text)
    Reserved40_IRQHandler                    0x000001bf   Thumb Code     0  startup_mkl05z4.o(.text)
    Reserved45_IRQHandler                    0x000001bf   Thumb Code     0  startup_mkl05z4.o(.text)
    SPI0_IRQHandler                          0x000001bf   Thumb Code     0  startup_mkl05z4.o(.text)
    TPM0_IRQHandler                          0x000001bf   Thumb Code     0  startup_mkl05z4.o(.text)
    TPM1_IRQHandler                          0x000001bf   Thumb Code     0  startup_mkl05z4.o(.text)
    TSI0_IRQHandler                          0x000001bf   Thumb Code     0  startup_mkl05z4.o(.text)
    UART0_IRQHandler                         0x000001bf   Thumb Code     0  startup_mkl05z4.o(.text)
    __user_initial_stackheap                 0x000001c1   Thumb Code     0  startup_mkl05z4.o(.text)
    __2sprintf                               0x000001e1   Thumb Code    36  noretval__2sprintf.o(.text)
    _printf_pre_padding                      0x00000209   Thumb Code    44  _printf_pad.o(.text)
    _printf_post_padding                     0x00000235   Thumb Code    34  _printf_pad.o(.text)
    _printf_int_dec                          0x00000259   Thumb Code    90  _printf_dec.o(.text)
    __use_two_region_memory                  0x000002c5   Thumb Code     2  heapauxi.o(.text)
    __rt_heap_escrow$2region                 0x000002c7   Thumb Code     2  heapauxi.o(.text)
    __rt_heap_expand$2region                 0x000002c9   Thumb Code     2  heapauxi.o(.text)
    __aeabi_f2d                              0x000002cd   Thumb Code     0  f2d.o(.text)
    _f2d                                     0x000002cd   Thumb Code    80  f2d.o(.text)
    __aeabi_f2iz                             0x00000321   Thumb Code     0  ffixi.o(.text)
    _ffix                                    0x00000321   Thumb Code    76  ffixi.o(.text)
    __aeabi_i2f_normalise                    0x0000036d   Thumb Code    72  fflti.o(.text)
    __aeabi_i2f                              0x000003b5   Thumb Code    16  fflti.o(.text)
    _fflt                                    0x000003b5   Thumb Code     0  fflti.o(.text)
    __aeabi_ui2f                             0x000003c5   Thumb Code     6  fflti.o(.text)
    _ffltu                                   0x000003c5   Thumb Code     0  fflti.o(.text)
    _printf_char_common                      0x000003d7   Thumb Code    32  _printf_char_common.o(.text)
    __I$use$semihosting                      0x000003fd   Thumb Code     0  use_no_semi.o(.text)
    __use_no_semihosting_swi                 0x000003fd   Thumb Code     2  use_no_semi.o(.text)
    __I$use$fp                               0x000003fe   Number         0  usenofp.o(x$fpl$usenofp)
    __semihosting_library_function           0x000003ff   Thumb Code     0  indicate_semi.o(.text)
    __printf                                 0x00000411   Thumb Code   386  __printf_flags_ss_wp.o(.text)
    __aeabi_uidivmod                         0x00000599   Thumb Code    28  aeabi_sdivfast.o(.text)
    __aeabi_idivmod                          0x000005b5   Thumb Code   472  aeabi_sdivfast.o(.text)
    __aeabi_fdiv                             0x00000791   Thumb Code     0  fdiv.o(.text)
    _fdiv                                    0x00000791   Thumb Code   334  fdiv.o(.text)
    _frdiv                                   0x000008df   Thumb Code     8  fdiv.o(.text)
    _printf_int_common                       0x000008f1   Thumb Code   176  _printf_intcommon.o(.text)
    _printf_fp_dec_real                      0x00000b3d   Thumb Code   620  _printf_fp_dec.o(.text)
    _printf_fp_hex_real                      0x00000db5   Thumb Code   718  _printf_fp_hex.o(.text)
    _sputc                                   0x0000108d   Thumb Code    10  _sputc.o(.text)
    __rt_udiv10                              0x00001097   Thumb Code    40  rtudiv10.o(.text)
    __rt_locale                              0x000010c1   Thumb Code     8  rt_locale_intlibspace.o(.text)
    _ll_udiv10                               0x000010c9   Thumb Code   122  lludiv10.o(.text)
    _printf_fp_infnan                        0x00001145   Thumb Code   120  _printf_fp_infnan.o(.text)
    _btod_etento                             0x000011cd   Thumb Code   210  bigflt0.o(.text)
    _btod_d2e                                0x000012a5   Thumb Code    64  btod.o(.text)
    _btod_emul                               0x000016d9   Thumb Code    28  btod.o(.text)
    _btod_emuld                              0x000016f5   Thumb Code   144  btod.o(.text)
    _btod_ediv                               0x00001785   Thumb Code    26  btod.o(.text)
    _btod_edivd                              0x0000179f   Thumb Code   124  btod.o(.text)
    __fpl_fcmp_InfNaN                        0x00001825   Thumb Code    96  fcmpin.o(.text)
    __user_libspace                          0x00001889   Thumb Code     8  libspace.o(.text)
    __user_perproc_libspace                  0x00001889   Thumb Code     0  libspace.o(.text)
    __user_perthread_libspace                0x00001889   Thumb Code     0  libspace.o(.text)
    __user_setup_stackheap                   0x00001891   Thumb Code    62  sys_stackheap_outer.o(.text)
    exit                                     0x000018cf   Thumb Code    16  exit.o(.text)
    strcmp                                   0x000018e1   Thumb Code   176  strcmpv6m.o(.text)
    __fpl_cmpreturn                          0x00001991   Thumb Code    46  cmpret.o(.text)
    __fpl_fcheck_NaN2                        0x000019c1   Thumb Code    10  fnan2.o(.text)
    __fpl_return_NaN                         0x000019d1   Thumb Code    94  retnan.o(.text)
    _sys_exit                                0x00001a31   Thumb Code     8  sys_exit.o(.text)
    I2C_Init                                 0x00001a3d   Thumb Code    64  i2c.o(.text.I2C_Init)
    I2C_Ping                                 0x00001a89   Thumb Code    48  i2c.o(.text.I2C_Ping)
    I2C_Read                                 0x00001ab9   Thumb Code    76  i2c.o(.text.I2C_Read)
    I2C_ReadRegBlock                         0x00001b05   Thumb Code   168  i2c.o(.text.I2C_ReadRegBlock)
    I2C_Write                                0x00001bb1   Thumb Code    60  i2c.o(.text.I2C_Write)
    I2C_WriteReg                             0x00001bed   Thumb Code    76  i2c.o(.text.I2C_WriteReg)
    Klaw_Init                                0x00001c3d   Thumb Code    68  main.o(.text.Klaw_Init)
    LCD1602_BF_AC                            0x00001c85   Thumb Code   200  lcd1602.o(.text.LCD1602_BF_AC)
    LCD1602_Backlight                        0x00001d4d   Thumb Code    16  lcd1602.o(.text.LCD1602_Backlight)
    LCD1602_CheckAddress                     0x00001d5d   Thumb Code    40  lcd1602.o(.text.LCD1602_CheckAddress)
    LCD1602_ClearAll                         0x00001d85   Thumb Code    12  lcd1602.o(.text.LCD1602_ClearAll)
    LCD1602_Init                             0x00001d91   Thumb Code    72  lcd1602.o(.text.LCD1602_Init)
    LCD1602_Print                            0x00001ddd   Thumb Code    32  lcd1602.o(.text.LCD1602_Print)
    LCD1602_SetCursor                        0x00001dfd   Thumb Code    30  lcd1602.o(.text.LCD1602_SetCursor)
    LCD1602_Write4                           0x00001e1b   Thumb Code    26  lcd1602.o(.text.LCD1602_Write4)
    LCD1602_Write8                           0x00001e35   Thumb Code    40  lcd1602.o(.text.LCD1602_Write8)
    LED_Init                                 0x00001e5d   Thumb Code    56  main.o(.text.LED_Init)
    PCF8574_Write                            0x00001ea1   Thumb Code    36  lcd1602.o(.text.PCF8574_Write)
    PORTA_IRQHandler                         0x00001ecd   Thumb Code   128  main.o(.text.PORTA_IRQHandler)
    SysTick_Handler                          0x00001f6d   Thumb Code    28  main.o(.text.SysTick_Handler)
    SystemInit                               0x00001f91   Thumb Code    60  system_mkl05z4.o(.text.SystemInit)
    i2c_ack                                  0x00001fed   Thumb Code    12  i2c.o(.text.i2c_ack)
    i2c_clr_IICIF                            0x00001ff9   Thumb Code    12  i2c.o(.text.i2c_clr_IICIF)
    i2c_disable                              0x00002005   Thumb Code    12  i2c.o(.text.i2c_disable)
    i2c_enable                               0x00002011   Thumb Code    12  i2c.o(.text.i2c_enable)
    i2c_m_rstart                             0x0000201d   Thumb Code    20  i2c.o(.text.i2c_m_rstart)
    i2c_m_start                              0x00002035   Thumb Code    12  i2c.o(.text.i2c_m_start)
    i2c_m_stop                               0x00002041   Thumb Code    12  i2c.o(.text.i2c_m_stop)
    i2c_nack                                 0x0000204d   Thumb Code    12  i2c.o(.text.i2c_nack)
    i2c_rec                                  0x00002059   Thumb Code    12  i2c.o(.text.i2c_rec)
    i2c_recv                                 0x00002065   Thumb Code     8  i2c.o(.text.i2c_recv)
    i2c_send                                 0x0000206d   Thumb Code     8  i2c.o(.text.i2c_send)
    i2c_tran                                 0x00002079   Thumb Code    12  i2c.o(.text.i2c_tran)
    i2c_wait                                 0x00002089   Thumb Code    80  i2c.o(.text.i2c_wait)
    i2c_wait_rec                             0x000020d9   Thumb Code    64  i2c.o(.text.i2c_wait_rec)
    main                                     0x00002125   Thumb Code  1016  main.o(.text.main)
    __ARM_common_ll_muluu                    0x000025e1   Thumb Code    48  btod.o(i.__ARM_common_ll_muluu)
    __ARM_fpclassify                         0x00002611   Thumb Code    40  fpclassify.o(i.__ARM_fpclassify)
    __aeabi_fcmpge                           0x0000263d   Thumb Code     0  fcmp.o(i._fgeq)
    _fgeq                                    0x0000263d   Thumb Code    22  fcmp.o(i._fgeq)
    __aeabi_fcmpgt                           0x00002653   Thumb Code     0  fcmp.o(i._fgr)
    _fgr                                     0x00002653   Thumb Code    22  fcmp.o(i._fgr)
    __aeabi_fcmple                           0x00002669   Thumb Code     0  fcmp.o(i._fleq)
    _fleq                                    0x00002669   Thumb Code    26  fcmp.o(i._fleq)
    __aeabi_fcmplt                           0x00002683   Thumb Code     0  fcmp.o(i._fls)
    _fls                                     0x00002683   Thumb Code    22  fcmp.o(i._fls)
    _is_digit                                0x00002699   Thumb Code    14  __printf_wp.o(i._is_digit)
    _get_lc_numeric                          0x000026a9   Thumb Code    44  lc_numeric_c.o(locale$$code)
    __aeabi_fadd                             0x000026d5   Thumb Code     0  faddsub.o(x$fpl$fadd)
    _fadd                                    0x000026d5   Thumb Code   134  faddsub.o(x$fpl$fadd)
    _fcmpge                                  0x00002761   Thumb Code    78  fgef.o(x$fpl$fgeqf)
    __aeabi_cfcmple                          0x000027b5   Thumb Code     0  flef.o(x$fpl$fleqf)
    _fcmple                                  0x000027b5   Thumb Code    78  flef.o(x$fpl$fleqf)
    __aeabi_fmul                             0x00002809   Thumb Code     0  fmul.o(x$fpl$fmul)
    _fmul                                    0x00002809   Thumb Code   172  fmul.o(x$fpl$fmul)
    __aeabi_fsub                             0x000028b9   Thumb Code     0  faddsub.o(x$fpl$fsub)
    _fsub                                    0x000028b9   Thumb Code   204  faddsub.o(x$fpl$fsub)
    _printf_fp_dec                           0x00002989   Thumb Code    16  printf1.o(x$fpl$printf1)
    _printf_fp_hex                           0x00002999   Thumb Code    16  printf2.o(x$fpl$printf2)
    Region$$Table$$Base                      0x00002ac8   Number         0  anon$$obj.o(Region$$Table)
    Region$$Table$$Limit                     0x00002ae8   Number         0  anon$$obj.o(Region$$Table)
    H_max                                    0x1ffffc00   Data           4  main.o(.data.H_max)
    H_min                                    0x1ffffc04   Data           4  main.o(.data.H_min)
    T_max                                    0x1ffffc08   Data           4  main.o(.data.T_max)
    T_min                                    0x1ffffc0c   Data           4  main.o(.data.T_min)
    __libspace_start                         0x1ffffc18   Data          96  libspace.o(.bss)
    S2_press                                 0x1ffffc78   Data           1  main.o(.bss.S2_press)
    __temporary_stack_top$libspace           0x1ffffc78   Data           0  libspace.o(.bss)
    S3_press                                 0x1ffffc79   Data           1  main.o(.bss.S3_press)
    S4_press                                 0x1ffffc7a   Data           1  main.o(.bss.S4_press)
    dummy                                    0x1ffffc7b   Data           1  i2c.o(.bss.dummy)
    mode                                     0x1ffffc7d   Data           1  main.o(.bss.mode)
    sekunda                                  0x1ffffc7f   Data           1  main.o(.bss.sekunda)
    sekunda_OK                               0x1ffffc80   Data           1  main.o(.bss.sekunda_OK)
    ui_idle_sec                              0x1ffffc81   Data           1  main.o(.bss.ui_idle_sec)
    ui_mode                                  0x1ffffc82   Data           1  main.o(.bss.ui_mode)



==============================================================================

Memory Map of the image

  Image Entry point : 0x000001ad

  Load Region LR_1 (Base: 0x00000000, Size: 0x00002b18, Max: 0xffffffff, ABSOLUTE)

    Execution Region ER_RO (Exec base: 0x00000000, Load base: 0x00000000, Size: 0x00002b04, Max: 0xffffffff, ABSOLUTE)

    Exec Addr    Load Addr    Size         Type   Attr      Idx    E Section Name        Object

    0x00000000   0x00000000   0x000000c0   Data   RO          142    RESET               startup_mkl05z4.o
    0x000000c0   0x000000c0   0x00000008   Code   RO          213  * !!!main             c_p.l(__main.o)
    0x000000c8   0x000000c8   0x0000003c   Code   RO          489    !!!scatter          c_p.l(__scatter.o)
    0x00000104   0x00000104   0x0000001a   Code   RO          491    !!handler_copy      c_p.l(__scatter_copy.o)
    0x0000011e   0x0000011e   0x00000002   PAD
    0x00000120   0x00000120   0x0000001c   Code   RO          493    !!handler_zi        c_p.l(__scatter_zi.o)
    0x0000013c   0x0000013c   0x00000002   Code   RO          202    .ARM.Collect$$_printf_percent$$00000000  c_p.l(_printf_percent.o)
    0x0000013e   0x0000013e   0x0000000a   Code   RO          198    .ARM.Collect$$_printf_percent$$00000003  c_p.l(_printf_f.o)
    0x00000148   0x00000148   0x0000000a   Code   RO          199    .ARM.Collect$$_printf_percent$$00000004  c_p.l(_printf_e.o)
    0x00000152   0x00000152   0x0000000a   Code   RO          200    .ARM.Collect$$_printf_percent$$00000005  c_p.l(_printf_g.o)
    0x0000015c   0x0000015c   0x0000000a   Code   RO          201    .ARM.Collect$$_printf_percent$$00000006  c_p.l(_printf_a.o)
    0x00000166   0x00000166   0x0000000a   Code   RO          197    .ARM.Collect$$_printf_percent$$00000009  c_p.l(_printf_d.o)
    0x00000170   0x00000170   0x00000004   Code   RO          270    .ARM.Collect$$_printf_percent$$00000017  c_p.l(_printf_percent_end.o)
    0x00000174   0x00000174   0x00000002   Code   RO          347    .ARM.Collect$$libinit$$00000000  c_p.l(libinit.o)
    0x00000176   0x00000176   0x00000000   Code   RO          349    .ARM.Collect$$libinit$$00000002  c_p.l(libinit2.o)
    0x00000176   0x00000176   0x00000000   Code   RO          351    .ARM.Collect$$libinit$$00000004  c_p.l(libinit2.o)
    0x00000176   0x00000176   0x00000000   Code   RO          354    .ARM.Collect$$libinit$$0000000A  c_p.l(libinit2.o)
    0x00000176   0x00000176   0x00000000   Code   RO          356    .ARM.Collect$$libinit$$0000000C  c_p.l(libinit2.o)
    0x00000176   0x00000176   0x00000000   Code   RO          358    .ARM.Collect$$libinit$$0000000E  c_p.l(libinit2.o)
    0x00000176   0x00000176   0x00000006   Code   RO          359    .ARM.Collect$$libinit$$0000000F  c_p.l(libinit2.o)
    0x0000017c   0x0000017c   0x00000000   Code   RO          361    .ARM.Collect$$libinit$$00000011  c_p.l(libinit2.o)
    0x0000017c   0x0000017c   0x00000000   Code   RO          363    .ARM.Collect$$libinit$$00000013  c_p.l(libinit2.o)
    0x0000017c   0x0000017c   0x00000000   Code   RO          365    .ARM.Collect$$libinit$$00000015  c_p.l(libinit2.o)
    0x0000017c   0x0000017c   0x0000000a   Code   RO          366    .ARM.Collect$$libinit$$00000016  c_p.l(libinit2.o)
    0x00000186   0x00000186   0x00000000   Code   RO          367    .ARM.Collect$$libinit$$00000017  c_p.l(libinit2.o)
    0x00000186   0x00000186   0x00000000   Code   RO          369    .ARM.Collect$$libinit$$00000019  c_p.l(libinit2.o)
    0x00000186   0x00000186   0x00000000   Code   RO          371    .ARM.Collect$$libinit$$0000001B  c_p.l(libinit2.o)
    0x00000186   0x00000186   0x00000000   Code   RO          373    .ARM.Collect$$libinit$$0000001D  c_p.l(libinit2.o)
    0x00000186   0x00000186   0x00000000   Code   RO          375    .ARM.Collect$$libinit$$0000001F  c_p.l(libinit2.o)
    0x00000186   0x00000186   0x00000000   Code   RO          377    .ARM.Collect$$libinit$$00000021  c_p.l(libinit2.o)
    0x00000186   0x00000186   0x00000000   Code   RO          379    .ARM.Collect$$libinit$$00000023  c_p.l(libinit2.o)
    0x00000186   0x00000186   0x00000000   Code   RO          381    .ARM.Collect$$libinit$$00000025  c_p.l(libinit2.o)
    0x00000186   0x00000186   0x00000000   Code   RO          385    .ARM.Collect$$libinit$$0000002C  c_p.l(libinit2.o)
    0x00000186   0x00000186   0x00000000   Code   RO          387    .ARM.Collect$$libinit$$0000002E  c_p.l(libinit2.o)
    0x00000186   0x00000186   0x00000000   Code   RO          389    .ARM.Collect$$libinit$$00000030  c_p.l(libinit2.o)
    0x00000186   0x00000186   0x00000000   Code   RO          391    .ARM.Collect$$libinit$$00000032  c_p.l(libinit2.o)
    0x00000186   0x00000186   0x00000002   Code   RO          392    .ARM.Collect$$libinit$$00000033  c_p.l(libinit2.o)
    0x00000188   0x00000188   0x00000002   Code   RO          454    .ARM.Collect$$libshutdown$$00000000  c_p.l(libshutdown.o)
    0x0000018a   0x0000018a   0x00000000   Code   RO          472    .ARM.Collect$$libshutdown$$00000002  c_p.l(libshutdown2.o)
    0x0000018a   0x0000018a   0x00000000   Code   RO          474    .ARM.Collect$$libshutdown$$00000004  c_p.l(libshutdown2.o)
    0x0000018a   0x0000018a   0x00000000   Code   RO          477    .ARM.Collect$$libshutdown$$00000007  c_p.l(libshutdown2.o)
    0x0000018a   0x0000018a   0x00000000   Code   RO          480    .ARM.Collect$$libshutdown$$0000000A  c_p.l(libshutdown2.o)
    0x0000018a   0x0000018a   0x00000000   Code   RO          482    .ARM.Collect$$libshutdown$$0000000C  c_p.l(libshutdown2.o)
    0x0000018a   0x0000018a   0x00000000   Code   RO          485    .ARM.Collect$$libshutdown$$0000000F  c_p.l(libshutdown2.o)
    0x0000018a   0x0000018a   0x00000002   Code   RO          486    .ARM.Collect$$libshutdown$$00000010  c_p.l(libshutdown2.o)
    0x0000018c   0x0000018c   0x00000000   Code   RO          252    .ARM.Collect$$rtentry$$00000000  c_p.l(__rtentry.o)
    0x0000018c   0x0000018c   0x00000000   Code   RO          281    .ARM.Collect$$rtentry$$00000002  c_p.l(__rtentry2.o)
    0x0000018c   0x0000018c   0x00000006   Code   RO          293    .ARM.Collect$$rtentry$$00000004  c_p.l(__rtentry4.o)
    0x00000192   0x00000192   0x00000000   Code   RO          283    .ARM.Collect$$rtentry$$00000009  c_p.l(__rtentry2.o)
    0x00000192   0x00000192   0x00000004   Code   RO          284    .ARM.Collect$$rtentry$$0000000A  c_p.l(__rtentry2.o)
    0x00000196   0x00000196   0x00000000   Code   RO          286    .ARM.Collect$$rtentry$$0000000C  c_p.l(__rtentry2.o)
    0x00000196   0x00000196   0x00000008   Code   RO          287    .ARM.Collect$$rtentry$$0000000D  c_p.l(__rtentry2.o)
    0x0000019e   0x0000019e   0x00000002   Code   RO          398    .ARM.Collect$$rtexit$$00000000  c_p.l(rtexit.o)
    0x000001a0   0x000001a0   0x00000000   Code   RO          419    .ARM.Collect$$rtexit$$00000002  c_p.l(rtexit2.o)
    0x000001a0   0x000001a0   0x00000004   Code   RO          420    .ARM.Collect$$rtexit$$00000003  c_p.l(rtexit2.o)
    0x000001a4   0x000001a4   0x00000006   Code   RO          421    .ARM.Collect$$rtexit$$00000004  c_p.l(rtexit2.o)
    0x000001aa   0x000001aa   0x00000002   PAD
    0x000001ac   0x000001ac   0x00000034   Code   RO          144  * .text               startup_mkl05z4.o
    0x000001e0   0x000001e0   0x00000028   Code   RO          169    .text               c_p.l(noretval__2sprintf.o)
    0x00000208   0x00000208   0x0000004e   Code   RO          173    .text               c_p.l(_printf_pad.o)
    0x00000256   0x00000256   0x00000002   PAD
    0x00000258   0x00000258   0x0000006c   Code   RO          175    .text               c_p.l(_printf_dec.o)
    0x000002c4   0x000002c4   0x00000006   Code   RO          211    .text               c_p.l(heapauxi.o)
    0x000002ca   0x000002ca   0x00000002   PAD
    0x000002cc   0x000002cc   0x00000054   Code   RO          215    .text               fz_ps.l(f2d.o)
    0x00000320   0x00000320   0x0000004c   Code   RO          238    .text               fz_ps.l(ffixi.o)
    0x0000036c   0x0000036c   0x0000005e   Code   RO          240    .text               fz_ps.l(fflti.o)
    0x000003ca   0x000003ca   0x00000002   PAD
    0x000003cc   0x000003cc   0x00000030   Code   RO          266    .text               c_p.l(_printf_char_common.o)
    0x000003fc   0x000003fc   0x00000002   Code   RO          441    .text               c_p.l(use_no_semi.o)
    0x000003fe   0x000003fe   0x00000000   Code   RO          443    .text               c_p.l(indicate_semi.o)
    0x000003fe   0x000003fe   0x00000000   Code   RO          279    x$fpl$usenofp       fz_ps.l(usenofp.o)
    0x000003fe   0x000003fe   0x00000002   PAD
    0x00000400   0x00000400   0x00000010   Code   RO          143    .ARM.__at_0x400     startup_mkl05z4.o
    0x00000410   0x00000410   0x00000188   Code   RO          194    .text               c_p.l(__printf_flags_ss_wp.o)
    0x00000598   0x00000598   0x000001f8   Code   RO          203    .text               c_p.l(aeabi_sdivfast.o)
    0x00000790   0x00000790   0x00000160   Code   RO          235    .text               fz_ps.l(fdiv.o)
    0x000008f0   0x000008f0   0x000000b0   Code   RO          257    .text               c_p.l(_printf_intcommon.o)
    0x000009a0   0x000009a0   0x00000414   Code   RO          259    .text               c_p.l(_printf_fp_dec.o)
    0x00000db4   0x00000db4   0x000002d8   Code   RO          263    .text               c_p.l(_printf_fp_hex.o)
    0x0000108c   0x0000108c   0x0000000a   Code   RO          268    .text               c_p.l(_sputc.o)
    0x00001096   0x00001096   0x00000028   Code   RO          271    .text               c_p.l(rtudiv10.o)
    0x000010be   0x000010be   0x00000002   PAD
    0x000010c0   0x000010c0   0x00000008   Code   RO          300    .text               c_p.l(rt_locale_intlibspace.o)
    0x000010c8   0x000010c8   0x0000007a   Code   RO          302    .text               c_p.l(lludiv10.o)
    0x00001142   0x00001142   0x00000002   PAD
    0x00001144   0x00001144   0x00000088   Code   RO          304    .text               c_p.l(_printf_fp_infnan.o)
    0x000011cc   0x000011cc   0x000000d8   Code   RO          308    .text               c_p.l(bigflt0.o)
    0x000012a4   0x000012a4   0x00000580   Code   RO          311    .text               c_p.l(btod.o)
    0x00001824   0x00001824   0x00000064   Code   RO          320    .text               fz_ps.l(fcmpin.o)
    0x00001888   0x00001888   0x00000008   Code   RO          326    .text               c_p.l(libspace.o)
    0x00001890   0x00001890   0x0000003e   Code   RO          329    .text               c_p.l(sys_stackheap_outer.o)
    0x000018ce   0x000018ce   0x00000010   Code   RO          334    .text               c_p.l(exit.o)
    0x000018de   0x000018de   0x00000002   PAD
    0x000018e0   0x000018e0   0x000000b0   Code   RO          340    .text               c_p.l(strcmpv6m.o)
    0x00001990   0x00001990   0x0000002e   Code   RO          393    .text               fz_ps.l(cmpret.o)
    0x000019be   0x000019be   0x00000002   PAD
    0x000019c0   0x000019c0   0x00000010   Code   RO          395    .text               fz_ps.l(fnan2.o)
    0x000019d0   0x000019d0   0x0000005e   Code   RO          412    .text               fz_ps.l(retnan.o)
    0x00001a2e   0x00001a2e   0x00000002   PAD
    0x00001a30   0x00001a30   0x0000000c   Code   RO          414    .text               c_p.l(sys_exit.o)
    0x00001a3c   0x00001a3c   0x0000004c   Code   RO           89    .text.I2C_Init      i2c.o
    0x00001a88   0x00001a88   0x00000030   Code   RO           91    .text.I2C_Ping      i2c.o
    0x00001ab8   0x00001ab8   0x0000004c   Code   RO          109    .text.I2C_Read      i2c.o
    0x00001b04   0x00001b04   0x000000ac   Code   RO          127    .text.I2C_ReadRegBlock  i2c.o
    0x00001bb0   0x00001bb0   0x0000003c   Code   RO          107    .text.I2C_Write     i2c.o
    0x00001bec   0x00001bec   0x00000050   Code   RO          119    .text.I2C_WriteReg  i2c.o
    0x00001c3c   0x00001c3c   0x00000048   Code   RO            6    .text.Klaw_Init     main.o
    0x00001c84   0x00001c84   0x000000c8   Code   RO           64    .text.LCD1602_BF_AC  lcd1602.o
    0x00001d4c   0x00001d4c   0x00000010   Code   RO           58    .text.LCD1602_Backlight  lcd1602.o
    0x00001d5c   0x00001d5c   0x00000028   Code   RO           38    .text.LCD1602_CheckAddress  lcd1602.o
    0x00001d84   0x00001d84   0x0000000c   Code   RO           50    .text.LCD1602_ClearAll  lcd1602.o
    0x00001d90   0x00001d90   0x0000004c   Code   RO           36    .text.LCD1602_Init  lcd1602.o
    0x00001ddc   0x00001ddc   0x00000020   Code   RO           52    .text.LCD1602_Print  lcd1602.o
    0x00001dfc   0x00001dfc   0x0000001e   Code   RO           48    .text.LCD1602_SetCursor  lcd1602.o
    0x00001e1a   0x00001e1a   0x0000001a   Code   RO           62    .text.LCD1602_Write4  lcd1602.o
    0x00001e34   0x00001e34   0x00000028   Code   RO           40    .text.LCD1602_Write8  lcd1602.o
    0x00001e5c   0x00001e5c   0x00000044   Code   RO            4    .text.LED_Init      main.o
    0x00001ea0   0x00001ea0   0x0000002c   Code   RO           60    .text.PCF8574_Write  lcd1602.o
    0x00001ecc   0x00001ecc   0x000000a0   Code   RO            8    .text.PORTA_IRQHandler  main.o
    0x00001f6c   0x00001f6c   0x00000024   Code   RO            2    .text.SysTick_Handler  main.o
    0x00001f90   0x00001f90   0x0000004c   Code   RO          153    .text.SystemInit    system_mkl05z4.o
    0x00001fdc   0x00001fdc   0x00000010   Code   RO           10    .text.__NVIC_ClearPendingIRQ  main.o
    0x00001fec   0x00001fec   0x0000000c   Code   RO          129    .text.i2c_ack       i2c.o
    0x00001ff8   0x00001ff8   0x0000000c   Code   RO          123    .text.i2c_clr_IICIF  i2c.o
    0x00002004   0x00002004   0x0000000c   Code   RO          105    .text.i2c_disable   i2c.o
    0x00002010   0x00002010   0x0000000c   Code   RO           93    .text.i2c_enable    i2c.o
    0x0000201c   0x0000201c   0x00000018   Code   RO          125    .text.i2c_m_rstart  i2c.o
    0x00002034   0x00002034   0x0000000c   Code   RO           97    .text.i2c_m_start   i2c.o
    0x00002040   0x00002040   0x0000000c   Code   RO          103    .text.i2c_m_stop    i2c.o
    0x0000204c   0x0000204c   0x0000000c   Code   RO          113    .text.i2c_nack      i2c.o
    0x00002058   0x00002058   0x0000000c   Code   RO          111    .text.i2c_rec       i2c.o
    0x00002064   0x00002064   0x00000008   Code   RO          115    .text.i2c_recv      i2c.o
    0x0000206c   0x0000206c   0x0000000c   Code   RO           99    .text.i2c_send      i2c.o
    0x00002078   0x00002078   0x00000010   Code   RO           95    .text.i2c_tran      i2c.o
    0x00002088   0x00002088   0x00000050   Code   RO          101    .text.i2c_wait      i2c.o
    0x000020d8   0x000020d8   0x0000004c   Code   RO          117    .text.i2c_wait_rec  i2c.o
    0x00002124   0x00002124   0x000004bc   Code   RO           12    .text.main          main.o
    0x000025e0   0x000025e0   0x00000030   Code   RO          313    i.__ARM_common_ll_muluu  c_p.l(btod.o)
    0x00002610   0x00002610   0x0000002c   Code   RO          324    i.__ARM_fpclassify  m_ps.l(fpclassify.o)
    0x0000263c   0x0000263c   0x00000016   Code   RO          224    i._fgeq             fz_ps.l(fcmp.o)
    0x00002652   0x00002652   0x00000016   Code   RO          225    i._fgr              fz_ps.l(fcmp.o)
    0x00002668   0x00002668   0x0000001a   Code   RO          226    i._fleq             fz_ps.l(fcmp.o)
    0x00002682   0x00002682   0x00000016   Code   RO          227    i._fls              fz_ps.l(fcmp.o)
    0x00002698   0x00002698   0x0000000e   Code   RO          187    i._is_digit         c_p.l(__printf_wp.o)
    0x000026a6   0x000026a6   0x00000002   PAD
    0x000026a8   0x000026a8   0x0000002c   Code   RO          318    locale$$code        c_p.l(lc_numeric_c.o)
    0x000026d4   0x000026d4   0x0000008c   Code   RO          217    x$fpl$fadd          fz_ps.l(faddsub.o)
    0x00002760   0x00002760   0x00000054   Code   RO          275    x$fpl$fgeqf         fz_ps.l(fgef.o)
    0x000027b4   0x000027b4   0x00000054   Code   RO          277    x$fpl$fleqf         fz_ps.l(flef.o)
    0x00002808   0x00002808   0x000000b0   Code   RO          242    x$fpl$fmul          fz_ps.l(fmul.o)
    0x000028b8   0x000028b8   0x000000d0   Code   RO          219    x$fpl$fsub          fz_ps.l(faddsub.o)
    0x00002988   0x00002988   0x00000010   Code   RO          244    x$fpl$printf1       fz_ps.l(printf1.o)
    0x00002998   0x00002998   0x00000010   Code   RO          246    x$fpl$printf2       fz_ps.l(printf2.o)
    0x000029a8   0x000029a8   0x00000011   Data   RO          195    .constdata          c_p.l(__printf_flags_ss_wp.o)
    0x000029b9   0x000029b9   0x00000040   Data   RO          236    .constdata          fz_ps.l(fdiv.o)
    0x000029f9   0x000029f9   0x00000026   Data   RO          264    .constdata          c_p.l(_printf_fp_hex.o)
    0x00002a1f   0x00002a1f   0x00000001   PAD
    0x00002a20   0x00002a20   0x00000094   Data   RO          309    .constdata          c_p.l(bigflt0.o)
    0x00002ab4   0x00002ab4   0x00000011   Data   RO           26    .rodata.str1.1      main.o
    0x00002ac5   0x00002ac5   0x00000003   PAD
    0x00002ac8   0x00002ac8   0x00000020   Data   RO          488    Region$$Table       anon$$obj.o
    0x00002ae8   0x00002ae8   0x0000001c   Data   RO          317    locale$$data        c_p.l(lc_numeric_c.o)


    Execution Region ER_RW (Exec base: 0x1ffffc00, Load base: 0x00002b04, Size: 0x00000014, Max: 0xffffffff, ABSOLUTE)

    Exec Addr    Load Addr    Size         Type   Attr      Idx    E Section Name        Object

    0x1ffffc00   0x00002b04   0x00000004   Data   RW           17    .data.H_max         main.o
    0x1ffffc04   0x00002b08   0x00000004   Data   RW           16    .data.H_min         main.o
    0x1ffffc08   0x00002b0c   0x00000004   Data   RW           15    .data.T_max         main.o
    0x1ffffc0c   0x00002b10   0x00000004   Data   RW           14    .data.T_min         main.o
    0x1ffffc10   0x00002b14   0x00000001   Data   RW           79    .data.lcd_backlight  lcd1602.o


    Execution Region ER_ZI (Exec base: 0x1ffffc18, Load base: 0x00002b18, Size: 0x00000170, Max: 0xffffffff, ABSOLUTE)

    Exec Addr    Load Addr    Size         Type   Attr      Idx    E Section Name        Object

    0x1ffffc18        -       0x00000060   Zero   RW          327    .bss                c_p.l(libspace.o)
    0x1ffffc78        -       0x00000001   Zero   RW           18    .bss.S2_press       main.o
    0x1ffffc79        -       0x00000001   Zero   RW           19    .bss.S3_press       main.o
    0x1ffffc7a        -       0x00000001   Zero   RW           20    .bss.S4_press       main.o
    0x1ffffc7b        -       0x00000001   Zero   RW          132    .bss.dummy          i2c.o
    0x1ffffc7c        -       0x00000001   Zero   RW          131    .bss.error          i2c.o
    0x1ffffc7d        -       0x00000001   Zero   RW           21    .bss.mode           main.o
    0x1ffffc7e        -       0x00000001   Zero   RW           80    .bss.pcf_address    lcd1602.o
    0x1ffffc7f        -       0x00000001   Zero   RW           23    .bss.sekunda        main.o
    0x1ffffc80        -       0x00000001   Zero   RW           24    .bss.sekunda_OK     main.o
    0x1ffffc81        -       0x00000001   Zero   RW           25    .bss.ui_idle_sec    main.o
    0x1ffffc82        -       0x00000001   Zero   RW           22    .bss.ui_mode        main.o
    0x1ffffc83   0x00002b18   0x00000005   PAD
    0x1ffffc88        -       0x00000000   Zero   RW          141    HEAP                startup_mkl05z4.o
    0x1ffffc88        -       0x00000100   Zero   RW          140    STACK               startup_mkl05z4.o


==============================================================================

Image component sizes


      Code (inc. data)   RO Data    RW Data    ZI Data      Debug   Object Name

       824         44          0          0          2       5302   i2c.o
       516         12          0          1          1       5294   lcd1602.o
      1564        256         17         16          8       5592   main.o
        68         38        192          0        256        836   startup_mkl05z4.o
        76         16          0          0          0       2329   system_mkl05z4.o

    ----------------------------------------------------------------------
      3048        366        244         20        272      19353   Object Totals
         0          0         32          0          0          0   (incl. Generated)
         0          0          3          3          5          0   (incl. Padding)

    ----------------------------------------------------------------------

      Code (inc. data)   RO Data    RW Data    ZI Data      Debug   Library Member Name

         8          0          0          0          0         68   __main.o
       392          6         17          0          0         76   __printf_flags_ss_wp.o
        14          0          0          0          0         60   __printf_wp.o
         0          0          0          0          0          0   __rtentry.o
        12          0          0          0          0          0   __rtentry2.o
         6          0          0          0          0          0   __rtentry4.o
        60          8          0          0          0          0   __scatter.o
        26          0          0          0          0          0   __scatter_copy.o
        28          0          0          0          0          0   __scatter_zi.o
        10          0          0          0          0          0   _printf_a.o
        48          6          0          0          0         88   _printf_char_common.o
        10          0          0          0          0          0   _printf_d.o
       108         18          0          0          0         76   _printf_dec.o
        10          0          0          0          0          0   _printf_e.o
        10          0          0          0          0          0   _printf_f.o
      1044         12          0          0          0        116   _printf_fp_dec.o
       728         10         38          0          0         84   _printf_fp_hex.o
       136         16          0          0          0         76   _printf_fp_infnan.o
        10          0          0          0          0          0   _printf_g.o
       176          0          0          0          0         84   _printf_intcommon.o
        78          0          0          0          0        100   _printf_pad.o
         2          0          0          0          0          0   _printf_percent.o
         4          0          0          0          0          0   _printf_percent_end.o
        10          0          0          0          0         60   _sputc.o
       504          4          0          0          0         92   aeabi_sdivfast.o
       216          6        148          0          0         80   bigflt0.o
      1456         30          0          0          0        336   btod.o
        16          0          0          0          0         68   exit.o
         6          0          0          0          0        136   heapauxi.o
         0          0          0          0          0          0   indicate_semi.o
        44         10         28          0          0         76   lc_numeric_c.o
         2          0          0          0          0          0   libinit.o
        18          0          0          0          0          0   libinit2.o
         2          0          0          0          0          0   libshutdown.o
         2          0          0          0          0          0   libshutdown2.o
         8          4          0          0         96         68   libspace.o
       122          0          0          0          0         72   lludiv10.o
        40          4          0          0          0         84   noretval__2sprintf.o
         8          4          0          0          0         68   rt_locale_intlibspace.o
         2          0          0          0          0          0   rtexit.o
        10          0          0          0          0          0   rtexit2.o
        40          0          0          0          0         60   rtudiv10.o
       176          4          0          0          0         80   strcmpv6m.o
        12          4          0          0          0         60   sys_exit.o
        62          0          0          0          0         80   sys_stackheap_outer.o
         2          0          0          0          0         68   use_no_semi.o
        46          0          0          0          0         60   cmpret.o
        84          4          0          0          0         60   f2d.o
       348          8          0          0          0        160   faddsub.o
        92          0          0          0          0        272   fcmp.o
       100          4          0          0          0         68   fcmpin.o
       352         10         64          0          0         92   fdiv.o
        76          0          0          0          0         68   ffixi.o
        94          0          0          0          0         92   fflti.o
        84          4          0          0          0         76   fgef.o
        84          4          0          0          0         76   flef.o
       176          4          0          0          0         80   fmul.o
        16          6          0          0          0         68   fnan2.o
        16          4          0          0          0         76   printf1.o
        16          4          0          0          0         76   printf2.o
        94          0          0          0          0         68   retnan.o
         0          0          0          0          0          0   usenofp.o
        44          4          0          0          0         60   fpclassify.o

    ----------------------------------------------------------------------
      7424        202        296          0         96       3768   Library Totals
        24          0          1          0          0          0   (incl. Padding)

    ----------------------------------------------------------------------

      Code (inc. data)   RO Data    RW Data    ZI Data      Debug   Library Name

      5678        146        231          0         96       2316   c_p.l
      1678         52         64          0          0       1392   fz_ps.l
        44          4          0          0          0         60   m_ps.l

    ----------------------------------------------------------------------
      7424        202        296          0         96       3768   Library Totals

    ----------------------------------------------------------------------

==============================================================================


      Code (inc. data)   RO Data    RW Data    ZI Data      Debug   

     10472        568        540         20        368      21121   Grand Totals
     10472        568        540         20        368      21121   ELF Image Totals
     10472        568        540         20          0          0   ROM Totals

==============================================================================

    Total RO  Size (Code + RO Data)                11012 (  10.75kB)
    Total RW  Size (RW Data + ZI Data)               388 (   0.38kB)
    Total ROM Size (Code + RO Data + RW Data)      11032 (  10.77kB)

==============================================================================

